Archive member included because of file (symbol)

/usr/bin/../lib/gcc/arm-none-eabi/4.9.3/../../../../arm-none-eabi/lib/armv7e-m/fpu/libg.a(lib_a-errno.o)
                              /home/jon/dev_src/Reed-Solomon-Packed/build/syscall.o (__errno)
/usr/bin/../lib/gcc/arm-none-eabi/4.9.3/../../../../arm-none-eabi/lib/armv7e-m/fpu/libg.a(lib_a-exit.o)
                              /usr/bin/../lib/gcc/arm-none-eabi/4.9.3/../../../../arm-none-eabi/lib/armv7e-m/fpu/crt0.o (exit)
/usr/bin/../lib/gcc/arm-none-eabi/4.9.3/../../../../arm-none-eabi/lib/armv7e-m/fpu/libg.a(lib_a-impure.o)
                              /usr/bin/../lib/gcc/arm-none-eabi/4.9.3/../../../../arm-none-eabi/lib/armv7e-m/fpu/libg.a(lib_a-exit.o) (_global_impure_ptr)
/usr/bin/../lib/gcc/arm-none-eabi/4.9.3/../../../../arm-none-eabi/lib/armv7e-m/fpu/libg.a(lib_a-init.o)
                              /usr/bin/../lib/gcc/arm-none-eabi/4.9.3/../../../../arm-none-eabi/lib/armv7e-m/fpu/crt0.o (__libc_init_array)
/usr/bin/../lib/gcc/arm-none-eabi/4.9.3/../../../../arm-none-eabi/lib/armv7e-m/fpu/libg.a(lib_a-memcpy.o)
                              /home/jon/dev_src/Reed-Solomon-Packed/build/rs_test.o (memcpy)
/usr/bin/../lib/gcc/arm-none-eabi/4.9.3/../../../../arm-none-eabi/lib/armv7e-m/fpu/libg.a(lib_a-memmove.o)
                              /home/jon/dev_src/Reed-Solomon-Packed/build/rs_test.o (memmove)
/usr/bin/../lib/gcc/arm-none-eabi/4.9.3/../../../../arm-none-eabi/lib/armv7e-m/fpu/libg.a(lib_a-memset.o)
                              /usr/bin/../lib/gcc/arm-none-eabi/4.9.3/../../../../arm-none-eabi/lib/armv7e-m/fpu/crt0.o (memset)
/usr/bin/../lib/gcc/arm-none-eabi/4.9.3/../../../../arm-none-eabi/lib/armv7e-m/fpu/libg.a(lib_a-printf.o)
                              /home/jon/dev_src/Reed-Solomon-Packed/build/rs_test.o (printf)
/usr/bin/../lib/gcc/arm-none-eabi/4.9.3/../../../../arm-none-eabi/lib/armv7e-m/fpu/libg.a(lib_a-puts.o)
                              /home/jon/dev_src/Reed-Solomon-Packed/build/rs_test.o (puts)
/usr/bin/../lib/gcc/arm-none-eabi/4.9.3/../../../../arm-none-eabi/lib/armv7e-m/fpu/libg.a(lib_a-strlen.o)
                              /usr/bin/../lib/gcc/arm-none-eabi/4.9.3/../../../../arm-none-eabi/lib/armv7e-m/fpu/libg.a(lib_a-puts.o) (strlen)
/usr/bin/../lib/gcc/arm-none-eabi/4.9.3/../../../../arm-none-eabi/lib/armv7e-m/fpu/libg.a(lib_a-vfprintf.o)
                              /usr/bin/../lib/gcc/arm-none-eabi/4.9.3/../../../../arm-none-eabi/lib/armv7e-m/fpu/libg.a(lib_a-printf.o) (_vfprintf_r)
/usr/bin/../lib/gcc/arm-none-eabi/4.9.3/../../../../arm-none-eabi/lib/armv7e-m/fpu/libg.a(lib_a-wsetup.o)
                              /usr/bin/../lib/gcc/arm-none-eabi/4.9.3/../../../../arm-none-eabi/lib/armv7e-m/fpu/libg.a(lib_a-vfprintf.o) (__swsetup_r)
/usr/bin/../lib/gcc/arm-none-eabi/4.9.3/../../../../arm-none-eabi/lib/armv7e-m/fpu/libg.a(lib_a-__call_atexit.o)
                              /usr/bin/../lib/gcc/arm-none-eabi/4.9.3/../../../../arm-none-eabi/lib/armv7e-m/fpu/libg.a(lib_a-exit.o) (__call_exitprocs)
/usr/bin/../lib/gcc/arm-none-eabi/4.9.3/../../../../arm-none-eabi/lib/armv7e-m/fpu/libg.a(lib_a-atexit.o)
                              /usr/bin/../lib/gcc/arm-none-eabi/4.9.3/../../../../arm-none-eabi/lib/armv7e-m/fpu/libg.a(lib_a-__call_atexit.o) (atexit)
/usr/bin/../lib/gcc/arm-none-eabi/4.9.3/../../../../arm-none-eabi/lib/armv7e-m/fpu/libg.a(lib_a-dtoa.o)
                              /usr/bin/../lib/gcc/arm-none-eabi/4.9.3/../../../../arm-none-eabi/lib/armv7e-m/fpu/libg.a(lib_a-vfprintf.o) (_dtoa_r)
/usr/bin/../lib/gcc/arm-none-eabi/4.9.3/../../../../arm-none-eabi/lib/armv7e-m/fpu/libg.a(lib_a-fflush.o)
                              /usr/bin/../lib/gcc/arm-none-eabi/4.9.3/../../../../arm-none-eabi/lib/armv7e-m/fpu/libg.a(lib_a-vfprintf.o) (_fflush_r)
/usr/bin/../lib/gcc/arm-none-eabi/4.9.3/../../../../arm-none-eabi/lib/armv7e-m/fpu/libg.a(lib_a-findfp.o)
                              /usr/bin/../lib/gcc/arm-none-eabi/4.9.3/../../../../arm-none-eabi/lib/armv7e-m/fpu/libg.a(lib_a-puts.o) (__sinit)
/usr/bin/../lib/gcc/arm-none-eabi/4.9.3/../../../../arm-none-eabi/lib/armv7e-m/fpu/libg.a(lib_a-fini.o)
                              /usr/bin/../lib/gcc/arm-none-eabi/4.9.3/../../../../arm-none-eabi/lib/armv7e-m/fpu/libg.a(lib_a-__call_atexit.o) (__libc_fini_array)
/usr/bin/../lib/gcc/arm-none-eabi/4.9.3/../../../../arm-none-eabi/lib/armv7e-m/fpu/libg.a(lib_a-freer.o)
                              /usr/bin/../lib/gcc/arm-none-eabi/4.9.3/../../../../arm-none-eabi/lib/armv7e-m/fpu/libg.a(lib_a-wsetup.o) (_free_r)
/usr/bin/../lib/gcc/arm-none-eabi/4.9.3/../../../../arm-none-eabi/lib/armv7e-m/fpu/libg.a(lib_a-fvwrite.o)
                              /usr/bin/../lib/gcc/arm-none-eabi/4.9.3/../../../../arm-none-eabi/lib/armv7e-m/fpu/libg.a(lib_a-puts.o) (__sfvwrite_r)
/usr/bin/../lib/gcc/arm-none-eabi/4.9.3/../../../../arm-none-eabi/lib/armv7e-m/fpu/libg.a(lib_a-fwalk.o)
[...]
Memory Configuration

Name             Origin             Length             Attributes
FLASH            0x0000000008000000 0x0000000000100000 xr
RAM              0x0000000020000000 0x0000000000020000 xrw
CCMRAM           0x0000000010000000 0x0000000000010000 rw
*default*        0x0000000000000000 0xffffffffffffffff

Linker script and memory map

LOAD /usr/bin/../lib/gcc/arm-none-eabi/4.9.3/armv7e-m/fpu/crti.o
LOAD /usr/bin/../lib/gcc/arm-none-eabi/4.9.3/armv7e-m/fpu/crtbegin.o
LOAD /usr/bin/../lib/gcc/arm-none-eabi/4.9.3/../../../../arm-none-eabi/lib/armv7e-m/fpu/crt0.o
LOAD /home/jon/dev_src/Reed-Solomon-Packed/build/rs_test.o
LOAD /home/jon/dev_src/Reed-Solomon-Packed/build/alpha_to.o
LOAD /home/jon/dev_src/Reed-Solomon-Packed/build/genpoly.o
LOAD /home/jon/dev_src/Reed-Solomon-Packed/build/index_of.o
LOAD /home/jon/dev_src/Reed-Solomon-Packed/build/startup_stm32f40_41xxx.o
LOAD /home/jon/dev_src/Reed-Solomon-Packed/build/stm32f4xx_it.o
LOAD /home/jon/dev_src/Reed-Solomon-Packed/build/system_stm32f4xx.o
LOAD /home/jon/dev_src/Reed-Solomon-Packed/build/syscall.o
LOAD /home/jon/dev_src/Reed-Solomon-Packed/build/stm32f4xx_gpio.o
LOAD /home/jon/dev_src/Reed-Solomon-Packed/build/stm32f4xx_rcc.o
LOAD /home/jon/dev_src/Reed-Solomon-Packed/build/stm32f4xx_usart.o
LOAD /home/jon/dev_src/Reed-Solomon-Packed/build/stm32f4xx_rng.o
START GROUP
LOAD /usr/bin/../lib/gcc/arm-none-eabi/4.9.3/armv7e-m/fpu/libgcc.a
LOAD /usr/bin/../lib/gcc/arm-none-eabi/4.9.3/../../../../arm-none-eabi/lib/armv7e-m/fpu/libg.a
LOAD /usr/bin/../lib/gcc/arm-none-eabi/4.9.3/../../../../arm-none-eabi/lib/armv7e-m/fpu/libc.a
END GROUP
LOAD /usr/bin/../lib/gcc/arm-none-eabi/4.9.3/armv7e-m/fpu/crtend.o
LOAD /usr/bin/../lib/gcc/arm-none-eabi/4.9.3/armv7e-m/fpu/crtn.o
                0x000000002001ffff                _estack = 0x2001ffff
                0x0000000000000200                _Min_Heap_Size = 0x200
                0x0000000000000400                _Min_Stack_Size = 0x400

.isr_vector     0x0000000008000000      0x188
                0x0000000008000000                . = ALIGN (0x4)
 *(.isr_vector)
 .isr_vector    0x0000000008000000      0x188 /home/jon/dev_src/Reed-Solomon-Packed/build/startup_stm32f40_41xxx.o
                0x0000000008000000                g_pfnVectors
                0x0000000008000188                . = ALIGN (0x4)

.text           0x00000000080001a0     0xb7a0
                0x00000000080001a0                . = ALIGN (0x4)
 *(.text)
 .text          0x00000000080001a0        0x0 /usr/bin/../lib/gcc/arm-none-eabi/4.9.3/armv7e-m/fpu/crti.o
 .text          0x00000000080001a0       0x5c /usr/bin/../lib/gcc/arm-none-eabi/4.9.3/armv7e-m/fpu/crtbegin.o
 .text          0x00000000080001fc       0x74 /usr/bin/../lib/gcc/arm-none-eabi/4.9.3/../../../../arm-none-eabi/lib/armv7e-m/fpu/crt0.o
                0x00000000080001fc                _mainCRTStartup
                0x00000000080001fc                _start
 .text          0x0000000008000270     0x29b0 /home/jon/dev_src/Reed-Solomon-Packed/build/rs_test.o
                0x0000000008000270                main
                0x0000000008000330                reed_solomon_test
                0x0000000008002be0                random
                0x0000000008002c00                init_RNG
 .text          0x0000000008002c20        0x0 /home/jon/dev_src/Reed-Solomon-Packed/build/alpha_to.o
 .text          0x0000000008002c20        0x0 /home/jon/dev_src/Reed-Solomon-Packed/build/genpoly.o
 .text          0x0000000008002c20        0x0 /home/jon/dev_src/Reed-Solomon-Packed/build/index_of.o
 .text          0x0000000008002c20       0x14 /home/jon/dev_src/Reed-Solomon-Packed/build/startup_stm32f40_41xxx.o
 .text          0x0000000008002c34       0x48 /home/jon/dev_src/Reed-Solomon-Packed/build/stm32f4xx_it.o
                0x0000000008002c34                NMI_Handler
                0x0000000008002c3c                HardFault_Handler
                0x0000000008002c44                MemManage_Handler
                0x0000000008002c4c                BusFault_Handler
                0x0000000008002c54                UsageFault_Handler
                0x0000000008002c5c                SVC_Handler
                0x0000000008002c64                DebugMon_Handler
                0x0000000008002c6c                PendSV_Handler
                0x0000000008002c74                SysTick_Handler
 .text          0x0000000008002c7c      0x254 /home/jon/dev_src/Reed-Solomon-Packed/build/system_stm32f4xx.o
                0x0000000008002c7c                SystemInit
                0x0000000008002ce4                SystemCoreClockUpdate
 .text          0x0000000008002ed0      0x18c /home/jon/dev_src/Reed-Solomon-Packed/build/syscall.o
                0x0000000008002ed0                _read_r
                0x0000000008002ef4                _lseek_r
                0x0000000008002f10                _write_r
                0x0000000008002fa8                _close_r
                0x0000000008002fc0                _sbrk_r
                0x000000000800301c                _fstat_r
                0x0000000008003044                _isatty_r
 .text          0x000000000800305c      0x4d0 /home/jon/dev_src/Reed-Solomon-Packed/build/stm32f4xx_gpio.o
                0x000000000800305c                GPIO_DeInit
                0x00000000080031c0                GPIO_Init
                0x00000000080032dc                GPIO_StructInit
                0x0000000008003310                GPIO_PinLockConfig
                0x0000000008003354                GPIO_ReadInputDataBit
                0x0000000008003388                GPIO_ReadInputData
                0x00000000080033a4                GPIO_ReadOutputDataBit
                0x00000000080033d8                GPIO_ReadOutputData
                0x00000000080033f4                GPIO_SetBits
                0x0000000008003410                GPIO_ResetBits
                0x000000000800342c                GPIO_WriteBit
                0x000000000800345c                GPIO_Write
                0x0000000008003478                GPIO_ToggleBits
                0x000000000800349c                GPIO_PinAFConfig
 .text          0x000000000800352c      0xc74 /home/jon/dev_src/Reed-Solomon-Packed/build/stm32f4xx_rcc.o
                0x000000000800352c                RCC_DeInit
                0x000000000800359c                RCC_HSEConfig
                0x00000000080035c0                RCC_WaitForHSEStartUp
                0x0000000008003610                RCC_AdjustHSICalibrationValue
                0x000000000800364c                RCC_HSICmd
                0x000000000800366c                RCC_LSEConfig
                0x00000000080036ac                RCC_LSICmd
                0x00000000080036cc                RCC_PLLConfig
                0x0000000008003708                RCC_PLLCmd
                0x0000000008003728                RCC_PLLI2SConfig
                0x0000000008003750                RCC_PLLI2SCmd
                0x0000000008003770                RCC_PLLSAIConfig
                0x00000000080037a0                RCC_PLLSAICmd
                0x00000000080037c0                RCC_ClockSecuritySystemCmd
                0x00000000080037e0                RCC_MCO1Config
                0x000000000800381c                RCC_MCO2Config
                0x0000000008003858                RCC_SYSCLKConfig
                0x0000000008003890                RCC_GetSYSCLKSource
                0x00000000080038b0                RCC_HCLKConfig
                0x00000000080038e8                RCC_PCLK1Config
                0x0000000008003920                RCC_PCLK2Config
                0x0000000008003958                RCC_GetClocksFreq
                0x0000000008003aac                RCC_RTCCLKConfig
                0x0000000008003b08                RCC_RTCCLKCmd
                0x0000000008003b28                RCC_BackupResetCmd
                0x0000000008003b48                RCC_I2SCLKConfig
                0x0000000008003b64                RCC_SAIBlockACLKConfig
                0x0000000008003ba0                RCC_SAIBlockBCLKConfig
                0x0000000008003bdc                RCC_SAIPLLI2SClkDivConfig
                0x0000000008003c18                RCC_SAIPLLSAIClkDivConfig
                0x0000000008003c58                RCC_LTDCCLKDivConfig
                0x0000000008003c94                RCC_TIMCLKPresConfig
                0x0000000008003cb0                RCC_AHB1PeriphClockCmd
                0x0000000008003cec                RCC_AHB2PeriphClockCmd
                0x0000000008003d28                RCC_AHB3PeriphClockCmd
                0x0000000008003d64                RCC_APB1PeriphClockCmd
                0x0000000008003da0                RCC_APB2PeriphClockCmd
                0x0000000008003ddc                RCC_AHB1PeriphResetCmd
                0x0000000008003e18                RCC_AHB2PeriphResetCmd
                0x0000000008003e54                RCC_AHB3PeriphResetCmd
                0x0000000008003e90                RCC_APB1PeriphResetCmd
                0x0000000008003ecc                RCC_APB2PeriphResetCmd
                0x0000000008003f08                RCC_AHB1PeriphClockLPModeCmd
                0x0000000008003f44                RCC_AHB2PeriphClockLPModeCmd
                0x0000000008003f80                RCC_AHB3PeriphClockLPModeCmd
                0x0000000008003fbc                RCC_APB1PeriphClockLPModeCmd
                0x0000000008003ff8                RCC_APB2PeriphClockLPModeCmd
                0x0000000008004034                RCC_LSEModeConfig
                0x000000000800406c                RCC_ITConfig
                0x00000000080040b8                RCC_GetFlagStatus
                0x000000000800412c                RCC_ClearFlag
                0x0000000008004148                RCC_GetITStatus
                0x0000000008004180                RCC_ClearITPendingBit
 .text          0x00000000080041a0      0x964 /home/jon/dev_src/Reed-Solomon-Packed/build/stm32f4xx_usart.o
                0x00000000080041a0                USART_DeInit
                0x00000000080042b4                USART_Init
                0x000000000800442c                USART_StructInit
                0x0000000008004464                USART_ClockInit
                0x00000000080044b8                USART_ClockStructInit
                0x00000000080044e4                USART_Cmd
                0x0000000008004524                USART_SetPrescaler
                0x000000000800455c                USART_OverSampling8Cmd
                0x00000000080045a0                USART_OneBitMethodCmd
                0x00000000080045e0                USART_SendData
                0x0000000008004604                USART_ReceiveData
                0x0000000008004624                USART_SetAddress
                0x000000000800465c                USART_ReceiverWakeUpCmd
                0x000000000800469c                USART_WakeUpConfig
                0x00000000080046d4                USART_LINBreakDetectLengthConfig
                0x000000000800470c                USART_LINCmd
                0x000000000800474c                USART_SendBreak
                0x0000000008004770                USART_HalfDuplexCmd
                0x00000000080047b0                USART_SetGuardTime
                0x00000000080047ec                USART_SmartCardCmd
                0x000000000800482c                USART_SmartCardNACKCmd
                0x000000000800486c                USART_IrDAConfig
                0x00000000080048a4                USART_IrDACmd
                0x00000000080048e4                USART_DMACmd
                0x000000000800492c                USART_ITConfig
                0x00000000080049bc                USART_GetFlagStatus
                0x00000000080049f4                USART_ClearFlag
                0x0000000008004a14                USART_GetITStatus
                0x0000000008004acc                USART_ClearITPendingBit
 .text          0x0000000008004b04      0x158 /home/jon/dev_src/Reed-Solomon-Packed/build/stm32f4xx_rng.o
                0x0000000008004b04                RNG_DeInit
                0x0000000008004b1c                RNG_Cmd
                0x0000000008004b54                RNG_GetRandomNumber
                0x0000000008004b6c                RNG_ITConfig
                0x0000000008004ba4                RNG_GetFlagStatus
                0x0000000008004bdc                RNG_ClearFlag
                0x0000000008004c00                RNG_GetITStatus
                0x0000000008004c38                RNG_ClearITPendingBit
 .text          0x0000000008004c5c        0x0 /usr/bin/../lib/gcc/arm-none-eabi/4.9.3/../../../../arm-none-eabi/lib/armv7e-m/fpu/libg.a(lib_a-errno.o)
 .text          0x0000000008004c5c        0x0 /usr/bin/../lib/gcc/arm-none-eabi/4.9.3/../../../../arm-none-eabi/lib/armv7e-m/fpu/libg.a(lib_a-exit.o)
 .text          0x0000000008004c5c        0x0 /usr/bin/../lib/gcc/arm-none-eabi/4.9.3/../../../../arm-none-eabi/lib/armv7e-m/fpu/libg.a(lib_a-impure.o)
 .text          0x0000000008004c5c        0x0 /usr/bin/../lib/gcc/arm-none-eabi/4.9.3/../../../../arm-none-eabi/lib/armv7e-m/fpu/libg.a(lib_a-init.o)
 .text          0x0000000008004c5c      0x134 /usr/bin/../lib/gcc/arm-none-eabi/4.9.3/../../../../arm-none-eabi/lib/armv7e-m/fpu/libg.a(lib_a-memcpy.o)
                0x0000000008004c5c                memcpy
 .text          0x0000000008004d90        0x0 /usr/bin/../lib/gcc/arm-none-eabi/4.9.3/../../../../arm-none-eabi/lib/armv7e-m/fpu/libg.a(lib_a-memmove.o)
 .text          0x0000000008004d90        0x0 /usr/bin/../lib/gcc/arm-none-eabi/4.9.3/../../../../arm-none-eabi/lib/armv7e-m/fpu/libg.a(lib_a-memset.o)
 .text          0x0000000008004d90        0x0 /usr/bin/../lib/gcc/arm-none-eabi/4.9.3/../../../../arm-none-eabi/lib/armv7e-m/fpu/libg.a(lib_a-printf.o)
 .text          0x0000000008004d90        0x0 /usr/bin/../lib/gcc/arm-none-eabi/4.9.3/../../../../arm-none-eabi/lib/armv7e-m/fpu/libg.a(lib_a-puts.o)
 .text          0x0000000008004d90        0x0 /usr/bin/../lib/gcc/arm-none-eabi/4.9.3/../../../../arm-none-eabi/lib/armv7e-m/fpu/libg.a(lib_a-strlen.o)
 .text          0x0000000008004d90        0x0 /usr/bin/../lib/gcc/arm-none-eabi/4.9.3/../../../../arm-none-eabi/lib/armv7e-m/fpu/libg.a(lib_a-vfprintf.o)
 .text          0x0000000008004d90        0x0 /usr/bin/../lib/gcc/arm-none-eabi/4.9.3/../../../../arm-none-eabi/lib/armv7e-m/fpu/libg.a(lib_a-wsetup.o)
 .text          0x0000000008004d90        0x0 /usr/bin/../lib/gcc/arm-none-eabi/4.9.3/../../../../arm-none-eabi/lib/armv7e-m/fpu/libg.a(lib_a-__call_atexit.o)
 .text          0x0000000008004d90        0x0 /usr/bin/../lib/gcc/arm-none-eabi/4.9.3/../../../../arm-none-eabi/lib/armv7e-m/fpu/libg.a(lib_a-atexit.o)
 .text          0x0000000008004d90        0x0 /usr/bin/../lib/gcc/arm-none-eabi/4.9.3/../../../../arm-none-eabi/lib/armv7e-m/fpu/libg.a(lib_a-dtoa.o)
 .text          0x0000000008004d90        0x0 /usr/bin/../lib/gcc/arm-none-eabi/4.9.3/../../../../arm-none-eabi/lib/armv7e-m/fpu/libg.a(lib_a-fflush.o)
 .text          0x0000000008004d90        0x0 /usr/bin/../lib/gcc/arm-none-eabi/4.9.3/../../../../arm-none-eabi/lib/armv7e-m/fpu/libg.a(lib_a-findfp.o)
 .text          0x0000000008004d90        0x0 /usr/bin/../lib/gcc/arm-none-eabi/4.9.3/../../../../arm-none-eabi/lib/armv7e-m/fpu/libg.a(lib_a-fini.o)
 .text          0x0000000008004d90        0x0 /usr/bin/../lib/gcc/arm-none-eabi/4.9.3/../../../../arm-none-eabi/lib/armv7e-m/fpu/libg.a(lib_a-freer.o)
 .text          0x0000000008004d90        0x0 /usr/bin/../lib/gcc/arm-none-eabi/4.9.3/../../../../arm-none-eabi/lib/armv7e-m/fpu/libg.a(lib_a-fvwrite.o)
 .text          0x0000000008004d90        0x0 /usr/bin/../lib/gcc/arm-none-eabi/4.9.3/../../../../arm-none-eabi/lib/armv7e-m/fpu/libg.a(lib_a-fwalk.o)
 .text          0x0000000008004d90        0x0 /usr/bin/../lib/gcc/arm-none-eabi/4.9.3/../../../../arm-none-eabi/lib/armv7e-m/fpu/libg.a(lib_a-locale.o)
 .text          0x0000000008004d90        0x0 /usr/bin/../lib/gcc/arm-none-eabi/4.9.3/../../../../arm-none-eabi/lib/armv7e-m/fpu/libg.a(lib_a-makebuf.o)
 .text          0x0000000008004d90        0x0 /usr/bin/../lib/gcc/arm-none-eabi/4.9.3/../../../../arm-none-eabi/lib/armv7e-m/fpu/libg.a(lib_a-mallocr.o)
 .text          0x0000000008004d90        0x0 /usr/bin/../lib/gcc/arm-none-eabi/4.9.3/../../../../arm-none-eabi/lib/armv7e-m/fpu/libg.a(lib_a-memchr.o)
 .text          0x0000000008004d90        0x0 /usr/bin/../lib/gcc/arm-none-eabi/4.9.3/../../../../arm-none-eabi/lib/armv7e-m/fpu/libg.a(lib_a-mlock.o)
 .text          0x0000000008004d90        0x0 /usr/bin/../lib/gcc/arm-none-eabi/4.9.3/../../../../arm-none-eabi/lib/armv7e-m/fpu/libg.a(lib_a-mprec.o)
 .text          0x0000000008004d90        0x0 /usr/bin/../lib/gcc/arm-none-eabi/4.9.3/../../../../arm-none-eabi/lib/armv7e-m/fpu/libg.a(lib_a-reallocr.o)
 .text          0x0000000008004d90        0x0 /usr/bin/../lib/gcc/arm-none-eabi/4.9.3/../../../../arm-none-eabi/lib/armv7e-m/fpu/libg.a(lib_a-s_fpclassify.o)
 .text          0x0000000008004d90        0x0 /usr/bin/../lib/gcc/arm-none-eabi/4.9.3/../../../../arm-none-eabi/lib/armv7e-m/fpu/libg.a(lib_a-stdio.o)
 *fill*         0x0000000008004d90       0x10 
 .text          0x0000000008004da0      0x2dc /usr/bin/../lib/gcc/arm-none-eabi/4.9.3/../../../../arm-none-eabi/lib/armv7e-m/fpu/libg.a(lib_a-strcmp.o)
                0x0000000008004da8                strcmp
 .text          0x000000000800507c        0x0 /usr/bin/../lib/gcc/arm-none-eabi/4.9.3/../../../../arm-none-eabi/lib/armv7e-m/fpu/libg.a(lib_a-vfiprintf.o)
 .text          0x000000000800507c        0x0 /usr/bin/../lib/gcc/arm-none-eabi/4.9.3/../../../../arm-none-eabi/lib/armv7e-m/fpu/libg.a(lib_a-__atexit.o)
 .text          0x000000000800507c        0x0 /usr/bin/../lib/gcc/arm-none-eabi/4.9.3/../../../../arm-none-eabi/lib/armv7e-m/fpu/libg.a(lib_a-callocr.o)
 .text          0x000000000800507c        0x0 /usr/bin/../lib/gcc/arm-none-eabi/4.9.3/../../../../arm-none-eabi/lib/armv7e-m/fpu/libg.a(lib_a-fclose.o)
 .text          0x000000000800507c        0x0 /usr/bin/../lib/gcc/arm-none-eabi/4.9.3/../../../../arm-none-eabi/lib/armv7e-m/fpu/libg.a(lib_a-fputwc.o)
 .text          0x000000000800507c        0x0 /usr/bin/../lib/gcc/arm-none-eabi/4.9.3/../../../../arm-none-eabi/lib/armv7e-m/fpu/libg.a(lib_a-wbuf.o)
 .text          0x000000000800507c        0x0 /usr/bin/../lib/gcc/arm-none-eabi/4.9.3/../../../../arm-none-eabi/lib/armv7e-m/fpu/libg.a(lib_a-wcrtomb.o)
 .text          0x000000000800507c        0x0 /usr/bin/../lib/gcc/arm-none-eabi/4.9.3/../../../../arm-none-eabi/lib/armv7e-m/fpu/libg.a(lib_a-wctomb_r.o)
 .text          0x000000000800507c      0x370 /usr/bin/../lib/gcc/arm-none-eabi/4.9.3/armv7e-m/fpu/libgcc.a(_arm_addsubdf3.o)
                0x000000000800507c                __aeabi_drsub
                0x0000000008005084                __aeabi_dsub
                0x0000000008005084                __subdf3
                0x0000000008005088                __adddf3
                0x0000000008005088                __aeabi_dadd
                0x0000000008005300                __aeabi_ui2d
                0x0000000008005300                __floatunsidf
                0x0000000008005320                __floatsidf
                0x0000000008005320                __aeabi_i2d
                0x0000000008005344                __extendsfdf2
                0x0000000008005344                __aeabi_f2d
                0x0000000008005380                __aeabi_ul2d
                0x0000000008005380                __floatundidf
                0x0000000008005390                __floatdidf
                0x0000000008005390                __aeabi_l2d
 .text          0x00000000080053ec      0x424 /usr/bin/../lib/gcc/arm-none-eabi/4.9.3/armv7e-m/fpu/libgcc.a(_arm_muldivdf3.o)
                0x00000000080053ec                __aeabi_dmul
                0x00000000080053ec                __muldf3
                0x0000000008005640                __aeabi_ddiv
                0x0000000008005640                __divdf3
 .text          0x0000000008005810      0x110 /usr/bin/../lib/gcc/arm-none-eabi/4.9.3/armv7e-m/fpu/libgcc.a(_arm_cmpdf2.o)
                0x0000000008005810                __gtdf2
                0x0000000008005810                __gedf2
                0x0000000008005818                __ltdf2
                0x0000000008005818                __ledf2
                0x0000000008005820                __cmpdf2
                0x0000000008005820                __eqdf2
                0x0000000008005820                __nedf2
                0x000000000800589c                __aeabi_cdrcmple
                0x00000000080058ac                __aeabi_cdcmple
                0x00000000080058ac                __aeabi_cdcmpeq
                0x00000000080058bc                __aeabi_dcmpeq
                0x00000000080058d0                __aeabi_dcmplt
                0x00000000080058e4                __aeabi_dcmple
                0x00000000080058f8                __aeabi_dcmpge
                0x000000000800590c                __aeabi_dcmpgt
 .text          0x0000000008005920       0x50 /usr/bin/../lib/gcc/arm-none-eabi/4.9.3/armv7e-m/fpu/libgcc.a(_arm_fixdfsi.o)
                0x0000000008005920                __fixdfsi
                0x0000000008005920                __aeabi_d2iz
 .text          0x0000000008005970       0x30 /usr/bin/../lib/gcc/arm-none-eabi/4.9.3/armv7e-m/fpu/libgcc.a(_aeabi_uldivmod.o)
                0x0000000008005970                __aeabi_uldivmod
 .text          0x00000000080059a0       0x60 /usr/bin/../lib/gcc/arm-none-eabi/4.9.3/armv7e-m/fpu/libgcc.a(bpabi.o)
                0x00000000080059a0                __gnu_ldivmod_helper
                0x00000000080059d0                __gnu_uldivmod_helper
 .text          0x0000000008005a00        0x4 /usr/bin/../lib/gcc/arm-none-eabi/4.9.3/armv7e-m/fpu/libgcc.a(_dvmd_tls.o)
                0x0000000008005a00                __aeabi_ldiv0
                0x0000000008005a00                __aeabi_idiv0
 .text          0x0000000008005a04      0x29c /usr/bin/../lib/gcc/arm-none-eabi/4.9.3/armv7e-m/fpu/libgcc.a(_divdi3.o)
                0x0000000008005a04                __divdi3
 .text          0x0000000008005ca0      0x26c /usr/bin/../lib/gcc/arm-none-eabi/4.9.3/armv7e-m/fpu/libgcc.a(_udivdi3.o)
                0x0000000008005ca0                __udivdi3
 .text          0x0000000008005f0c        0x0 /usr/bin/../lib/gcc/arm-none-eabi/4.9.3/armv7e-m/fpu/crtend.o
 .text          0x0000000008005f0c        0x0 /usr/bin/../lib/gcc/arm-none-eabi/4.9.3/armv7e-m/fpu/crtn.o
                0x0000000008005f0c                _exit = .
 *(.text.Default_Handler)
 .text.Default_Handler
                0x0000000008005f0c        0x2 /home/jon/dev_src/Reed-Solomon-Packed/build/startup_stm32f40_41xxx.o
                0x0000000008005f0c                RTC_Alarm_IRQHandler
                0x0000000008005f0c                HASH_RNG_IRQHandler
                0x0000000008005f0c                EXTI2_IRQHandler
                0x0000000008005f0c                TIM8_CC_IRQHandler
                0x0000000008005f0c                TIM1_CC_IRQHandler
                0x0000000008005f0c                DMA2_Stream5_IRQHandler
                0x0000000008005f0c                DMA1_Stream5_IRQHandler
                0x0000000008005f0c                PVD_IRQHandler
                0x0000000008005f0c                SDIO_IRQHandler
                0x0000000008005f0c                TAMP_STAMP_IRQHandler
                0x0000000008005f0c                CAN2_RX1_IRQHandler
                0x0000000008005f0c                EXTI3_IRQHandler
                0x0000000008005f0c                TIM8_TRG_COM_TIM14_IRQHandler
                0x0000000008005f0c                TIM1_UP_TIM10_IRQHandler
                0x0000000008005f0c                TIM8_UP_TIM13_IRQHandler
                0x0000000008005f0c                I2C3_ER_IRQHandler
                0x0000000008005f0c                EXTI0_IRQHandler
                0x0000000008005f0c                I2C2_EV_IRQHandler
                0x0000000008005f0c                DMA1_Stream2_IRQHandler
                0x0000000008005f0c                CAN1_RX0_IRQHandler
                0x0000000008005f0c                FPU_IRQHandler
                0x0000000008005f0c                OTG_HS_WKUP_IRQHandler
                0x0000000008005f0c                CAN2_SCE_IRQHandler
                0x0000000008005f0c                DMA2_Stream2_IRQHandler
                0x0000000008005f0c                SPI1_IRQHandler
                0x0000000008005f0c                TIM6_DAC_IRQHandler
                0x0000000008005f0c                TIM1_BRK_TIM9_IRQHandler
                0x0000000008005f0c                DCMI_IRQHandler
                0x0000000008005f0c                CAN2_RX0_IRQHandler
                0x0000000008005f0c                DMA2_Stream3_IRQHandler
                0x0000000008005f0c                USART6_IRQHandler
                0x0000000008005f0c                USART3_IRQHandler
                0x0000000008005f0c                CRYP_IRQHandler
                0x0000000008005f0c                CAN1_RX1_IRQHandler
                0x0000000008005f0c                UART5_IRQHandler
                0x0000000008005f0c                DMA2_Stream0_IRQHandler
                0x0000000008005f0c                TIM4_IRQHandler
                0x0000000008005f0c                I2C1_EV_IRQHandler
                0x0000000008005f0c                DMA1_Stream6_IRQHandler
                0x0000000008005f0c                DMA1_Stream1_IRQHandler
                0x0000000008005f0c                UART4_IRQHandler
                0x0000000008005f0c                TIM3_IRQHandler
                0x0000000008005f0c                RCC_IRQHandler
                0x0000000008005f0c                TIM8_BRK_TIM12_IRQHandler
                0x0000000008005f0c                Default_Handler
                0x0000000008005f0c                EXTI15_10_IRQHandler
                0x0000000008005f0c                ADC_IRQHandler
                0x0000000008005f0c                DMA1_Stream7_IRQHandler
                0x0000000008005f0c                TIM7_IRQHandler
                0x0000000008005f0c                CAN2_TX_IRQHandler
                0x0000000008005f0c                TIM5_IRQHandler
                0x0000000008005f0c                DMA2_Stream7_IRQHandler
                0x0000000008005f0c                I2C3_EV_IRQHandler
                0x0000000008005f0c                EXTI9_5_IRQHandler
                0x0000000008005f0c                RTC_WKUP_IRQHandler
                0x0000000008005f0c                ETH_WKUP_IRQHandler
                0x0000000008005f0c                SPI2_IRQHandler
                0x0000000008005f0c                OTG_HS_EP1_IN_IRQHandler
                0x0000000008005f0c                DMA1_Stream0_IRQHandler
                0x0000000008005f0c                CAN1_TX_IRQHandler
                0x0000000008005f0c                EXTI4_IRQHandler
                0x0000000008005f0c                FSMC_IRQHandler
                0x0000000008005f0c                ETH_IRQHandler
                0x0000000008005f0c                OTG_HS_EP1_OUT_IRQHandler
                0x0000000008005f0c                WWDG_IRQHandler
                0x0000000008005f0c                TIM2_IRQHandler
                0x0000000008005f0c                OTG_FS_WKUP_IRQHandler
                0x0000000008005f0c                TIM1_TRG_COM_TIM11_IRQHandler
                0x0000000008005f0c                OTG_HS_IRQHandler
                0x0000000008005f0c                EXTI1_IRQHandler
                0x0000000008005f0c                USART2_IRQHandler
                0x0000000008005f0c                I2C2_ER_IRQHandler
                0x0000000008005f0c                DMA2_Stream1_IRQHandler
                0x0000000008005f0c                CAN1_SCE_IRQHandler
                0x0000000008005f0c                FLASH_IRQHandler
                0x0000000008005f0c                DMA2_Stream4_IRQHandler
                0x0000000008005f0c                USART1_IRQHandler
                0x0000000008005f0c                OTG_FS_IRQHandler
                0x0000000008005f0c                SPI3_IRQHandler
                0x0000000008005f0c                DMA1_Stream4_IRQHandler
                0x0000000008005f0c                I2C1_ER_IRQHandler
                0x0000000008005f0c                DMA2_Stream6_IRQHandler
                0x0000000008005f0c                DMA1_Stream3_IRQHandler
 *(.text*)
 *fill*         0x0000000008005f0e        0x2 
 .text.Reset_Handler
                0x0000000008005f10       0x48 /home/jon/dev_src/Reed-Solomon-Packed/build/startup_stm32f40_41xxx.o
                0x0000000008005f10                Reset_Handler
 .text.__errno  0x0000000008005f58        0xc /usr/bin/../lib/gcc/arm-none-eabi/4.9.3/../../../../arm-none-eabi/lib/armv7e-m/fpu/libg.a(lib_a-errno.o)
                0x0000000008005f58                __errno
 .text.exit     0x0000000008005f64       0x20 /usr/bin/../lib/gcc/arm-none-eabi/4.9.3/../../../../arm-none-eabi/lib/armv7e-m/fpu/libg.a(lib_a-exit.o)
                0x0000000008005f64                exit
 .text.__libc_init_array
                0x0000000008005f84       0x50 /usr/bin/../lib/gcc/arm-none-eabi/4.9.3/../../../../arm-none-eabi/lib/armv7e-m/fpu/libg.a(lib_a-init.o)
                0x0000000008005f84                __libc_init_array
 .text.memmove  0x0000000008005fd4       0xc8 /usr/bin/../lib/gcc/arm-none-eabi/4.9.3/../../../../arm-none-eabi/lib/armv7e-m/fpu/libg.a(lib_a-memmove.o)
                0x0000000008005fd4                memmove
 .text.memset   0x000000000800609c       0x9c /usr/bin/../lib/gcc/arm-none-eabi/4.9.3/../../../../arm-none-eabi/lib/armv7e-m/fpu/libg.a(lib_a-memset.o)
                0x000000000800609c                memset
 .text._printf_r
                0x0000000008006138       0x20 /usr/bin/../lib/gcc/arm-none-eabi/4.9.3/../../../../arm-none-eabi/lib/armv7e-m/fpu/libg.a(lib_a-printf.o)
                0x0000000008006138                _printf_r
 .text.printf   0x0000000008006158       0x28 /usr/bin/../lib/gcc/arm-none-eabi/4.9.3/../../../../arm-none-eabi/lib/armv7e-m/fpu/libg.a(lib_a-printf.o)
                0x0000000008006158                printf
 .text._puts_r  0x0000000008006180       0x64 /usr/bin/../lib/gcc/arm-none-eabi/4.9.3/../../../../arm-none-eabi/lib/armv7e-m/fpu/libg.a(lib_a-puts.o)
                0x0000000008006180                _puts_r
 .text.puts     0x00000000080061e4       0x10 /usr/bin/../lib/gcc/arm-none-eabi/4.9.3/../../../../arm-none-eabi/lib/armv7e-m/fpu/libg.a(lib_a-puts.o)
                0x00000000080061e4                puts
 .text.strlen   0x00000000080061f4       0x5c /usr/bin/../lib/gcc/arm-none-eabi/4.9.3/../../../../arm-none-eabi/lib/armv7e-m/fpu/libg.a(lib_a-strlen.o)
                0x00000000080061f4                strlen
 .text._vfprintf_r
                0x0000000008006250     0x1424 /usr/bin/../lib/gcc/arm-none-eabi/4.9.3/../../../../arm-none-eabi/lib/armv7e-m/fpu/libg.a(lib_a-vfprintf.o)
                0x0000000008006250                _vfprintf_r
 .text.vfprintf
                0x0000000008007674       0x18 /usr/bin/../lib/gcc/arm-none-eabi/4.9.3/../../../../arm-none-eabi/lib/armv7e-m/fpu/libg.a(lib_a-vfprintf.o)
                0x0000000008007674                vfprintf
 .text.__sbprintf
                0x000000000800768c       0x78 /usr/bin/../lib/gcc/arm-none-eabi/4.9.3/../../../../arm-none-eabi/lib/armv7e-m/fpu/libg.a(lib_a-vfprintf.o)
 .text.__swsetup_r
                0x0000000008007704       0xc4 /usr/bin/../lib/gcc/arm-none-eabi/4.9.3/../../../../arm-none-eabi/lib/armv7e-m/fpu/libg.a(lib_a-wsetup.o)
                0x0000000008007704                __swsetup_r
 .text.startup.register_fini
                0x00000000080077c8       0x14 /usr/bin/../lib/gcc/arm-none-eabi/4.9.3/../../../../arm-none-eabi/lib/armv7e-m/fpu/libg.a(lib_a-__call_atexit.o)
 .text.__call_exitprocs
                0x00000000080077dc       0xd4 /usr/bin/../lib/gcc/arm-none-eabi/4.9.3/../../../../arm-none-eabi/lib/armv7e-m/fpu/libg.a(lib_a-__call_atexit.o)
                0x00000000080077dc                __call_exitprocs
 .text.atexit   0x00000000080078b0        0xc /usr/bin/../lib/gcc/arm-none-eabi/4.9.3/../../../../arm-none-eabi/lib/armv7e-m/fpu/libg.a(lib_a-atexit.o)
                0x00000000080078b0                atexit
 .text.quorem   0x00000000080078bc      0x12c /usr/bin/../lib/gcc/arm-none-eabi/4.9.3/../../../../arm-none-eabi/lib/armv7e-m/fpu/libg.a(lib_a-dtoa.o)
 .text._dtoa_r  0x00000000080079e8      0xea4 /usr/bin/../lib/gcc/arm-none-eabi/4.9.3/../../../../arm-none-eabi/lib/armv7e-m/fpu/libg.a(lib_a-dtoa.o)
                0x00000000080079e8                _dtoa_r
 .text.__sflush_r
                0x000000000800888c      0x154 /usr/bin/../lib/gcc/arm-none-eabi/4.9.3/../../../../arm-none-eabi/lib/armv7e-m/fpu/libg.a(lib_a-fflush.o)
                0x000000000800888c                __sflush_r
 .text._fflush_r
                0x00000000080089e0       0x2c /usr/bin/../lib/gcc/arm-none-eabi/4.9.3/../../../../arm-none-eabi/lib/armv7e-m/fpu/libg.a(lib_a-fflush.o)
                0x00000000080089e0                _fflush_r
 .text.fflush   0x0000000008008a0c       0x24 /usr/bin/../lib/gcc/arm-none-eabi/4.9.3/../../../../arm-none-eabi/lib/armv7e-m/fpu/libg.a(lib_a-fflush.o)
                0x0000000008008a0c                fflush
 .text.__fp_lock
                0x0000000008008a30        0x4 /usr/bin/../lib/gcc/arm-none-eabi/4.9.3/../../../../arm-none-eabi/lib/armv7e-m/fpu/libg.a(lib_a-findfp.o)
 .text.__fp_unlock
                0x0000000008008a34        0x4 /usr/bin/../lib/gcc/arm-none-eabi/4.9.3/../../../../arm-none-eabi/lib/armv7e-m/fpu/libg.a(lib_a-findfp.o)
 .text._cleanup_r
                0x0000000008008a38        0xc /usr/bin/../lib/gcc/arm-none-eabi/4.9.3/../../../../arm-none-eabi/lib/armv7e-m/fpu/libg.a(lib_a-findfp.o)
                0x0000000008008a38                _cleanup_r
 .text.__sinit.part.1
                0x0000000008008a44       0xf0 /usr/bin/../lib/gcc/arm-none-eabi/4.9.3/../../../../arm-none-eabi/lib/armv7e-m/fpu/libg.a(lib_a-findfp.o)
 .text.__sfmoreglue
                0x0000000008008b34       0x30 /usr/bin/../lib/gcc/arm-none-eabi/4.9.3/../../../../arm-none-eabi/lib/armv7e-m/fpu/libg.a(lib_a-findfp.o)
                0x0000000008008b34                __sfmoreglue
 .text.__sfp    0x0000000008008b64       0x88 /usr/bin/../lib/gcc/arm-none-eabi/4.9.3/../../../../arm-none-eabi/lib/armv7e-m/fpu/libg.a(lib_a-findfp.o)
                0x0000000008008b64                __sfp
 .text._cleanup
                0x0000000008008bec       0x14 /usr/bin/../lib/gcc/arm-none-eabi/4.9.3/../../../../arm-none-eabi/lib/armv7e-m/fpu/libg.a(lib_a-findfp.o)
                0x0000000008008bec                _cleanup
 .text.__sinit  0x0000000008008c00        0xc /usr/bin/../lib/gcc/arm-none-eabi/4.9.3/../../../../arm-none-eabi/lib/armv7e-m/fpu/libg.a(lib_a-findfp.o)
                0x0000000008008c00                __sinit
 .text.__sfp_lock_acquire
                0x0000000008008c0c        0x4 /usr/bin/../lib/gcc/arm-none-eabi/4.9.3/../../../../arm-none-eabi/lib/armv7e-m/fpu/libg.a(lib_a-findfp.o)
                0x0000000008008c0c                __sfp_lock_acquire
 .text.__sfp_lock_release
                0x0000000008008c10        0x4 /usr/bin/../lib/gcc/arm-none-eabi/4.9.3/../../../../arm-none-eabi/lib/armv7e-m/fpu/libg.a(lib_a-findfp.o)
                0x0000000008008c10                __sfp_lock_release
 .text.__sinit_lock_acquire
                0x0000000008008c14        0x4 /usr/bin/../lib/gcc/arm-none-eabi/4.9.3/../../../../arm-none-eabi/lib/armv7e-m/fpu/libg.a(lib_a-findfp.o)
                0x0000000008008c14                __sinit_lock_acquire
 .text.__sinit_lock_release
                0x0000000008008c18        0x4 /usr/bin/../lib/gcc/arm-none-eabi/4.9.3/../../../../arm-none-eabi/lib/armv7e-m/fpu/libg.a(lib_a-findfp.o)
                0x0000000008008c18                __sinit_lock_release
 .text.__fp_lock_all
                0x0000000008008c1c       0x14 /usr/bin/../lib/gcc/arm-none-eabi/4.9.3/../../../../arm-none-eabi/lib/armv7e-m/fpu/libg.a(lib_a-findfp.o)
                0x0000000008008c1c                __fp_lock_all
 .text.__fp_unlock_all
                0x0000000008008c30       0x14 /usr/bin/../lib/gcc/arm-none-eabi/4.9.3/../../../../arm-none-eabi/lib/armv7e-m/fpu/libg.a(lib_a-findfp.o)
                0x0000000008008c30                __fp_unlock_all
 .text.__libc_fini_array
                0x0000000008008c44       0x2c /usr/bin/../lib/gcc/arm-none-eabi/4.9.3/../../../../arm-none-eabi/lib/armv7e-m/fpu/libg.a(lib_a-fini.o)
                0x0000000008008c44                __libc_fini_array
 .text._malloc_trim_r
                0x0000000008008c70       0x9c /usr/bin/../lib/gcc/arm-none-eabi/4.9.3/../../../../arm-none-eabi/lib/armv7e-m/fpu/libg.a(lib_a-freer.o)
                0x0000000008008c70                _malloc_trim_r
 .text._free_r  0x0000000008008d0c      0x1b0 /usr/bin/../lib/gcc/arm-none-eabi/4.9.3/../../../../arm-none-eabi/lib/armv7e-m/fpu/libg.a(lib_a-freer.o)
                0x0000000008008d0c                _free_r
 .text.__sfvwrite_r
                0x0000000008008ebc      0x318 /usr/bin/../lib/gcc/arm-none-eabi/4.9.3/../../../../arm-none-eabi/lib/armv7e-m/fpu/libg.a(lib_a-fvwrite.o)
                0x0000000008008ebc                __sfvwrite_r
 .text._fwalk   0x00000000080091d4       0x4c /usr/bin/../lib/gcc/arm-none-eabi/4.9.3/../../../../arm-none-eabi/lib/armv7e-m/fpu/libg.a(lib_a-fwalk.o)
                0x00000000080091d4                _fwalk
 .text._fwalk_reent
                0x0000000008009220       0x54 /usr/bin/../lib/gcc/arm-none-eabi/4.9.3/../../../../arm-none-eabi/lib/armv7e-m/fpu/libg.a(lib_a-fwalk.o)
                0x0000000008009220                _fwalk_reent
 .text._setlocale_r
                0x0000000008009274       0x44 /usr/bin/../lib/gcc/arm-none-eabi/4.9.3/../../../../arm-none-eabi/lib/armv7e-m/fpu/libg.a(lib_a-locale.o)
                0x0000000008009274                _setlocale_r
 .text.__locale_charset
                0x00000000080092b8        0x8 /usr/bin/../lib/gcc/arm-none-eabi/4.9.3/../../../../arm-none-eabi/lib/armv7e-m/fpu/libg.a(lib_a-locale.o)
                0x00000000080092b8                __locale_charset
 .text.__locale_mb_cur_max
                0x00000000080092c0        0xc /usr/bin/../lib/gcc/arm-none-eabi/4.9.3/../../../../arm-none-eabi/lib/armv7e-m/fpu/libg.a(lib_a-locale.o)
                0x00000000080092c0                __locale_mb_cur_max
 .text.__locale_msgcharset
                0x00000000080092cc        0x8 /usr/bin/../lib/gcc/arm-none-eabi/4.9.3/../../../../arm-none-eabi/lib/armv7e-m/fpu/libg.a(lib_a-locale.o)
                0x00000000080092cc                __locale_msgcharset
 .text.__locale_cjk_lang
                0x00000000080092d4        0x4 /usr/bin/../lib/gcc/arm-none-eabi/4.9.3/../../../../arm-none-eabi/lib/armv7e-m/fpu/libg.a(lib_a-locale.o)
                0x00000000080092d4                __locale_cjk_lang
 .text._localeconv_r
                0x00000000080092d8        0x8 /usr/bin/../lib/gcc/arm-none-eabi/4.9.3/../../../../arm-none-eabi/lib/armv7e-m/fpu/libg.a(lib_a-locale.o)
                0x00000000080092d8                _localeconv_r
 .text.setlocale
                0x00000000080092e0       0x10 /usr/bin/../lib/gcc/arm-none-eabi/4.9.3/../../../../arm-none-eabi/lib/armv7e-m/fpu/libg.a(lib_a-locale.o)
                0x00000000080092e0                setlocale
 .text.localeconv
                0x00000000080092f0        0x8 /usr/bin/../lib/gcc/arm-none-eabi/4.9.3/../../../../arm-none-eabi/lib/armv7e-m/fpu/libg.a(lib_a-locale.o)
                0x00000000080092f0                localeconv
 .text.__smakebuf_r
                0x00000000080092f8       0xe0 /usr/bin/../lib/gcc/arm-none-eabi/4.9.3/../../../../arm-none-eabi/lib/armv7e-m/fpu/libg.a(lib_a-makebuf.o)
                0x00000000080092f8                __smakebuf_r
 .text._malloc_r
                0x00000000080093d8      0x524 /usr/bin/../lib/gcc/arm-none-eabi/4.9.3/../../../../arm-none-eabi/lib/armv7e-m/fpu/libg.a(lib_a-mallocr.o)
                0x00000000080093d8                _malloc_r
 .text.memchr   0x00000000080098fc       0x94 /usr/bin/../lib/gcc/arm-none-eabi/4.9.3/../../../../arm-none-eabi/lib/armv7e-m/fpu/libg.a(lib_a-memchr.o)
                0x00000000080098fc                memchr
 .text.__malloc_lock
                0x0000000008009990        0x4 /usr/bin/../lib/gcc/arm-none-eabi/4.9.3/../../../../arm-none-eabi/lib/armv7e-m/fpu/libg.a(lib_a-mlock.o)
                0x0000000008009990                __malloc_lock
 .text.__malloc_unlock
                0x0000000008009994        0x4 /usr/bin/../lib/gcc/arm-none-eabi/4.9.3/../../../../arm-none-eabi/lib/armv7e-m/fpu/libg.a(lib_a-mlock.o)
                0x0000000008009994                __malloc_unlock
 .text._Balloc  0x0000000008009998       0x4c /usr/bin/../lib/gcc/arm-none-eabi/4.9.3/../../../../arm-none-eabi/lib/armv7e-m/fpu/libg.a(lib_a-mprec.o)
                0x0000000008009998                _Balloc
 .text._Bfree   0x00000000080099e4       0x14 /usr/bin/../lib/gcc/arm-none-eabi/4.9.3/../../../../arm-none-eabi/lib/armv7e-m/fpu/libg.a(lib_a-mprec.o)
                0x00000000080099e4                _Bfree
 .text.__multadd
                0x00000000080099f8       0x84 /usr/bin/../lib/gcc/arm-none-eabi/4.9.3/../../../../arm-none-eabi/lib/armv7e-m/fpu/libg.a(lib_a-mprec.o)
                0x00000000080099f8                __multadd
 .text.__s2b    0x0000000008009a7c       0x98 /usr/bin/../lib/gcc/arm-none-eabi/4.9.3/../../../../arm-none-eabi/lib/armv7e-m/fpu/libg.a(lib_a-mprec.o)
                0x0000000008009a7c                __s2b
 .text.__hi0bits
                0x0000000008009b14       0x40 /usr/bin/../lib/gcc/arm-none-eabi/4.9.3/../../../../arm-none-eabi/lib/armv7e-m/fpu/libg.a(lib_a-mprec.o)
                0x0000000008009b14                __hi0bits
 .text.__lo0bits
                0x0000000008009b54       0x5c /usr/bin/../lib/gcc/arm-none-eabi/4.9.3/../../../../arm-none-eabi/lib/armv7e-m/fpu/libg.a(lib_a-mprec.o)
                0x0000000008009b54                __lo0bits
 .text.__i2b    0x0000000008009bb0       0x14 /usr/bin/../lib/gcc/arm-none-eabi/4.9.3/../../../../arm-none-eabi/lib/armv7e-m/fpu/libg.a(lib_a-mprec.o)
                0x0000000008009bb0                __i2b
 .text.__multiply
                0x0000000008009bc4      0x134 /usr/bin/../lib/gcc/arm-none-eabi/4.9.3/../../../../arm-none-eabi/lib/armv7e-m/fpu/libg.a(lib_a-mprec.o)
                0x0000000008009bc4                __multiply
 .text.__pow5mult
                0x0000000008009cf8       0xa0 /usr/bin/../lib/gcc/arm-none-eabi/4.9.3/../../../../arm-none-eabi/lib/armv7e-m/fpu/libg.a(lib_a-mprec.o)
                0x0000000008009cf8                __pow5mult
 .text.__lshift
                0x0000000008009d98       0xac /usr/bin/../lib/gcc/arm-none-eabi/4.9.3/../../../../arm-none-eabi/lib/armv7e-m/fpu/libg.a(lib_a-mprec.o)
                0x0000000008009d98                __lshift
 .text.__mcmp   0x0000000008009e44       0x48 /usr/bin/../lib/gcc/arm-none-eabi/4.9.3/../../../../arm-none-eabi/lib/armv7e-m/fpu/libg.a(lib_a-mprec.o)
                0x0000000008009e44                __mcmp
 .text.__mdiff  0x0000000008009e8c       0xd4 /usr/bin/../lib/gcc/arm-none-eabi/4.9.3/../../../../arm-none-eabi/lib/armv7e-m/fpu/libg.a(lib_a-mprec.o)
                0x0000000008009e8c                __mdiff
 .text.__ulp    0x0000000008009f60       0x50 /usr/bin/../lib/gcc/arm-none-eabi/4.9.3/../../../../arm-none-eabi/lib/armv7e-m/fpu/libg.a(lib_a-mprec.o)
                0x0000000008009f60                __ulp
 .text.__b2d    0x0000000008009fb0       0xc4 /usr/bin/../lib/gcc/arm-none-eabi/4.9.3/../../../../arm-none-eabi/lib/armv7e-m/fpu/libg.a(lib_a-mprec.o)
                0x0000000008009fb0                __b2d
 .text.__d2b    0x000000000800a074       0xbc /usr/bin/../lib/gcc/arm-none-eabi/4.9.3/../../../../arm-none-eabi/lib/armv7e-m/fpu/libg.a(lib_a-mprec.o)
                0x000000000800a074                __d2b
 .text.__ratio  0x000000000800a130       0x60 /usr/bin/../lib/gcc/arm-none-eabi/4.9.3/../../../../arm-none-eabi/lib/armv7e-m/fpu/libg.a(lib_a-mprec.o)
                0x000000000800a130                __ratio
 .text._mprec_log10
                0x000000000800a190       0x38 /usr/bin/../lib/gcc/arm-none-eabi/4.9.3/../../../../arm-none-eabi/lib/armv7e-m/fpu/libg.a(lib_a-mprec.o)
                0x000000000800a190                _mprec_log10
 .text.__copybits
                0x000000000800a1c8       0x48 /usr/bin/../lib/gcc/arm-none-eabi/4.9.3/../../../../arm-none-eabi/lib/armv7e-m/fpu/libg.a(lib_a-mprec.o)
                0x000000000800a1c8                __copybits
 .text.__any_on
                0x000000000800a210       0x60 /usr/bin/../lib/gcc/arm-none-eabi/4.9.3/../../../../arm-none-eabi/lib/armv7e-m/fpu/libg.a(lib_a-mprec.o)
                0x000000000800a210                __any_on
 .text._realloc_r
                0x000000000800a270      0x3ec /usr/bin/../lib/gcc/arm-none-eabi/4.9.3/../../../../arm-none-eabi/lib/armv7e-m/fpu/libg.a(lib_a-reallocr.o)
                0x000000000800a270                _realloc_r
 .text.__fpclassifyd
                0x000000000800a65c       0x5c /usr/bin/../lib/gcc/arm-none-eabi/4.9.3/../../../../arm-none-eabi/lib/armv7e-m/fpu/libg.a(lib_a-s_fpclassify.o)
                0x000000000800a65c                __fpclassifyd
 .text.__sread  0x000000000800a6b8       0x24 /usr/bin/../lib/gcc/arm-none-eabi/4.9.3/../../../../arm-none-eabi/lib/armv7e-m/fpu/libg.a(lib_a-stdio.o)
                0x000000000800a6b8                __sread
 .text.__seofread
                0x000000000800a6dc        0x4 /usr/bin/../lib/gcc/arm-none-eabi/4.9.3/../../../../arm-none-eabi/lib/armv7e-m/fpu/libg.a(lib_a-stdio.o)
                0x000000000800a6dc                __seofread
 .text.__swrite
                0x000000000800a6e0       0x38 /usr/bin/../lib/gcc/arm-none-eabi/4.9.3/../../../../arm-none-eabi/lib/armv7e-m/fpu/libg.a(lib_a-stdio.o)
                0x000000000800a6e0                __swrite
 .text.__sseek  0x000000000800a718       0x20 /usr/bin/../lib/gcc/arm-none-eabi/4.9.3/../../../../arm-none-eabi/lib/armv7e-m/fpu/libg.a(lib_a-stdio.o)
                0x000000000800a718                __sseek
 .text.__sclose
                0x000000000800a738        0x8 /usr/bin/../lib/gcc/arm-none-eabi/4.9.3/../../../../arm-none-eabi/lib/armv7e-m/fpu/libg.a(lib_a-stdio.o)
                0x000000000800a738                __sclose
 .text.__sprint_r.part.0
                0x000000000800a740       0x78 /usr/bin/../lib/gcc/arm-none-eabi/4.9.3/../../../../arm-none-eabi/lib/armv7e-m/fpu/libg.a(lib_a-vfiprintf.o)
 .text.__sprint_r
                0x000000000800a7b8       0x18 /usr/bin/../lib/gcc/arm-none-eabi/4.9.3/../../../../arm-none-eabi/lib/armv7e-m/fpu/libg.a(lib_a-vfiprintf.o)
                0x000000000800a7b8                __sprint_r
 .text._vfiprintf_r
                0x000000000800a7d0      0xc10 /usr/bin/../lib/gcc/arm-none-eabi/4.9.3/../../../../arm-none-eabi/lib/armv7e-m/fpu/libg.a(lib_a-vfiprintf.o)
                0x000000000800a7d0                _vfiprintf_r
 .text.vfiprintf
                0x000000000800b3e0       0x18 /usr/bin/../lib/gcc/arm-none-eabi/4.9.3/../../../../arm-none-eabi/lib/armv7e-m/fpu/libg.a(lib_a-vfiprintf.o)
                0x000000000800b3e0                vfiprintf
 .text.__sbprintf
                0x000000000800b3f8       0x78 /usr/bin/../lib/gcc/arm-none-eabi/4.9.3/../../../../arm-none-eabi/lib/armv7e-m/fpu/libg.a(lib_a-vfiprintf.o)
 .text.__register_exitproc
                0x000000000800b470       0xa4 /usr/bin/../lib/gcc/arm-none-eabi/4.9.3/../../../../arm-none-eabi/lib/armv7e-m/fpu/libg.a(lib_a-__atexit.o)
                0x000000000800b470                __register_exitproc
 .text._calloc_r
                0x000000000800b514       0x60 /usr/bin/../lib/gcc/arm-none-eabi/4.9.3/../../../../arm-none-eabi/lib/armv7e-m/fpu/libg.a(lib_a-callocr.o)
                0x000000000800b514                _calloc_r
 .text._fclose_r
                0x000000000800b574       0x84 /usr/bin/../lib/gcc/arm-none-eabi/4.9.3/../../../../arm-none-eabi/lib/armv7e-m/fpu/libg.a(lib_a-fclose.o)
                0x000000000800b574                _fclose_r
 .text.fclose   0x000000000800b5f8       0x10 /usr/bin/../lib/gcc/arm-none-eabi/4.9.3/../../../../arm-none-eabi/lib/armv7e-m/fpu/libg.a(lib_a-fclose.o)
                0x000000000800b5f8                fclose
 .text.__fputwc
                0x000000000800b608       0xb0 /usr/bin/../lib/gcc/arm-none-eabi/4.9.3/../../../../arm-none-eabi/lib/armv7e-m/fpu/libg.a(lib_a-fputwc.o)
                0x000000000800b608                __fputwc
 .text._fputwc_r
                0x000000000800b6b8       0x24 /usr/bin/../lib/gcc/arm-none-eabi/4.9.3/../../../../arm-none-eabi/lib/armv7e-m/fpu/libg.a(lib_a-fputwc.o)
                0x000000000800b6b8                _fputwc_r
 .text.fputwc   0x000000000800b6dc       0x28 /usr/bin/../lib/gcc/arm-none-eabi/4.9.3/../../../../arm-none-eabi/lib/armv7e-m/fpu/libg.a(lib_a-fputwc.o)
                0x000000000800b6dc                fputwc
 .text.__swbuf_r
                0x000000000800b704       0xa8 /usr/bin/../lib/gcc/arm-none-eabi/4.9.3/../../../../arm-none-eabi/lib/armv7e-m/fpu/libg.a(lib_a-wbuf.o)
                0x000000000800b704                __swbuf_r
 .text.__swbuf  0x000000000800b7ac       0x10 /usr/bin/../lib/gcc/arm-none-eabi/4.9.3/../../../../arm-none-eabi/lib/armv7e-m/fpu/libg.a(lib_a-wbuf.o)
                0x000000000800b7ac                __swbuf
 .text._wcrtomb_r
                0x000000000800b7bc       0x54 /usr/bin/../lib/gcc/arm-none-eabi/4.9.3/../../../../arm-none-eabi/lib/armv7e-m/fpu/libg.a(lib_a-wcrtomb.o)
                0x000000000800b7bc                _wcrtomb_r
 .text.wcrtomb  0x000000000800b810       0x58 /usr/bin/../lib/gcc/arm-none-eabi/4.9.3/../../../../arm-none-eabi/lib/armv7e-m/fpu/libg.a(lib_a-wcrtomb.o)
                0x000000000800b810                wcrtomb
 .text.__ascii_wctomb
                0x000000000800b868       0x1c /usr/bin/../lib/gcc/arm-none-eabi/4.9.3/../../../../arm-none-eabi/lib/armv7e-m/fpu/libg.a(lib_a-wctomb_r.o)
                0x000000000800b868                __ascii_wctomb
 .text._wctomb_r
                0x000000000800b884       0x30 /usr/bin/../lib/gcc/arm-none-eabi/4.9.3/../../../../arm-none-eabi/lib/armv7e-m/fpu/libg.a(lib_a-wctomb_r.o)
                0x000000000800b884                _wctomb_r
 *(.glue_7)
 .glue_7        0x0000000000000000        0x0 linker stubs
 *(.glue_7t)
 .glue_7t       0x0000000000000000        0x0 linker stubs
 *(.eh_frame)
 .eh_frame      0x000000000800b8b4        0x0 /usr/bin/../lib/gcc/arm-none-eabi/4.9.3/armv7e-m/fpu/crtbegin.o
 .eh_frame      0x000000000800b8b4       0x70 /usr/bin/../lib/gcc/arm-none-eabi/4.9.3/../../../../arm-none-eabi/lib/armv7e-m/fpu/libg.a(lib_a-strcmp.o)
 .eh_frame      0x000000000800b924        0x4 /usr/bin/../lib/gcc/arm-none-eabi/4.9.3/armv7e-m/fpu/crtend.o
 *(.init)
 .init          0x000000000800b928        0x4 /usr/bin/../lib/gcc/arm-none-eabi/4.9.3/armv7e-m/fpu/crti.o
                0x000000000800b928                _init
 .init          0x000000000800b92c        0x8 /usr/bin/../lib/gcc/arm-none-eabi/4.9.3/armv7e-m/fpu/crtn.o
 *(.fini)
 .fini          0x000000000800b934        0x4 /usr/bin/../lib/gcc/arm-none-eabi/4.9.3/armv7e-m/fpu/crti.o
                0x000000000800b934                _fini
 .fini          0x000000000800b938        0x8 /usr/bin/../lib/gcc/arm-none-eabi/4.9.3/armv7e-m/fpu/crtn.o
                0x000000000800b940                . = ALIGN (0x4)
                0x000000000800b940                _etext = .

.vfp11_veneer   0x000000000800b940        0x0
 .vfp11_veneer  0x0000000000000000        0x0 linker stubs

.v4_bx          0x000000000800b940        0x0
 .v4_bx         0x0000000000000000        0x0 linker stubs

.iplt           0x000000000800b940        0x0
 .iplt          0x0000000000000000        0x0 /usr/bin/../lib/gcc/arm-none-eabi/4.9.3/armv7e-m/fpu/crtbegin.o

.rodata         0x000000000800b940     0x6ae0
                0x000000000800b940                . = ALIGN (0x4)
 *(.rodata)
 .rodata        0x000000000800b940       0xe1 /home/jon/dev_src/Reed-Solomon-Packed/build/rs_test.o
 *fill*         0x000000000800ba21        0x3 
 .rodata        0x000000000800ba24     0x3400 /home/jon/dev_src/Reed-Solomon-Packed/build/alpha_to.o
                0x000000000800ba24                alpha_to
 .rodata        0x000000000800ee24       0x22 /home/jon/dev_src/Reed-Solomon-Packed/build/genpoly.o
                0x000000000800ee24                genpoly
 *fill*         0x000000000800ee46        0x2 
 .rodata        0x000000000800ee48     0x3400 /home/jon/dev_src/Reed-Solomon-Packed/build/index_of.o
                0x000000000800ee48                index_of
 *(.rodata*)
 .rodata.str1.4
                0x0000000008012248        0x2 /usr/bin/../lib/gcc/arm-none-eabi/4.9.3/../../../../arm-none-eabi/lib/armv7e-m/fpu/libg.a(lib_a-impure.o)
 *fill*         0x000000000801224a        0x2 
 .rodata._global_impure_ptr
                0x000000000801224c        0x4 /usr/bin/../lib/gcc/arm-none-eabi/4.9.3/../../../../arm-none-eabi/lib/armv7e-m/fpu/libg.a(lib_a-impure.o)
                0x000000000801224c                _global_impure_ptr
 .rodata.str1.4
                0x0000000008012250        0x2 /usr/bin/../lib/gcc/arm-none-eabi/4.9.3/../../../../arm-none-eabi/lib/armv7e-m/fpu/libg.a(lib_a-puts.o)
 *fill*         0x0000000008012252        0x2 
 .rodata.zeroes.6926
                0x0000000008012254       0x10 /usr/bin/../lib/gcc/arm-none-eabi/4.9.3/../../../../arm-none-eabi/lib/armv7e-m/fpu/libg.a(lib_a-vfprintf.o)
 .rodata.str1.4
                0x0000000008012264       0x42 /usr/bin/../lib/gcc/arm-none-eabi/4.9.3/../../../../arm-none-eabi/lib/armv7e-m/fpu/libg.a(lib_a-vfprintf.o)
 *fill*         0x00000000080122a6        0x2 
 .rodata.blanks.6925
                0x00000000080122a8       0x10 /usr/bin/../lib/gcc/arm-none-eabi/4.9.3/../../../../arm-none-eabi/lib/armv7e-m/fpu/libg.a(lib_a-vfprintf.o)
 .rodata.str1.4
                0x00000000080122b8       0x10 /usr/bin/../lib/gcc/arm-none-eabi/4.9.3/../../../../arm-none-eabi/lib/armv7e-m/fpu/libg.a(lib_a-dtoa.o)
                                         0x12 (size before relaxing)
 .rodata.str1.4
                0x00000000080122c8        0xc /usr/bin/../lib/gcc/arm-none-eabi/4.9.3/../../../../arm-none-eabi/lib/armv7e-m/fpu/libg.a(lib_a-locale.o)
                                         0x12 (size before relaxing)
 *fill*         0x00000000080122d4        0x4 
 .rodata.__mprec_tens
                0x00000000080122d8       0xc8 /usr/bin/../lib/gcc/arm-none-eabi/4.9.3/../../../../arm-none-eabi/lib/armv7e-m/fpu/libg.a(lib_a-mprec.o)
                0x00000000080122d8                __mprec_tens
 .rodata.p05.5302
                0x00000000080123a0        0xc /usr/bin/../lib/gcc/arm-none-eabi/4.9.3/../../../../arm-none-eabi/lib/armv7e-m/fpu/libg.a(lib_a-mprec.o)
 *fill*         0x00000000080123ac        0x4 
 .rodata.__mprec_bigtens
                0x00000000080123b0       0x28 /usr/bin/../lib/gcc/arm-none-eabi/4.9.3/../../../../arm-none-eabi/lib/armv7e-m/fpu/libg.a(lib_a-mprec.o)
                0x00000000080123b0                __mprec_bigtens
 .rodata.__mprec_tinytens
                0x00000000080123d8       0x28 /usr/bin/../lib/gcc/arm-none-eabi/4.9.3/../../../../arm-none-eabi/lib/armv7e-m/fpu/libg.a(lib_a-mprec.o)
                0x00000000080123d8                __mprec_tinytens
 .rodata.zeroes.6869
                0x0000000008012400       0x10 /usr/bin/../lib/gcc/arm-none-eabi/4.9.3/../../../../arm-none-eabi/lib/armv7e-m/fpu/libg.a(lib_a-vfiprintf.o)
 .rodata.str1.4
                0x0000000000000000       0x2f /usr/bin/../lib/gcc/arm-none-eabi/4.9.3/../../../../arm-none-eabi/lib/armv7e-m/fpu/libg.a(lib_a-vfiprintf.o)
 .rodata.blanks.6868
                0x0000000008012410       0x10 /usr/bin/../lib/gcc/arm-none-eabi/4.9.3/../../../../arm-none-eabi/lib/armv7e-m/fpu/libg.a(lib_a-vfiprintf.o)
                0x0000000008012420                . = ALIGN (0x4)

.ARM.extab      0x0000000008012420        0x0
 *(.ARM.extab* .gnu.linkonce.armextab.*)
 .ARM.extab     0x0000000008012420        0x0 /usr/bin/../lib/gcc/arm-none-eabi/4.9.3/../../../../arm-none-eabi/lib/armv7e-m/fpu/crt0.o
 .ARM.extab     0x0000000008012420        0x0 /usr/bin/../lib/gcc/arm-none-eabi/4.9.3/armv7e-m/fpu/libgcc.a(_divdi3.o)
 .ARM.extab     0x0000000008012420        0x0 /usr/bin/../lib/gcc/arm-none-eabi/4.9.3/armv7e-m/fpu/libgcc.a(_udivdi3.o)

.ARM            0x0000000008012420        0x8
                0x0000000008012420                __exidx_start = .
 *(.ARM.exidx*)
 .ARM.exidx     0x0000000008012420        0x8 /usr/bin/../lib/gcc/arm-none-eabi/4.9.3/../../../../arm-none-eabi/lib/armv7e-m/fpu/crt0.o
 .ARM.exidx     0x0000000008012428        0x0 /usr/bin/../lib/gcc/arm-none-eabi/4.9.3/armv7e-m/fpu/libgcc.a(_divdi3.o)
                                          0x8 (size before relaxing)
 .ARM.exidx     0x0000000008012428        0x0 /usr/bin/../lib/gcc/arm-none-eabi/4.9.3/armv7e-m/fpu/libgcc.a(_udivdi3.o)
                                          0x8 (size before relaxing)
                0x0000000008012428                __exidx_end = .

.rel.dyn        0x0000000008012428        0x0
 .rel.iplt      0x0000000000000000        0x0 /usr/bin/../lib/gcc/arm-none-eabi/4.9.3/armv7e-m/fpu/crtbegin.o

.preinit_array  0x0000000008012428        0x0
                0x0000000008012428                PROVIDE (__preinit_array_start, .)
 *(.preinit_array*)
                0x0000000008012428                PROVIDE (__preinit_array_end, .)

.init_array     0x0000000008012428        0x8
                0x0000000008012428                PROVIDE (__init_array_start, .)
 *(SORT(.init_array.*))
 .init_array.00000
                0x0000000008012428        0x4 /usr/bin/../lib/gcc/arm-none-eabi/4.9.3/../../../../arm-none-eabi/lib/armv7e-m/fpu/libg.a(lib_a-__call_atexit.o)
 *(.init_array*)
 .init_array    0x000000000801242c        0x4 /usr/bin/../lib/gcc/arm-none-eabi/4.9.3/armv7e-m/fpu/crtbegin.o
                0x0000000008012430                PROVIDE (__init_array_end, .)

.fini_array     0x0000000008012430        0x4
                0x0000000008012430                PROVIDE (__fini_array_start, .)
 *(SORT(.fini_array.*))
 *(.fini_array*)
 .fini_array    0x0000000008012430        0x4 /usr/bin/../lib/gcc/arm-none-eabi/4.9.3/armv7e-m/fpu/crtbegin.o
                0x0000000008012434                PROVIDE (__fini_array_end, .)
                0x0000000008012434                _sidata = LOADADDR (.data)

.data           0x0000000020000000      0x944 load address 0x0000000008012434
                0x0000000020000000                . = ALIGN (0x4)
                0x0000000020000000                _sdata = .
 *(.data)
 .data          0x0000000020000000        0x0 /usr/bin/../lib/gcc/arm-none-eabi/4.9.3/armv7e-m/fpu/crti.o
 .data          0x0000000020000000        0x4 /usr/bin/../lib/gcc/arm-none-eabi/4.9.3/armv7e-m/fpu/crtbegin.o
                0x0000000020000000                __dso_handle
 .data          0x0000000020000004        0x0 /usr/bin/../lib/gcc/arm-none-eabi/4.9.3/../../../../arm-none-eabi/lib/armv7e-m/fpu/crt0.o
 .data          0x0000000020000004        0x0 /home/jon/dev_src/Reed-Solomon-Packed/build/rs_test.o
 .data          0x0000000020000004        0x0 /home/jon/dev_src/Reed-Solomon-Packed/build/alpha_to.o
 .data          0x0000000020000004        0x0 /home/jon/dev_src/Reed-Solomon-Packed/build/genpoly.o
 .data          0x0000000020000004        0x0 /home/jon/dev_src/Reed-Solomon-Packed/build/index_of.o
 .data          0x0000000020000004        0x0 /home/jon/dev_src/Reed-Solomon-Packed/build/startup_stm32f40_41xxx.o
 .data          0x0000000020000004       0x60 /home/jon/dev_src/Reed-Solomon-Packed/build/stm32f4xx_it.o
                0x0000000020000004                aTxBuffer
                0x0000000020000062                ubNbrOfDataToTransfer
                0x0000000020000063                ubNbrOfDataToRead
 .data          0x0000000020000064       0x14 /home/jon/dev_src/Reed-Solomon-Packed/build/system_stm32f4xx.o
                0x0000000020000064                SystemCoreClock
                0x0000000020000068                AHBPrescTable
 .data          0x0000000020000078        0x0 /home/jon/dev_src/Reed-Solomon-Packed/build/syscall.o
 .data          0x0000000020000078        0x0 /home/jon/dev_src/Reed-Solomon-Packed/build/stm32f4xx_gpio.o
 .data          0x0000000020000078       0x10 /home/jon/dev_src/Reed-Solomon-Packed/build/stm32f4xx_rcc.o
 .data          0x0000000020000088        0x0 /home/jon/dev_src/Reed-Solomon-Packed/build/stm32f4xx_usart.o
 .data          0x0000000020000088        0x0 /home/jon/dev_src/Reed-Solomon-Packed/build/stm32f4xx_rng.o
 .data          0x0000000020000088        0x0 /usr/bin/../lib/gcc/arm-none-eabi/4.9.3/../../../../arm-none-eabi/lib/armv7e-m/fpu/libg.a(lib_a-errno.o)
 .data          0x0000000020000088        0x0 /usr/bin/../lib/gcc/arm-none-eabi/4.9.3/../../../../arm-none-eabi/lib/armv7e-m/fpu/libg.a(lib_a-exit.o)
 .data          0x0000000020000088        0x0 /usr/bin/../lib/gcc/arm-none-eabi/4.9.3/../../../../arm-none-eabi/lib/armv7e-m/fpu/libg.a(lib_a-impure.o)
 .data          0x0000000020000088        0x0 /usr/bin/../lib/gcc/arm-none-eabi/4.9.3/../../../../arm-none-eabi/lib/armv7e-m/fpu/libg.a(lib_a-init.o)
 .data          0x0000000020000088        0x0 /usr/bin/../lib/gcc/arm-none-eabi/4.9.3/../../../../arm-none-eabi/lib/armv7e-m/fpu/libg.a(lib_a-memcpy.o)
 .data          0x0000000020000088        0x0 /usr/bin/../lib/gcc/arm-none-eabi/4.9.3/../../../../arm-none-eabi/lib/armv7e-m/fpu/libg.a(lib_a-memmove.o)
 .data          0x0000000020000088        0x0 /usr/bin/../lib/gcc/arm-none-eabi/4.9.3/../../../../arm-none-eabi/lib/armv7e-m/fpu/libg.a(lib_a-memset.o)
 .data          0x0000000020000088        0x0 /usr/bin/../lib/gcc/arm-none-eabi/4.9.3/../../../../arm-none-eabi/lib/armv7e-m/fpu/libg.a(lib_a-printf.o)
 .data          0x0000000020000088        0x0 /usr/bin/../lib/gcc/arm-none-eabi/4.9.3/../../../../arm-none-eabi/lib/armv7e-m/fpu/libg.a(lib_a-puts.o)
 .data          0x0000000020000088        0x0 /usr/bin/../lib/gcc/arm-none-eabi/4.9.3/../../../../arm-none-eabi/lib/armv7e-m/fpu/libg.a(lib_a-strlen.o)
 .data          0x0000000020000088        0x0 /usr/bin/../lib/gcc/arm-none-eabi/4.9.3/../../../../arm-none-eabi/lib/armv7e-m/fpu/libg.a(lib_a-vfprintf.o)
 .data          0x0000000020000088        0x0 /usr/bin/../lib/gcc/arm-none-eabi/4.9.3/../../../../arm-none-eabi/lib/armv7e-m/fpu/libg.a(lib_a-wsetup.o)
 .data          0x0000000020000088        0x0 /usr/bin/../lib/gcc/arm-none-eabi/4.9.3/../../../../arm-none-eabi/lib/armv7e-m/fpu/libg.a(lib_a-__call_atexit.o)
 .data          0x0000000020000088        0x0 /usr/bin/../lib/gcc/arm-none-eabi/4.9.3/../../../../arm-none-eabi/lib/armv7e-m/fpu/libg.a(lib_a-atexit.o)
 .data          0x0000000020000088        0x0 /usr/bin/../lib/gcc/arm-none-eabi/4.9.3/../../../../arm-none-eabi/lib/armv7e-m/fpu/libg.a(lib_a-dtoa.o)
 .data          0x0000000020000088        0x0 /usr/bin/../lib/gcc/arm-none-eabi/4.9.3/../../../../arm-none-eabi/lib/armv7e-m/fpu/libg.a(lib_a-fflush.o)
 .data          0x0000000020000088        0x0 /usr/bin/../lib/gcc/arm-none-eabi/4.9.3/../../../../arm-none-eabi/lib/armv7e-m/fpu/libg.a(lib_a-findfp.o)
 .data          0x0000000020000088        0x0 /usr/bin/../lib/gcc/arm-none-eabi/4.9.3/../../../../arm-none-eabi/lib/armv7e-m/fpu/libg.a(lib_a-fini.o)
 .data          0x0000000020000088        0x0 /usr/bin/../lib/gcc/arm-none-eabi/4.9.3/../../../../arm-none-eabi/lib/armv7e-m/fpu/libg.a(lib_a-freer.o)
 .data          0x0000000020000088        0x0 /usr/bin/../lib/gcc/arm-none-eabi/4.9.3/../../../../arm-none-eabi/lib/armv7e-m/fpu/libg.a(lib_a-fvwrite.o)
 .data          0x0000000020000088        0x0 /usr/bin/../lib/gcc/arm-none-eabi/4.9.3/../../../../arm-none-eabi/lib/armv7e-m/fpu/libg.a(lib_a-fwalk.o)
 .data          0x0000000020000088        0x0 /usr/bin/../lib/gcc/arm-none-eabi/4.9.3/../../../../arm-none-eabi/lib/armv7e-m/fpu/libg.a(lib_a-locale.o)
 .data          0x0000000020000088        0x0 /usr/bin/../lib/gcc/arm-none-eabi/4.9.3/../../../../arm-none-eabi/lib/armv7e-m/fpu/libg.a(lib_a-makebuf.o)
 .data          0x0000000020000088        0x0 /usr/bin/../lib/gcc/arm-none-eabi/4.9.3/../../../../arm-none-eabi/lib/armv7e-m/fpu/libg.a(lib_a-mallocr.o)
 .data          0x0000000020000088        0x0 /usr/bin/../lib/gcc/arm-none-eabi/4.9.3/../../../../arm-none-eabi/lib/armv7e-m/fpu/libg.a(lib_a-memchr.o)
 .data          0x0000000020000088        0x0 /usr/bin/../lib/gcc/arm-none-eabi/4.9.3/../../../../arm-none-eabi/lib/armv7e-m/fpu/libg.a(lib_a-mlock.o)
 .data          0x0000000020000088        0x0 /usr/bin/../lib/gcc/arm-none-eabi/4.9.3/../../../../arm-none-eabi/lib/armv7e-m/fpu/libg.a(lib_a-mprec.o)
 .data          0x0000000020000088        0x0 /usr/bin/../lib/gcc/arm-none-eabi/4.9.3/../../../../arm-none-eabi/lib/armv7e-m/fpu/libg.a(lib_a-reallocr.o)
 .data          0x0000000020000088        0x0 /usr/bin/../lib/gcc/arm-none-eabi/4.9.3/../../../../arm-none-eabi/lib/armv7e-m/fpu/libg.a(lib_a-s_fpclassify.o)
 .data          0x0000000020000088        0x0 /usr/bin/../lib/gcc/arm-none-eabi/4.9.3/../../../../arm-none-eabi/lib/armv7e-m/fpu/libg.a(lib_a-stdio.o)
 .data          0x0000000020000088        0x0 /usr/bin/../lib/gcc/arm-none-eabi/4.9.3/../../../../arm-none-eabi/lib/armv7e-m/fpu/libg.a(lib_a-strcmp.o)
 .data          0x0000000020000088        0x0 /usr/bin/../lib/gcc/arm-none-eabi/4.9.3/../../../../arm-none-eabi/lib/armv7e-m/fpu/libg.a(lib_a-vfiprintf.o)
 .data          0x0000000020000088        0x0 /usr/bin/../lib/gcc/arm-none-eabi/4.9.3/../../../../arm-none-eabi/lib/armv7e-m/fpu/libg.a(lib_a-__atexit.o)
 .data          0x0000000020000088        0x0 /usr/bin/../lib/gcc/arm-none-eabi/4.9.3/../../../../arm-none-eabi/lib/armv7e-m/fpu/libg.a(lib_a-callocr.o)
 .data          0x0000000020000088        0x0 /usr/bin/../lib/gcc/arm-none-eabi/4.9.3/../../../../arm-none-eabi/lib/armv7e-m/fpu/libg.a(lib_a-fclose.o)
 .data          0x0000000020000088        0x0 /usr/bin/../lib/gcc/arm-none-eabi/4.9.3/../../../../arm-none-eabi/lib/armv7e-m/fpu/libg.a(lib_a-fputwc.o)
 .data          0x0000000020000088        0x0 /usr/bin/../lib/gcc/arm-none-eabi/4.9.3/../../../../arm-none-eabi/lib/armv7e-m/fpu/libg.a(lib_a-wbuf.o)
 .data          0x0000000020000088        0x0 /usr/bin/../lib/gcc/arm-none-eabi/4.9.3/../../../../arm-none-eabi/lib/armv7e-m/fpu/libg.a(lib_a-wcrtomb.o)
 .data          0x0000000020000088        0x0 /usr/bin/../lib/gcc/arm-none-eabi/4.9.3/../../../../arm-none-eabi/lib/armv7e-m/fpu/libg.a(lib_a-wctomb_r.o)
 .data          0x0000000020000088        0x0 /usr/bin/../lib/gcc/arm-none-eabi/4.9.3/armv7e-m/fpu/libgcc.a(_arm_addsubdf3.o)
 .data          0x0000000020000088        0x0 /usr/bin/../lib/gcc/arm-none-eabi/4.9.3/armv7e-m/fpu/libgcc.a(_arm_muldivdf3.o)
 .data          0x0000000020000088        0x0 /usr/bin/../lib/gcc/arm-none-eabi/4.9.3/armv7e-m/fpu/libgcc.a(_arm_cmpdf2.o)
 .data          0x0000000020000088        0x0 /usr/bin/../lib/gcc/arm-none-eabi/4.9.3/armv7e-m/fpu/libgcc.a(_arm_fixdfsi.o)
 .data          0x0000000020000088        0x0 /usr/bin/../lib/gcc/arm-none-eabi/4.9.3/armv7e-m/fpu/libgcc.a(_aeabi_uldivmod.o)
 .data          0x0000000020000088        0x0 /usr/bin/../lib/gcc/arm-none-eabi/4.9.3/armv7e-m/fpu/libgcc.a(bpabi.o)
 .data          0x0000000020000088        0x0 /usr/bin/../lib/gcc/arm-none-eabi/4.9.3/armv7e-m/fpu/libgcc.a(_dvmd_tls.o)
 .data          0x0000000020000088        0x0 /usr/bin/../lib/gcc/arm-none-eabi/4.9.3/armv7e-m/fpu/libgcc.a(_divdi3.o)
 .data          0x0000000020000088        0x0 /usr/bin/../lib/gcc/arm-none-eabi/4.9.3/armv7e-m/fpu/libgcc.a(_udivdi3.o)
 .data          0x0000000020000088        0x0 /usr/bin/../lib/gcc/arm-none-eabi/4.9.3/armv7e-m/fpu/crtend.o
 .data          0x0000000020000088        0x0 /usr/bin/../lib/gcc/arm-none-eabi/4.9.3/armv7e-m/fpu/crtn.o
 *(.data*)
 .data.impure_data
                0x0000000020000088      0x428 /usr/bin/../lib/gcc/arm-none-eabi/4.9.3/../../../../arm-none-eabi/lib/armv7e-m/fpu/libg.a(lib_a-impure.o)
 .data._impure_ptr
                0x00000000200004b0        0x4 /usr/bin/../lib/gcc/arm-none-eabi/4.9.3/../../../../arm-none-eabi/lib/armv7e-m/fpu/libg.a(lib_a-impure.o)
                0x00000000200004b0                _impure_ptr
 .data.lc_message_charset
                0x00000000200004b4       0x20 /usr/bin/../lib/gcc/arm-none-eabi/4.9.3/../../../../arm-none-eabi/lib/armv7e-m/fpu/libg.a(lib_a-locale.o)
 .data.lconv    0x00000000200004d4       0x38 /usr/bin/../lib/gcc/arm-none-eabi/4.9.3/../../../../arm-none-eabi/lib/armv7e-m/fpu/libg.a(lib_a-locale.o)
 .data.lc_ctype_charset
                0x000000002000050c       0x20 /usr/bin/../lib/gcc/arm-none-eabi/4.9.3/../../../../arm-none-eabi/lib/armv7e-m/fpu/libg.a(lib_a-locale.o)
 .data.__mb_cur_max
                0x000000002000052c        0x4 /usr/bin/../lib/gcc/arm-none-eabi/4.9.3/../../../../arm-none-eabi/lib/armv7e-m/fpu/libg.a(lib_a-locale.o)
                0x000000002000052c                __mb_cur_max
 .data.__malloc_av_
                0x0000000020000530      0x408 /usr/bin/../lib/gcc/arm-none-eabi/4.9.3/../../../../arm-none-eabi/lib/armv7e-m/fpu/libg.a(lib_a-mallocr.o)
                0x0000000020000530                __malloc_av_
 .data.__malloc_trim_threshold
                0x0000000020000938        0x4 /usr/bin/../lib/gcc/arm-none-eabi/4.9.3/../../../../arm-none-eabi/lib/armv7e-m/fpu/libg.a(lib_a-mallocr.o)
                0x0000000020000938                __malloc_trim_threshold
 .data.__malloc_sbrk_base
                0x000000002000093c        0x4 /usr/bin/../lib/gcc/arm-none-eabi/4.9.3/../../../../arm-none-eabi/lib/armv7e-m/fpu/libg.a(lib_a-mallocr.o)
                0x000000002000093c                __malloc_sbrk_base
 .data.__wctomb
                0x0000000020000940        0x4 /usr/bin/../lib/gcc/arm-none-eabi/4.9.3/../../../../arm-none-eabi/lib/armv7e-m/fpu/libg.a(lib_a-wctomb_r.o)
                0x0000000020000940                __wctomb
                0x0000000020000944                . = ALIGN (0x4)
                0x0000000020000944                _edata = .
                0x0000000008012d7c                _siccmram = LOADADDR (.ccmram)

.jcr            0x0000000020000944        0x4 load address 0x0000000008012d78
 .jcr           0x0000000020000944        0x0 /usr/bin/../lib/gcc/arm-none-eabi/4.9.3/armv7e-m/fpu/crtbegin.o
 .jcr           0x0000000020000944        0x4 /usr/bin/../lib/gcc/arm-none-eabi/4.9.3/armv7e-m/fpu/crtend.o

.igot.plt       0x0000000020000948        0x0 load address 0x0000000008012d7c
 .igot.plt      0x0000000000000000        0x0 /usr/bin/../lib/gcc/arm-none-eabi/4.9.3/armv7e-m/fpu/crtbegin.o

.ccmram         0x0000000010000000        0x0 load address 0x0000000008012d7c
                0x0000000010000000                . = ALIGN (0x4)
                0x0000000010000000                _sccmram = .
 *(.ccmram)
 *(.ccmram*)
                0x0000000010000000                . = ALIGN (0x4)
                0x0000000010000000                _eccmram = .

.bss            0x0000000020000948       0x84
                0x0000000020000948                . = ALIGN (0x4)
                0x0000000020000948                _sbss = .
                0x0000000020000948                __bss_start__ = _sbss
 *(.bss)
 .bss           0x0000000020000948        0x0 /usr/bin/../lib/gcc/arm-none-eabi/4.9.3/armv7e-m/fpu/crti.o
 .bss           0x0000000020000948       0x1c /usr/bin/../lib/gcc/arm-none-eabi/4.9.3/armv7e-m/fpu/crtbegin.o
 .bss           0x0000000020000964        0x0 /usr/bin/../lib/gcc/arm-none-eabi/4.9.3/../../../../arm-none-eabi/lib/armv7e-m/fpu/crt0.o
 .bss           0x0000000020000964        0x0 /home/jon/dev_src/Reed-Solomon-Packed/build/rs_test.o
 .bss           0x0000000020000964        0x0 /home/jon/dev_src/Reed-Solomon-Packed/build/alpha_to.o
 .bss           0x0000000020000964        0x0 /home/jon/dev_src/Reed-Solomon-Packed/build/genpoly.o
 .bss           0x0000000020000964        0x0 /home/jon/dev_src/Reed-Solomon-Packed/build/index_of.o
 .bss           0x0000000020000964        0x0 /home/jon/dev_src/Reed-Solomon-Packed/build/startup_stm32f40_41xxx.o
 .bss           0x0000000020000964        0x4 /home/jon/dev_src/Reed-Solomon-Packed/build/stm32f4xx_it.o
                0x0000000020000964                ubTxCounter
                0x0000000020000966                uhRxCounter
 .bss           0x0000000020000968        0x0 /home/jon/dev_src/Reed-Solomon-Packed/build/system_stm32f4xx.o
 .bss           0x0000000020000968        0x4 /home/jon/dev_src/Reed-Solomon-Packed/build/syscall.o
 .bss           0x000000002000096c        0x0 /home/jon/dev_src/Reed-Solomon-Packed/build/stm32f4xx_gpio.o
 .bss           0x000000002000096c        0x0 /home/jon/dev_src/Reed-Solomon-Packed/build/stm32f4xx_rcc.o
 .bss           0x000000002000096c        0x0 /home/jon/dev_src/Reed-Solomon-Packed/build/stm32f4xx_usart.o
 .bss           0x000000002000096c        0x0 /home/jon/dev_src/Reed-Solomon-Packed/build/stm32f4xx_rng.o
 .bss           0x000000002000096c        0x0 /usr/bin/../lib/gcc/arm-none-eabi/4.9.3/../../../../arm-none-eabi/lib/armv7e-m/fpu/libg.a(lib_a-errno.o)
 .bss           0x000000002000096c        0x0 /usr/bin/../lib/gcc/arm-none-eabi/4.9.3/../../../../arm-none-eabi/lib/armv7e-m/fpu/libg.a(lib_a-exit.o)
 .bss           0x000000002000096c        0x0 /usr/bin/../lib/gcc/arm-none-eabi/4.9.3/../../../../arm-none-eabi/lib/armv7e-m/fpu/libg.a(lib_a-impure.o)
 .bss           0x000000002000096c        0x0 /usr/bin/../lib/gcc/arm-none-eabi/4.9.3/../../../../arm-none-eabi/lib/armv7e-m/fpu/libg.a(lib_a-init.o)
 .bss           0x000000002000096c        0x0 /usr/bin/../lib/gcc/arm-none-eabi/4.9.3/../../../../arm-none-eabi/lib/armv7e-m/fpu/libg.a(lib_a-memcpy.o)
 .bss           0x000000002000096c        0x0 /usr/bin/../lib/gcc/arm-none-eabi/4.9.3/../../../../arm-none-eabi/lib/armv7e-m/fpu/libg.a(lib_a-memmove.o)
 .bss           0x000000002000096c        0x0 /usr/bin/../lib/gcc/arm-none-eabi/4.9.3/../../../../arm-none-eabi/lib/armv7e-m/fpu/libg.a(lib_a-memset.o)
 .bss           0x000000002000096c        0x0 /usr/bin/../lib/gcc/arm-none-eabi/4.9.3/../../../../arm-none-eabi/lib/armv7e-m/fpu/libg.a(lib_a-printf.o)
 .bss           0x000000002000096c        0x0 /usr/bin/../lib/gcc/arm-none-eabi/4.9.3/../../../../arm-none-eabi/lib/armv7e-m/fpu/libg.a(lib_a-puts.o)
 .bss           0x000000002000096c        0x0 /usr/bin/../lib/gcc/arm-none-eabi/4.9.3/../../../../arm-none-eabi/lib/armv7e-m/fpu/libg.a(lib_a-strlen.o)
 .bss           0x000000002000096c        0x0 /usr/bin/../lib/gcc/arm-none-eabi/4.9.3/../../../../arm-none-eabi/lib/armv7e-m/fpu/libg.a(lib_a-vfprintf.o)
 .bss           0x000000002000096c        0x0 /usr/bin/../lib/gcc/arm-none-eabi/4.9.3/../../../../arm-none-eabi/lib/armv7e-m/fpu/libg.a(lib_a-wsetup.o)
 .bss           0x000000002000096c        0x0 /usr/bin/../lib/gcc/arm-none-eabi/4.9.3/../../../../arm-none-eabi/lib/armv7e-m/fpu/libg.a(lib_a-__call_atexit.o)
 .bss           0x000000002000096c        0x0 /usr/bin/../lib/gcc/arm-none-eabi/4.9.3/../../../../arm-none-eabi/lib/armv7e-m/fpu/libg.a(lib_a-atexit.o)
 .bss           0x000000002000096c        0x0 /usr/bin/../lib/gcc/arm-none-eabi/4.9.3/../../../../arm-none-eabi/lib/armv7e-m/fpu/libg.a(lib_a-dtoa.o)
 .bss           0x000000002000096c        0x0 /usr/bin/../lib/gcc/arm-none-eabi/4.9.3/../../../../arm-none-eabi/lib/armv7e-m/fpu/libg.a(lib_a-fflush.o)
 .bss           0x000000002000096c        0x0 /usr/bin/../lib/gcc/arm-none-eabi/4.9.3/../../../../arm-none-eabi/lib/armv7e-m/fpu/libg.a(lib_a-findfp.o)
 .bss           0x000000002000096c        0x0 /usr/bin/../lib/gcc/arm-none-eabi/4.9.3/../../../../arm-none-eabi/lib/armv7e-m/fpu/libg.a(lib_a-fini.o)
 .bss           0x000000002000096c        0x0 /usr/bin/../lib/gcc/arm-none-eabi/4.9.3/../../../../arm-none-eabi/lib/armv7e-m/fpu/libg.a(lib_a-freer.o)
 .bss           0x000000002000096c        0x0 /usr/bin/../lib/gcc/arm-none-eabi/4.9.3/../../../../arm-none-eabi/lib/armv7e-m/fpu/libg.a(lib_a-fvwrite.o)
 .bss           0x000000002000096c        0x0 /usr/bin/../lib/gcc/arm-none-eabi/4.9.3/../../../../arm-none-eabi/lib/armv7e-m/fpu/libg.a(lib_a-fwalk.o)
 .bss           0x000000002000096c        0x0 /usr/bin/../lib/gcc/arm-none-eabi/4.9.3/../../../../arm-none-eabi/lib/armv7e-m/fpu/libg.a(lib_a-locale.o)
 .bss           0x000000002000096c        0x0 /usr/bin/../lib/gcc/arm-none-eabi/4.9.3/../../../../arm-none-eabi/lib/armv7e-m/fpu/libg.a(lib_a-makebuf.o)
 .bss           0x000000002000096c        0x0 /usr/bin/../lib/gcc/arm-none-eabi/4.9.3/../../../../arm-none-eabi/lib/armv7e-m/fpu/libg.a(lib_a-mallocr.o)
 .bss           0x000000002000096c        0x0 /usr/bin/../lib/gcc/arm-none-eabi/4.9.3/../../../../arm-none-eabi/lib/armv7e-m/fpu/libg.a(lib_a-memchr.o)
 .bss           0x000000002000096c        0x0 /usr/bin/../lib/gcc/arm-none-eabi/4.9.3/../../../../arm-none-eabi/lib/armv7e-m/fpu/libg.a(lib_a-mlock.o)
 .bss           0x000000002000096c        0x0 /usr/bin/../lib/gcc/arm-none-eabi/4.9.3/../../../../arm-none-eabi/lib/armv7e-m/fpu/libg.a(lib_a-mprec.o)
 .bss           0x000000002000096c        0x0 /usr/bin/../lib/gcc/arm-none-eabi/4.9.3/../../../../arm-none-eabi/lib/armv7e-m/fpu/libg.a(lib_a-reallocr.o)
 .bss           0x000000002000096c        0x0 /usr/bin/../lib/gcc/arm-none-eabi/4.9.3/../../../../arm-none-eabi/lib/armv7e-m/fpu/libg.a(lib_a-s_fpclassify.o)
 .bss           0x000000002000096c        0x0 /usr/bin/../lib/gcc/arm-none-eabi/4.9.3/../../../../arm-none-eabi/lib/armv7e-m/fpu/libg.a(lib_a-stdio.o)
 .bss           0x000000002000096c        0x0 /usr/bin/../lib/gcc/arm-none-eabi/4.9.3/../../../../arm-none-eabi/lib/armv7e-m/fpu/libg.a(lib_a-strcmp.o)
 .bss           0x000000002000096c        0x0 /usr/bin/../lib/gcc/arm-none-eabi/4.9.3/../../../../arm-none-eabi/lib/armv7e-m/fpu/libg.a(lib_a-vfiprintf.o)
 .bss           0x000000002000096c        0x0 /usr/bin/../lib/gcc/arm-none-eabi/4.9.3/../../../../arm-none-eabi/lib/armv7e-m/fpu/libg.a(lib_a-__atexit.o)
 .bss           0x000000002000096c        0x0 /usr/bin/../lib/gcc/arm-none-eabi/4.9.3/../../../../arm-none-eabi/lib/armv7e-m/fpu/libg.a(lib_a-callocr.o)
 .bss           0x000000002000096c        0x0 /usr/bin/../lib/gcc/arm-none-eabi/4.9.3/../../../../arm-none-eabi/lib/armv7e-m/fpu/libg.a(lib_a-fclose.o)
 .bss           0x000000002000096c        0x0 /usr/bin/../lib/gcc/arm-none-eabi/4.9.3/../../../../arm-none-eabi/lib/armv7e-m/fpu/libg.a(lib_a-fputwc.o)
 .bss           0x000000002000096c        0x0 /usr/bin/../lib/gcc/arm-none-eabi/4.9.3/../../../../arm-none-eabi/lib/armv7e-m/fpu/libg.a(lib_a-wbuf.o)
 .bss           0x000000002000096c        0x0 /usr/bin/../lib/gcc/arm-none-eabi/4.9.3/../../../../arm-none-eabi/lib/armv7e-m/fpu/libg.a(lib_a-wcrtomb.o)
 .bss           0x000000002000096c        0x0 /usr/bin/../lib/gcc/arm-none-eabi/4.9.3/../../../../arm-none-eabi/lib/armv7e-m/fpu/libg.a(lib_a-wctomb_r.o)
 .bss           0x000000002000096c        0x0 /usr/bin/../lib/gcc/arm-none-eabi/4.9.3/armv7e-m/fpu/libgcc.a(_arm_addsubdf3.o)
 .bss           0x000000002000096c        0x0 /usr/bin/../lib/gcc/arm-none-eabi/4.9.3/armv7e-m/fpu/libgcc.a(_arm_muldivdf3.o)
 .bss           0x000000002000096c        0x0 /usr/bin/../lib/gcc/arm-none-eabi/4.9.3/armv7e-m/fpu/libgcc.a(_arm_cmpdf2.o)
 .bss           0x000000002000096c        0x0 /usr/bin/../lib/gcc/arm-none-eabi/4.9.3/armv7e-m/fpu/libgcc.a(_arm_fixdfsi.o)
 .bss           0x000000002000096c        0x0 /usr/bin/../lib/gcc/arm-none-eabi/4.9.3/armv7e-m/fpu/libgcc.a(_aeabi_uldivmod.o)
 .bss           0x000000002000096c        0x0 /usr/bin/../lib/gcc/arm-none-eabi/4.9.3/armv7e-m/fpu/libgcc.a(bpabi.o)
 .bss           0x000000002000096c        0x0 /usr/bin/../lib/gcc/arm-none-eabi/4.9.3/armv7e-m/fpu/libgcc.a(_dvmd_tls.o)
 .bss           0x000000002000096c        0x0 /usr/bin/../lib/gcc/arm-none-eabi/4.9.3/armv7e-m/fpu/libgcc.a(_divdi3.o)
 .bss           0x000000002000096c        0x0 /usr/bin/../lib/gcc/arm-none-eabi/4.9.3/armv7e-m/fpu/libgcc.a(_udivdi3.o)
 .bss           0x000000002000096c        0x0 /usr/bin/../lib/gcc/arm-none-eabi/4.9.3/armv7e-m/fpu/crtend.o
 .bss           0x000000002000096c        0x0 /usr/bin/../lib/gcc/arm-none-eabi/4.9.3/armv7e-m/fpu/crtn.o
 *(.bss*)
 .bss._PathLocale
                0x000000002000096c        0x4 /usr/bin/../lib/gcc/arm-none-eabi/4.9.3/../../../../arm-none-eabi/lib/armv7e-m/fpu/libg.a(lib_a-locale.o)
                0x000000002000096c                _PathLocale
 .bss.__nlocale_changed
                0x0000000020000970        0x4 /usr/bin/../lib/gcc/arm-none-eabi/4.9.3/../../../../arm-none-eabi/lib/armv7e-m/fpu/libg.a(lib_a-locale.o)
                0x0000000020000970                __nlocale_changed
 .bss.__mlocale_changed
                0x0000000020000974        0x4 /usr/bin/../lib/gcc/arm-none-eabi/4.9.3/../../../../arm-none-eabi/lib/armv7e-m/fpu/libg.a(lib_a-locale.o)
                0x0000000020000974                __mlocale_changed
 .bss.__malloc_max_total_mem
                0x0000000020000978        0x4 /usr/bin/../lib/gcc/arm-none-eabi/4.9.3/../../../../arm-none-eabi/lib/armv7e-m/fpu/libg.a(lib_a-mallocr.o)
                0x0000000020000978                __malloc_max_total_mem
 .bss.__malloc_max_sbrked_mem
                0x000000002000097c        0x4 /usr/bin/../lib/gcc/arm-none-eabi/4.9.3/../../../../arm-none-eabi/lib/armv7e-m/fpu/libg.a(lib_a-mallocr.o)
                0x000000002000097c                __malloc_max_sbrked_mem
 .bss.__malloc_top_pad
                0x0000000020000980        0x4 /usr/bin/../lib/gcc/arm-none-eabi/4.9.3/../../../../arm-none-eabi/lib/armv7e-m/fpu/libg.a(lib_a-mallocr.o)
                0x0000000020000980                __malloc_top_pad
 .bss.__malloc_current_mallinfo
                0x0000000020000984       0x28 /usr/bin/../lib/gcc/arm-none-eabi/4.9.3/../../../../arm-none-eabi/lib/armv7e-m/fpu/libg.a(lib_a-mallocr.o)
                0x0000000020000984                __malloc_current_mallinfo
 *(COMMON)
 COMMON         0x00000000200009ac       0x20 /home/jon/dev_src/Reed-Solomon-Packed/build/stm32f4xx_it.o
                0x00000000200009ac                aRxBuffer
                0x00000000200009cc                . = ALIGN (0x4)
                0x00000000200009cc                _ebss = .
                0x00000000200009cc                __bss_end__ = _ebss

._user_heap_stack
                0x00000000200009cc      0x600
                0x00000000200009cc                . = ALIGN (0x4)
                0x00000000200009cc                PROVIDE (end, .)
                0x00000000200009cc                PROVIDE (_end, .)
                0x0000000020000bcc                . = (. + _Min_Heap_Size)
 *fill*         0x00000000200009cc      0x200 
                0x0000000020000fcc                . = (. + _Min_Stack_Size)
 *fill*         0x0000000020000bcc      0x400 
                0x0000000020000fcc                . = ALIGN (0x4)

/DISCARD/
 libc.a(*)
 libm.a(*)
 libgcc.a(*)

.ARM.attributes
                0x0000000000000000       0x30
 *(.ARM.attributes)
 .ARM.attributes
                0x0000000000000000       0x22 /usr/bin/../lib/gcc/arm-none-eabi/4.9.3/armv7e-m/fpu/crti.o
 .ARM.attributes
                0x0000000000000022       0x34 /usr/bin/../lib/gcc/arm-none-eabi/4.9.3/armv7e-m/fpu/crtbegin.o
 .ARM.attributes
                0x0000000000000056       0x20 /usr/bin/../lib/gcc/arm-none-eabi/4.9.3/../../../../arm-none-eabi/lib/armv7e-m/fpu/crt0.o
 .ARM.attributes
                0x0000000000000076       0x39 /home/jon/dev_src/Reed-Solomon-Packed/build/rs_test.o
 .ARM.attributes
                0x00000000000000af       0x39 /home/jon/dev_src/Reed-Solomon-Packed/build/alpha_to.o
 .ARM.attributes
                0x00000000000000e8       0x39 /home/jon/dev_src/Reed-Solomon-Packed/build/genpoly.o
 .ARM.attributes
                0x0000000000000121       0x39 /home/jon/dev_src/Reed-Solomon-Packed/build/index_of.o
 .ARM.attributes
                0x000000000000015a       0x21 /home/jon/dev_src/Reed-Solomon-Packed/build/startup_stm32f40_41xxx.o
 .ARM.attributes
                0x000000000000017b       0x39 /home/jon/dev_src/Reed-Solomon-Packed/build/stm32f4xx_it.o
 .ARM.attributes
                0x00000000000001b4       0x39 /home/jon/dev_src/Reed-Solomon-Packed/build/system_stm32f4xx.o
 .ARM.attributes
                0x00000000000001ed       0x39 /home/jon/dev_src/Reed-Solomon-Packed/build/syscall.o
 .ARM.attributes
                0x0000000000000226       0x39 /home/jon/dev_src/Reed-Solomon-Packed/build/stm32f4xx_gpio.o
 .ARM.attributes
                0x000000000000025f       0x39 /home/jon/dev_src/Reed-Solomon-Packed/build/stm32f4xx_rcc.o
 .ARM.attributes
                0x0000000000000298       0x39 /home/jon/dev_src/Reed-Solomon-Packed/build/stm32f4xx_usart.o
 .ARM.attributes
                0x00000000000002d1       0x39 /home/jon/dev_src/Reed-Solomon-Packed/build/stm32f4xx_rng.o
 .ARM.attributes
                0x000000000000030a       0x34 /usr/bin/../lib/gcc/arm-none-eabi/4.9.3/../../../../arm-none-eabi/lib/armv7e-m/fpu/libg.a(lib_a-errno.o)
 .ARM.attributes
                0x000000000000033e       0x34 /usr/bin/../lib/gcc/arm-none-eabi/4.9.3/../../../../arm-none-eabi/lib/armv7e-m/fpu/libg.a(lib_a-exit.o)
 .ARM.attributes
                0x0000000000000372       0x34 /usr/bin/../lib/gcc/arm-none-eabi/4.9.3/../../../../arm-none-eabi/lib/armv7e-m/fpu/libg.a(lib_a-impure.o)
 .ARM.attributes
                0x00000000000003a6       0x34 /usr/bin/../lib/gcc/arm-none-eabi/4.9.3/../../../../arm-none-eabi/lib/armv7e-m/fpu/libg.a(lib_a-init.o)
 .ARM.attributes
                0x00000000000003da       0x20 /usr/bin/../lib/gcc/arm-none-eabi/4.9.3/../../../../arm-none-eabi/lib/armv7e-m/fpu/libg.a(lib_a-memcpy.o)
 .ARM.attributes
                0x00000000000003fa       0x34 /usr/bin/../lib/gcc/arm-none-eabi/4.9.3/../../../../arm-none-eabi/lib/armv7e-m/fpu/libg.a(lib_a-memmove.o)
 .ARM.attributes
                0x000000000000042e       0x34 /usr/bin/../lib/gcc/arm-none-eabi/4.9.3/../../../../arm-none-eabi/lib/armv7e-m/fpu/libg.a(lib_a-memset.o)
 .ARM.attributes
                0x0000000000000462       0x34 /usr/bin/../lib/gcc/arm-none-eabi/4.9.3/../../../../arm-none-eabi/lib/armv7e-m/fpu/libg.a(lib_a-printf.o)
 .ARM.attributes
                0x0000000000000496       0x34 /usr/bin/../lib/gcc/arm-none-eabi/4.9.3/../../../../arm-none-eabi/lib/armv7e-m/fpu/libg.a(lib_a-puts.o)
 .ARM.attributes
                0x00000000000004ca       0x34 /usr/bin/../lib/gcc/arm-none-eabi/4.9.3/../../../../arm-none-eabi/lib/armv7e-m/fpu/libg.a(lib_a-strlen.o)
 .ARM.attributes
                0x00000000000004fe       0x34 /usr/bin/../lib/gcc/arm-none-eabi/4.9.3/../../../../arm-none-eabi/lib/armv7e-m/fpu/libg.a(lib_a-vfprintf.o)
 .ARM.attributes
                0x0000000000000532       0x34 /usr/bin/../lib/gcc/arm-none-eabi/4.9.3/../../../../arm-none-eabi/lib/armv7e-m/fpu/libg.a(lib_a-wsetup.o)
 .ARM.attributes
                0x0000000000000566       0x34 /usr/bin/../lib/gcc/arm-none-eabi/4.9.3/../../../../arm-none-eabi/lib/armv7e-m/fpu/libg.a(lib_a-__call_atexit.o)
 .ARM.attributes
                0x000000000000059a       0x34 /usr/bin/../lib/gcc/arm-none-eabi/4.9.3/../../../../arm-none-eabi/lib/armv7e-m/fpu/libg.a(lib_a-atexit.o)
 .ARM.attributes
                0x00000000000005ce       0x34 /usr/bin/../lib/gcc/arm-none-eabi/4.9.3/../../../../arm-none-eabi/lib/armv7e-m/fpu/libg.a(lib_a-dtoa.o)
 .ARM.attributes
                0x0000000000000602       0x34 /usr/bin/../lib/gcc/arm-none-eabi/4.9.3/../../../../arm-none-eabi/lib/armv7e-m/fpu/libg.a(lib_a-fflush.o)
 .ARM.attributes
                0x0000000000000636       0x34 /usr/bin/../lib/gcc/arm-none-eabi/4.9.3/../../../../arm-none-eabi/lib/armv7e-m/fpu/libg.a(lib_a-findfp.o)
 .ARM.attributes
                0x000000000000066a       0x34 /usr/bin/../lib/gcc/arm-none-eabi/4.9.3/../../../../arm-none-eabi/lib/armv7e-m/fpu/libg.a(lib_a-fini.o)
 .ARM.attributes
                0x000000000000069e       0x34 /usr/bin/../lib/gcc/arm-none-eabi/4.9.3/../../../../arm-none-eabi/lib/armv7e-m/fpu/libg.a(lib_a-freer.o)
 .ARM.attributes
                0x00000000000006d2       0x34 /usr/bin/../lib/gcc/arm-none-eabi/4.9.3/../../../../arm-none-eabi/lib/armv7e-m/fpu/libg.a(lib_a-fvwrite.o)
 .ARM.attributes
                0x0000000000000706       0x34 /usr/bin/../lib/gcc/arm-none-eabi/4.9.3/../../../../arm-none-eabi/lib/armv7e-m/fpu/libg.a(lib_a-fwalk.o)
 .ARM.attributes
                0x000000000000073a       0x34 /usr/bin/../lib/gcc/arm-none-eabi/4.9.3/../../../../arm-none-eabi/lib/armv7e-m/fpu/libg.a(lib_a-locale.o)
 .ARM.attributes
                0x000000000000076e       0x34 /usr/bin/../lib/gcc/arm-none-eabi/4.9.3/../../../../arm-none-eabi/lib/armv7e-m/fpu/libg.a(lib_a-makebuf.o)
 .ARM.attributes
                0x00000000000007a2       0x34 /usr/bin/../lib/gcc/arm-none-eabi/4.9.3/../../../../arm-none-eabi/lib/armv7e-m/fpu/libg.a(lib_a-mallocr.o)
 .ARM.attributes
                0x00000000000007d6       0x34 /usr/bin/../lib/gcc/arm-none-eabi/4.9.3/../../../../arm-none-eabi/lib/armv7e-m/fpu/libg.a(lib_a-memchr.o)
 .ARM.attributes
                0x000000000000080a       0x34 /usr/bin/../lib/gcc/arm-none-eabi/4.9.3/../../../../arm-none-eabi/lib/armv7e-m/fpu/libg.a(lib_a-mlock.o)
 .ARM.attributes
                0x000000000000083e       0x34 /usr/bin/../lib/gcc/arm-none-eabi/4.9.3/../../../../arm-none-eabi/lib/armv7e-m/fpu/libg.a(lib_a-mprec.o)
 .ARM.attributes
                0x0000000000000872       0x34 /usr/bin/../lib/gcc/arm-none-eabi/4.9.3/../../../../arm-none-eabi/lib/armv7e-m/fpu/libg.a(lib_a-reallocr.o)
 .ARM.attributes
                0x00000000000008a6       0x34 /usr/bin/../lib/gcc/arm-none-eabi/4.9.3/../../../../arm-none-eabi/lib/armv7e-m/fpu/libg.a(lib_a-s_fpclassify.o)
 .ARM.attributes
                0x00000000000008da       0x34 /usr/bin/../lib/gcc/arm-none-eabi/4.9.3/../../../../arm-none-eabi/lib/armv7e-m/fpu/libg.a(lib_a-stdio.o)
 .ARM.attributes
                0x000000000000090e       0x20 /usr/bin/../lib/gcc/arm-none-eabi/4.9.3/../../../../arm-none-eabi/lib/armv7e-m/fpu/libg.a(lib_a-strcmp.o)
 .ARM.attributes
                0x000000000000092e       0x34 /usr/bin/../lib/gcc/arm-none-eabi/4.9.3/../../../../arm-none-eabi/lib/armv7e-m/fpu/libg.a(lib_a-vfiprintf.o)
 .ARM.attributes
                0x0000000000000962       0x34 /usr/bin/../lib/gcc/arm-none-eabi/4.9.3/../../../../arm-none-eabi/lib/armv7e-m/fpu/libg.a(lib_a-__atexit.o)
 .ARM.attributes
                0x0000000000000996       0x34 /usr/bin/../lib/gcc/arm-none-eabi/4.9.3/../../../../arm-none-eabi/lib/armv7e-m/fpu/libg.a(lib_a-callocr.o)
 .ARM.attributes
                0x00000000000009ca       0x34 /usr/bin/../lib/gcc/arm-none-eabi/4.9.3/../../../../arm-none-eabi/lib/armv7e-m/fpu/libg.a(lib_a-fclose.o)
 .ARM.attributes
                0x00000000000009fe       0x34 /usr/bin/../lib/gcc/arm-none-eabi/4.9.3/../../../../arm-none-eabi/lib/armv7e-m/fpu/libg.a(lib_a-fputwc.o)
 .ARM.attributes
                0x0000000000000a32       0x34 /usr/bin/../lib/gcc/arm-none-eabi/4.9.3/../../../../arm-none-eabi/lib/armv7e-m/fpu/libg.a(lib_a-wbuf.o)
 .ARM.attributes
                0x0000000000000a66       0x34 /usr/bin/../lib/gcc/arm-none-eabi/4.9.3/../../../../arm-none-eabi/lib/armv7e-m/fpu/libg.a(lib_a-wcrtomb.o)
 .ARM.attributes
                0x0000000000000a9a       0x34 /usr/bin/../lib/gcc/arm-none-eabi/4.9.3/../../../../arm-none-eabi/lib/armv7e-m/fpu/libg.a(lib_a-wctomb_r.o)
 .ARM.attributes
                0x0000000000000ace       0x22 /usr/bin/../lib/gcc/arm-none-eabi/4.9.3/armv7e-m/fpu/libgcc.a(_arm_addsubdf3.o)
 .ARM.attributes
                0x0000000000000af0       0x22 /usr/bin/../lib/gcc/arm-none-eabi/4.9.3/armv7e-m/fpu/libgcc.a(_arm_muldivdf3.o)
 .ARM.attributes
                0x0000000000000b12       0x22 /usr/bin/../lib/gcc/arm-none-eabi/4.9.3/armv7e-m/fpu/libgcc.a(_arm_cmpdf2.o)
 .ARM.attributes
                0x0000000000000b34       0x22 /usr/bin/../lib/gcc/arm-none-eabi/4.9.3/armv7e-m/fpu/libgcc.a(_arm_fixdfsi.o)
 .ARM.attributes
                0x0000000000000b56       0x22 /usr/bin/../lib/gcc/arm-none-eabi/4.9.3/armv7e-m/fpu/libgcc.a(_aeabi_uldivmod.o)
 .ARM.attributes
                0x0000000000000b78       0x34 /usr/bin/../lib/gcc/arm-none-eabi/4.9.3/armv7e-m/fpu/libgcc.a(bpabi.o)
 .ARM.attributes
                0x0000000000000bac       0x22 /usr/bin/../lib/gcc/arm-none-eabi/4.9.3/armv7e-m/fpu/libgcc.a(_dvmd_tls.o)
 .ARM.attributes
                0x0000000000000bce       0x34 /usr/bin/../lib/gcc/arm-none-eabi/4.9.3/armv7e-m/fpu/libgcc.a(_divdi3.o)
 .ARM.attributes
                0x0000000000000c02       0x34 /usr/bin/../lib/gcc/arm-none-eabi/4.9.3/armv7e-m/fpu/libgcc.a(_udivdi3.o)
 .ARM.attributes
                0x0000000000000c36       0x34 /usr/bin/../lib/gcc/arm-none-eabi/4.9.3/armv7e-m/fpu/crtend.o
 .ARM.attributes
                0x0000000000000c6a       0x22 /usr/bin/../lib/gcc/arm-none-eabi/4.9.3/armv7e-m/fpu/crtn.o
OUTPUT(rs_test.elf elf32-littlearm)

.debug_info     0x0000000000000000     0x4f0c
 .debug_info    0x0000000000000000     0x1756 /home/jon/dev_src/Reed-Solomon-Packed/build/rs_test.o
 .debug_info    0x0000000000001756       0xaf /home/jon/dev_src/Reed-Solomon-Packed/build/alpha_to.o
 .debug_info    0x0000000000001805       0xae /home/jon/dev_src/Reed-Solomon-Packed/build/genpoly.o
 .debug_info    0x00000000000018b3       0xaf /home/jon/dev_src/Reed-Solomon-Packed/build/index_of.o
 .debug_info    0x0000000000001962      0x1eb /home/jon/dev_src/Reed-Solomon-Packed/build/stm32f4xx_it.o
 .debug_info    0x0000000000001b4d      0x5d6 /home/jon/dev_src/Reed-Solomon-Packed/build/system_stm32f4xx.o
 .debug_info    0x0000000000002123      0xd61 /home/jon/dev_src/Reed-Solomon-Packed/build/syscall.o
 .debug_info    0x0000000000002e84      0x605 /home/jon/dev_src/Reed-Solomon-Packed/build/stm32f4xx_gpio.o
 .debug_info    0x0000000000003489      0xe42 /home/jon/dev_src/Reed-Solomon-Packed/build/stm32f4xx_rcc.o