Archive member included because of file (symbol)

/usr/bin/../lib/gcc/arm-none-eabi/4.9.3/../../../../arm-none-eabi/lib/armv7e-m/fpu/libg.a(lib_a-errno.o)
                              /home/jon/dev_src/Reed-Solomon-Packed/build/syscall.o (__errno)
/usr/bin/../lib/gcc/arm-none-eabi/4.9.3/../../../../arm-none-eabi/lib/armv7e-m/fpu/libg.a(lib_a-exit.o)
                              /usr/bin/../lib/gcc/arm-none-eabi/4.9.3/../../../../arm-none-eabi/lib/armv7e-m/fpu/crt0.o (exit)
/usr/bin/../lib/gcc/arm-none-eabi/4.9.3/../../../../arm-none-eabi/lib/armv7e-m/fpu/libg.a(lib_a-impure.o)
                              /usr/bin/../lib/gcc/arm-none-eabi/4.9.3/../../../../arm-none-eabi/lib/armv7e-m/fpu/libg.a(lib_a-exit.o) (_global_impure_ptr)
/usr/bin/../lib/gcc/arm-none-eabi/4.9.3/../../../../arm-none-eabi/lib/armv7e-m/fpu/libg.a(lib_a-init.o)
                              /usr/bin/../lib/gcc/arm-none-eabi/4.9.3/../../../../arm-none-eabi/lib/armv7e-m/fpu/crt0.o (__libc_init_array)
/usr/bin/../lib/gcc/arm-none-eabi/4.9.3/../../../../arm-none-eabi/lib/armv7e-m/fpu/libg.a(lib_a-memcpy.o)
                              /home/jon/dev_src/Reed-Solomon-Packed/build/rs_test.o (memcpy)
/usr/bin/../lib/gcc/arm-none-eabi/4.9.3/../../../../arm-none-eabi/lib/armv7e-m/fpu/libg.a(lib_a-memmove.o)
                              /home/jon/dev_src/Reed-Solomon-Packed/build/rs_test.o (memmove)
/usr/bin/../lib/gcc/arm-none-eabi/4.9.3/../../../../arm-none-eabi/lib/armv7e-m/fpu/libg.a(lib_a-memset.o)
                              /usr/bin/../lib/gcc/arm-none-eabi/4.9.3/../../../../arm-none-eabi/lib/armv7e-m/fpu/crt0.o (memset)
/usr/bin/../lib/gcc/arm-none-eabi/4.9.3/../../../../arm-none-eabi/lib/armv7e-m/fpu/libg.a(lib_a-printf.o)
                              /home/jon/dev_src/Reed-Solomon-Packed/build/rs_test.o (printf)
/usr/bin/../lib/gcc/arm-none-eabi/4.9.3/../../../../arm-none-eabi/lib/armv7e-m/fpu/libg.a(lib_a-puts.o)
                              /home/jon/dev_src/Reed-Solomon-Packed/build/rs_test.o (puts)
/usr/bin/../lib/gcc/arm-none-eabi/4.9.3/../../../../arm-none-eabi/lib/armv7e-m/fpu/libg.a(lib_a-strlen.o)
                              /usr/bin/../lib/gcc/arm-none-eabi/4.9.3/../../../../arm-none-eabi/lib/armv7e-m/fpu/libg.a(lib_a-puts.o) (strlen)
/usr/bin/../lib/gcc/arm-none-eabi/4.9.3/../../../../arm-none-eabi/lib/armv7e-m/fpu/libg.a(lib_a-vfprintf.o)
                              /usr/bin/../lib/gcc/arm-none-eabi/4.9.3/../../../../arm-none-eabi/lib/armv7e-m/fpu/libg.a(lib_a-printf.o) (_vfprintf_r)
/usr/bin/../lib/gcc/arm-none-eabi/4.9.3/../../../../arm-none-eabi/lib/armv7e-m/fpu/libg.a(lib_a-wsetup.o)
                              /usr/bin/../lib/gcc/arm-none-eabi/4.9.3/../../../../arm-none-eabi/lib/armv7e-m/fpu/libg.a(lib_a-vfprintf.o) (__swsetup_r)
/usr/bin/../lib/gcc/arm-none-eabi/4.9.3/../../../../arm-none-eabi/lib/armv7e-m/fpu/libg.a(lib_a-__call_atexit.o)
                              /usr/bin/../lib/gcc/arm-none-eabi/4.9.3/../../../../arm-none-eabi/lib/armv7e-m/fpu/libg.a(lib_a-exit.o) (__call_exitprocs)
/usr/bin/../lib/gcc/arm-none-eabi/4.9.3/../../../../arm-none-eabi/lib/armv7e-m/fpu/libg.a(lib_a-atexit.o)
                              /usr/bin/../lib/gcc/arm-none-eabi/4.9.3/../../../../arm-none-eabi/lib/armv7e-m/fpu/libg.a(lib_a-__call_atexit.o) (atexit)
/usr/bin/../lib/gcc/arm-none-eabi/4.9.3/../../../../arm-none-eabi/lib/armv7e-m/fpu/libg.a(lib_a-dtoa.o)
                              /usr/bin/../lib/gcc/arm-none-eabi/4.9.3/../../../../arm-none-eabi/lib/armv7e-m/fpu/libg.a(lib_a-vfprintf.o) (_dtoa_r)
/usr/bin/../lib/gcc/arm-none-eabi/4.9.3/../../../../arm-none-eabi/lib/armv7e-m/fpu/libg.a(lib_a-fflush.o)
                              /usr/bin/../lib/gcc/arm-none-eabi/4.9.3/../../../../arm-none-eabi/lib/armv7e-m/fpu/libg.a(lib_a-vfprintf.o) (_fflush_r)
/usr/bin/../lib/gcc/arm-none-eabi/4.9.3/../../../../arm-none-eabi/lib/armv7e-m/fpu/libg.a(lib_a-findfp.o)
                              /usr/bin/../lib/gcc/arm-none-eabi/4.9.3/../../../../arm-none-eabi/lib/armv7e-m/fpu/libg.a(lib_a-puts.o) (__sinit)
/usr/bin/../lib/gcc/arm-none-eabi/4.9.3/../../../../arm-none-eabi/lib/armv7e-m/fpu/libg.a(lib_a-fini.o)
                              /usr/bin/../lib/gcc/arm-none-eabi/4.9.3/../../../../arm-none-eabi/lib/armv7e-m/fpu/libg.a(lib_a-__call_atexit.o) (__libc_fini_array)
/usr/bin/../lib/gcc/arm-none-eabi/4.9.3/../../../../arm-none-eabi/lib/armv7e-m/fpu/libg.a(lib_a-freer.o)
                              /usr/bin/../lib/gcc/arm-none-eabi/4.9.3/../../../../arm-none-eabi/lib/armv7e-m/fpu/libg.a(lib_a-wsetup.o) (_free_r)
/usr/bin/../lib/gcc/arm-none-eabi/4.9.3/../../../../arm-none-eabi/lib/armv7e-m/fpu/libg.a(lib_a-fvwrite.o)
                              /usr/bin/../lib/gcc/arm-none-eabi/4.9.3/../../../../arm-none-eabi/lib/armv7e-m/fpu/libg.a(lib_a-puts.o) (__sfvwrite_r)
/usr/bin/../lib/gcc/arm-none-eabi/4.9.3/../../../../arm-none-eabi/lib/armv7e-m/fpu/libg.a(lib_a-fwalk.o)
[...]
Memory Configuration

Name             Origin             Length             Attributes
FLASH            0x0000000008000000 0x0000000000100000 xr
RAM              0x0000000020000000 0x0000000000020000 xrw
CCMRAM           0x0000000010000000 0x0000000000010000 rw
*default*        0x0000000000000000 0xffffffffffffffff

Linker script and memory map

LOAD /usr/bin/../lib/gcc/arm-none-eabi/4.9.3/armv7e-m/fpu/crti.o
LOAD /usr/bin/../lib/gcc/arm-none-eabi/4.9.3/armv7e-m/fpu/crtbegin.o
LOAD /usr/bin/../lib/gcc/arm-none-eabi/4.9.3/../../../../arm-none-eabi/lib/armv7e-m/fpu/crt0.o
LOAD /home/jon/dev_src/Reed-Solomon-Packed/build/rs_test.o
LOAD /home/jon/dev_src/Reed-Solomon-Packed/build/alpha_to.o
LOAD /home/jon/dev_src/Reed-Solomon-Packed/build/genpoly.o
LOAD /home/jon/dev_src/Reed-Solomon-Packed/build/index_of.o
LOAD /home/jon/dev_src/Reed-Solomon-Packed/build/startup_stm32f40_41xxx.o
LOAD /home/jon/dev_src/Reed-Solomon-Packed/build/stm32f4xx_it.o
LOAD /home/jon/dev_src/Reed-Solomon-Packed/build/system_stm32f4xx.o
LOAD /home/jon/dev_src/Reed-Solomon-Packed/build/syscall.o
LOAD /home/jon/dev_src/Reed-Solomon-Packed/build/stm32f4xx_gpio.o
LOAD /home/jon/dev_src/Reed-Solomon-Packed/build/stm32f4xx_rcc.o
LOAD /home/jon/dev_src/Reed-Solomon-Packed/build/stm32f4xx_usart.o
LOAD /home/jon/dev_src/Reed-Solomon-Packed/build/stm32f4xx_rng.o
START GROUP
LOAD /usr/bin/../lib/gcc/arm-none-eabi/4.9.3/armv7e-m/fpu/libgcc.a
LOAD /usr/bin/../lib/gcc/arm-none-eabi/4.9.3/../../../../arm-none-eabi/lib/armv7e-m/fpu/libg.a
LOAD /usr/bin/../lib/gcc/arm-none-eabi/4.9.3/../../../../arm-none-eabi/lib/armv7e-m/fpu/libc.a
END GROUP
LOAD /usr/bin/../lib/gcc/arm-none-eabi/4.9.3/armv7e-m/fpu/crtend.o
LOAD /usr/bin/../lib/gcc/arm-none-eabi/4.9.3/armv7e-m/fpu/crtn.o
                0x000000002001ffff                _estack = 0x2001ffff
                0x0000000000000200                _Min_Heap_Size = 0x200
                0x0000000000000400                _Min_Stack_Size = 0x400

.isr_vector     0x0000000008000000      0x188
                0x0000000008000000                . = ALIGN (0x4)
 *(.isr_vector)
 .isr_vector    0x0000000008000000      0x188 /home/jon/dev_src/Reed-Solomon-Packed/build/startup_stm32f40_41xxx.o
                0x0000000008000000                g_pfnVectors
                0x0000000008000188                . = ALIGN (0x4)

.text           0x00000000080001a0     0xb880
                0x00000000080001a0                . = ALIGN (0x4)
 *(.text)
 .text          0x00000000080001a0        0x0 /usr/bin/../lib/gcc/arm-none-eabi/4.9.3/armv7e-m/fpu/crti.o
 .text          0x00000000080001a0       0x5c /usr/bin/../lib/gcc/arm-none-eabi/4.9.3/armv7e-m/fpu/crtbegin.o
 .text          0x00000000080001fc       0x74 /usr/bin/../lib/gcc/arm-none-eabi/4.9.3/../../../../arm-none-eabi/lib/armv7e-m/fpu/crt0.o
                0x00000000080001fc                _mainCRTStartup
                0x00000000080001fc                _start
 .text          0x0000000008000270     0x2a98 /home/jon/dev_src/Reed-Solomon-Packed/build/rs_test.o
                0x0000000008000270                main
                0x0000000008000330                reed_solomon_test
                0x0000000008002cc8                random
                0x0000000008002ce8                init_RNG
 .text          0x0000000008002d08        0x0 /home/jon/dev_src/Reed-Solomon-Packed/build/alpha_to.o
 .text          0x0000000008002d08        0x0 /home/jon/dev_src/Reed-Solomon-Packed/build/genpoly.o
 .text          0x0000000008002d08        0x0 /home/jon/dev_src/Reed-Solomon-Packed/build/index_of.o
 .text          0x0000000008002d08       0x14 /home/jon/dev_src/Reed-Solomon-Packed/build/startup_stm32f40_41xxx.o
 .text          0x0000000008002d1c       0x48 /home/jon/dev_src/Reed-Solomon-Packed/build/stm32f4xx_it.o
                0x0000000008002d1c                NMI_Handler
                0x0000000008002d24                HardFault_Handler
                0x0000000008002d2c                MemManage_Handler
                0x0000000008002d34                BusFault_Handler
                0x0000000008002d3c                UsageFault_Handler
                0x0000000008002d44                SVC_Handler
                0x0000000008002d4c                DebugMon_Handler
                0x0000000008002d54                PendSV_Handler
                0x0000000008002d5c                SysTick_Handler
 .text          0x0000000008002d64      0x254 /home/jon/dev_src/Reed-Solomon-Packed/build/system_stm32f4xx.o
                0x0000000008002d64                SystemInit
                0x0000000008002dcc                SystemCoreClockUpdate
 .text          0x0000000008002fb8      0x18c /home/jon/dev_src/Reed-Solomon-Packed/build/syscall.o
                0x0000000008002fb8                _read_r
                0x0000000008002fdc                _lseek_r
                0x0000000008002ff8                _write_r
                0x0000000008003090                _close_r
                0x00000000080030a8                _sbrk_r
                0x0000000008003104                _fstat_r
                0x000000000800312c                _isatty_r
 .text          0x0000000008003144      0x4d0 /home/jon/dev_src/Reed-Solomon-Packed/build/stm32f4xx_gpio.o
                0x0000000008003144                GPIO_DeInit
                0x00000000080032a8                GPIO_Init
                0x00000000080033c4                GPIO_StructInit
                0x00000000080033f8                GPIO_PinLockConfig
                0x000000000800343c                GPIO_ReadInputDataBit
                0x0000000008003470                GPIO_ReadInputData
                0x000000000800348c                GPIO_ReadOutputDataBit
                0x00000000080034c0                GPIO_ReadOutputData
                0x00000000080034dc                GPIO_SetBits
                0x00000000080034f8                GPIO_ResetBits
                0x0000000008003514                GPIO_WriteBit
                0x0000000008003544                GPIO_Write
                0x0000000008003560                GPIO_ToggleBits
                0x0000000008003584                GPIO_PinAFConfig
 .text          0x0000000008003614      0xc74 /home/jon/dev_src/Reed-Solomon-Packed/build/stm32f4xx_rcc.o
                0x0000000008003614                RCC_DeInit
                0x0000000008003684                RCC_HSEConfig
                0x00000000080036a8                RCC_WaitForHSEStartUp
                0x00000000080036f8                RCC_AdjustHSICalibrationValue
                0x0000000008003734                RCC_HSICmd
                0x0000000008003754                RCC_LSEConfig
                0x0000000008003794                RCC_LSICmd
                0x00000000080037b4                RCC_PLLConfig
                0x00000000080037f0                RCC_PLLCmd
                0x0000000008003810                RCC_PLLI2SConfig
                0x0000000008003838                RCC_PLLI2SCmd
                0x0000000008003858                RCC_PLLSAIConfig
                0x0000000008003888                RCC_PLLSAICmd
                0x00000000080038a8                RCC_ClockSecuritySystemCmd
                0x00000000080038c8                RCC_MCO1Config
                0x0000000008003904                RCC_MCO2Config
                0x0000000008003940                RCC_SYSCLKConfig
                0x0000000008003978                RCC_GetSYSCLKSource
                0x0000000008003998                RCC_HCLKConfig
                0x00000000080039d0                RCC_PCLK1Config
                0x0000000008003a08                RCC_PCLK2Config
                0x0000000008003a40                RCC_GetClocksFreq
                0x0000000008003b94                RCC_RTCCLKConfig
                0x0000000008003bf0                RCC_RTCCLKCmd
                0x0000000008003c10                RCC_BackupResetCmd
                0x0000000008003c30                RCC_I2SCLKConfig
                0x0000000008003c4c                RCC_SAIBlockACLKConfig
                0x0000000008003c88                RCC_SAIBlockBCLKConfig
                0x0000000008003cc4                RCC_SAIPLLI2SClkDivConfig
                0x0000000008003d00                RCC_SAIPLLSAIClkDivConfig
                0x0000000008003d40                RCC_LTDCCLKDivConfig
                0x0000000008003d7c                RCC_TIMCLKPresConfig
                0x0000000008003d98                RCC_AHB1PeriphClockCmd
                0x0000000008003dd4                RCC_AHB2PeriphClockCmd
                0x0000000008003e10                RCC_AHB3PeriphClockCmd
                0x0000000008003e4c                RCC_APB1PeriphClockCmd
                0x0000000008003e88                RCC_APB2PeriphClockCmd
                0x0000000008003ec4                RCC_AHB1PeriphResetCmd
                0x0000000008003f00                RCC_AHB2PeriphResetCmd
                0x0000000008003f3c                RCC_AHB3PeriphResetCmd
                0x0000000008003f78                RCC_APB1PeriphResetCmd
                0x0000000008003fb4                RCC_APB2PeriphResetCmd
                0x0000000008003ff0                RCC_AHB1PeriphClockLPModeCmd
                0x000000000800402c                RCC_AHB2PeriphClockLPModeCmd
                0x0000000008004068                RCC_AHB3PeriphClockLPModeCmd
                0x00000000080040a4                RCC_APB1PeriphClockLPModeCmd
                0x00000000080040e0                RCC_APB2PeriphClockLPModeCmd
                0x000000000800411c                RCC_LSEModeConfig
                0x0000000008004154                RCC_ITConfig
                0x00000000080041a0                RCC_GetFlagStatus
                0x0000000008004214                RCC_ClearFlag
                0x0000000008004230                RCC_GetITStatus
                0x0000000008004268                RCC_ClearITPendingBit
 .text          0x0000000008004288      0x964 /home/jon/dev_src/Reed-Solomon-Packed/build/stm32f4xx_usart.o
                0x0000000008004288                USART_DeInit
                0x000000000800439c                USART_Init
                0x0000000008004514                USART_StructInit
                0x000000000800454c                USART_ClockInit
                0x00000000080045a0                USART_ClockStructInit
                0x00000000080045cc                USART_Cmd
                0x000000000800460c                USART_SetPrescaler
                0x0000000008004644                USART_OverSampling8Cmd
                0x0000000008004688                USART_OneBitMethodCmd
                0x00000000080046c8                USART_SendData
                0x00000000080046ec                USART_ReceiveData
                0x000000000800470c                USART_SetAddress
                0x0000000008004744                USART_ReceiverWakeUpCmd
                0x0000000008004784                USART_WakeUpConfig
                0x00000000080047bc                USART_LINBreakDetectLengthConfig
                0x00000000080047f4                USART_LINCmd
                0x0000000008004834                USART_SendBreak
                0x0000000008004858                USART_HalfDuplexCmd
                0x0000000008004898                USART_SetGuardTime
                0x00000000080048d4                USART_SmartCardCmd
                0x0000000008004914                USART_SmartCardNACKCmd
                0x0000000008004954                USART_IrDAConfig
                0x000000000800498c                USART_IrDACmd
                0x00000000080049cc                USART_DMACmd
                0x0000000008004a14                USART_ITConfig
                0x0000000008004aa4                USART_GetFlagStatus
                0x0000000008004adc                USART_ClearFlag
                0x0000000008004afc                USART_GetITStatus
                0x0000000008004bb4                USART_ClearITPendingBit
 .text          0x0000000008004bec      0x158 /home/jon/dev_src/Reed-Solomon-Packed/build/stm32f4xx_rng.o
                0x0000000008004bec                RNG_DeInit
                0x0000000008004c04                RNG_Cmd
                0x0000000008004c3c                RNG_GetRandomNumber
                0x0000000008004c54                RNG_ITConfig
                0x0000000008004c8c                RNG_GetFlagStatus
                0x0000000008004cc4                RNG_ClearFlag
                0x0000000008004ce8                RNG_GetITStatus
                0x0000000008004d20                RNG_ClearITPendingBit
 .text          0x0000000008004d44        0x0 /usr/bin/../lib/gcc/arm-none-eabi/4.9.3/../../../../arm-none-eabi/lib/armv7e-m/fpu/libg.a(lib_a-errno.o)
 .text          0x0000000008004d44        0x0 /usr/bin/../lib/gcc/arm-none-eabi/4.9.3/../../../../arm-none-eabi/lib/armv7e-m/fpu/libg.a(lib_a-exit.o)
 .text          0x0000000008004d44        0x0 /usr/bin/../lib/gcc/arm-none-eabi/4.9.3/../../../../arm-none-eabi/lib/armv7e-m/fpu/libg.a(lib_a-impure.o)
 .text          0x0000000008004d44        0x0 /usr/bin/../lib/gcc/arm-none-eabi/4.9.3/../../../../arm-none-eabi/lib/armv7e-m/fpu/libg.a(lib_a-init.o)
 .text          0x0000000008004d44      0x134 /usr/bin/../lib/gcc/arm-none-eabi/4.9.3/../../../../arm-none-eabi/lib/armv7e-m/fpu/libg.a(lib_a-memcpy.o)
                0x0000000008004d44                memcpy
 .text          0x0000000008004e78        0x0 /usr/bin/../lib/gcc/arm-none-eabi/4.9.3/../../../../arm-none-eabi/lib/armv7e-m/fpu/libg.a(lib_a-memmove.o)
 .text          0x0000000008004e78        0x0 /usr/bin/../lib/gcc/arm-none-eabi/4.9.3/../../../../arm-none-eabi/lib/armv7e-m/fpu/libg.a(lib_a-memset.o)
 .text          0x0000000008004e78        0x0 /usr/bin/../lib/gcc/arm-none-eabi/4.9.3/../../../../arm-none-eabi/lib/armv7e-m/fpu/libg.a(lib_a-printf.o)
 .text          0x0000000008004e78        0x0 /usr/bin/../lib/gcc/arm-none-eabi/4.9.3/../../../../arm-none-eabi/lib/armv7e-m/fpu/libg.a(lib_a-puts.o)
 .text          0x0000000008004e78        0x0 /usr/bin/../lib/gcc/arm-none-eabi/4.9.3/../../../../arm-none-eabi/lib/armv7e-m/fpu/libg.a(lib_a-strlen.o)
 .text          0x0000000008004e78        0x0 /usr/bin/../lib/gcc/arm-none-eabi/4.9.3/../../../../arm-none-eabi/lib/armv7e-m/fpu/libg.a(lib_a-vfprintf.o)
 .text          0x0000000008004e78        0x0 /usr/bin/../lib/gcc/arm-none-eabi/4.9.3/../../../../arm-none-eabi/lib/armv7e-m/fpu/libg.a(lib_a-wsetup.o)
 .text          0x0000000008004e78        0x0 /usr/bin/../lib/gcc/arm-none-eabi/4.9.3/../../../../arm-none-eabi/lib/armv7e-m/fpu/libg.a(lib_a-__call_atexit.o)
 .text          0x0000000008004e78        0x0 /usr/bin/../lib/gcc/arm-none-eabi/4.9.3/../../../../arm-none-eabi/lib/armv7e-m/fpu/libg.a(lib_a-atexit.o)
 .text          0x0000000008004e78        0x0 /usr/bin/../lib/gcc/arm-none-eabi/4.9.3/../../../../arm-none-eabi/lib/armv7e-m/fpu/libg.a(lib_a-dtoa.o)
 .text          0x0000000008004e78        0x0 /usr/bin/../lib/gcc/arm-none-eabi/4.9.3/../../../../arm-none-eabi/lib/armv7e-m/fpu/libg.a(lib_a-fflush.o)
 .text          0x0000000008004e78        0x0 /usr/bin/../lib/gcc/arm-none-eabi/4.9.3/../../../../arm-none-eabi/lib/armv7e-m/fpu/libg.a(lib_a-findfp.o)
 .text          0x0000000008004e78        0x0 /usr/bin/../lib/gcc/arm-none-eabi/4.9.3/../../../../arm-none-eabi/lib/armv7e-m/fpu/libg.a(lib_a-fini.o)
 .text          0x0000000008004e78        0x0 /usr/bin/../lib/gcc/arm-none-eabi/4.9.3/../../../../arm-none-eabi/lib/armv7e-m/fpu/libg.a(lib_a-freer.o)
 .text          0x0000000008004e78        0x0 /usr/bin/../lib/gcc/arm-none-eabi/4.9.3/../../../../arm-none-eabi/lib/armv7e-m/fpu/libg.a(lib_a-fvwrite.o)
 .text          0x0000000008004e78        0x0 /usr/bin/../lib/gcc/arm-none-eabi/4.9.3/../../../../arm-none-eabi/lib/armv7e-m/fpu/libg.a(lib_a-fwalk.o)
 .text          0x0000000008004e78        0x0 /usr/bin/../lib/gcc/arm-none-eabi/4.9.3/../../../../arm-none-eabi/lib/armv7e-m/fpu/libg.a(lib_a-locale.o)
 .text          0x0000000008004e78        0x0 /usr/bin/../lib/gcc/arm-none-eabi/4.9.3/../../../../arm-none-eabi/lib/armv7e-m/fpu/libg.a(lib_a-makebuf.o)
 .text          0x0000000008004e78        0x0 /usr/bin/../lib/gcc/arm-none-eabi/4.9.3/../../../../arm-none-eabi/lib/armv7e-m/fpu/libg.a(lib_a-mallocr.o)
 .text          0x0000000008004e78        0x0 /usr/bin/../lib/gcc/arm-none-eabi/4.9.3/../../../../arm-none-eabi/lib/armv7e-m/fpu/libg.a(lib_a-memchr.o)
 .text          0x0000000008004e78        0x0 /usr/bin/../lib/gcc/arm-none-eabi/4.9.3/../../../../arm-none-eabi/lib/armv7e-m/fpu/libg.a(lib_a-mlock.o)
 .text          0x0000000008004e78        0x0 /usr/bin/../lib/gcc/arm-none-eabi/4.9.3/../../../../arm-none-eabi/lib/armv7e-m/fpu/libg.a(lib_a-mprec.o)
 .text          0x0000000008004e78        0x0 /usr/bin/../lib/gcc/arm-none-eabi/4.9.3/../../../../arm-none-eabi/lib/armv7e-m/fpu/libg.a(lib_a-reallocr.o)
 .text          0x0000000008004e78        0x0 /usr/bin/../lib/gcc/arm-none-eabi/4.9.3/../../../../arm-none-eabi/lib/armv7e-m/fpu/libg.a(lib_a-s_fpclassify.o)
 .text          0x0000000008004e78        0x0 /usr/bin/../lib/gcc/arm-none-eabi/4.9.3/../../../../arm-none-eabi/lib/armv7e-m/fpu/libg.a(lib_a-stdio.o)
 *fill*         0x0000000008004e78        0x8 
 .text          0x0000000008004e80      0x2dc /usr/bin/../lib/gcc/arm-none-eabi/4.9.3/../../../../arm-none-eabi/lib/armv7e-m/fpu/libg.a(lib_a-strcmp.o)
                0x0000000008004e88                strcmp
 .text          0x000000000800515c        0x0 /usr/bin/../lib/gcc/arm-none-eabi/4.9.3/../../../../arm-none-eabi/lib/armv7e-m/fpu/libg.a(lib_a-vfiprintf.o)
 .text          0x000000000800515c        0x0 /usr/bin/../lib/gcc/arm-none-eabi/4.9.3/../../../../arm-none-eabi/lib/armv7e-m/fpu/libg.a(lib_a-__atexit.o)
 .text          0x000000000800515c        0x0 /usr/bin/../lib/gcc/arm-none-eabi/4.9.3/../../../../arm-none-eabi/lib/armv7e-m/fpu/libg.a(lib_a-callocr.o)
 .text          0x000000000800515c        0x0 /usr/bin/../lib/gcc/arm-none-eabi/4.9.3/../../../../arm-none-eabi/lib/armv7e-m/fpu/libg.a(lib_a-fclose.o)
 .text          0x000000000800515c        0x0 /usr/bin/../lib/gcc/arm-none-eabi/4.9.3/../../../../arm-none-eabi/lib/armv7e-m/fpu/libg.a(lib_a-fputwc.o)
 .text          0x000000000800515c        0x0 /usr/bin/../lib/gcc/arm-none-eabi/4.9.3/../../../../arm-none-eabi/lib/armv7e-m/fpu/libg.a(lib_a-wbuf.o)
 .text          0x000000000800515c        0x0 /usr/bin/../lib/gcc/arm-none-eabi/4.9.3/../../../../arm-none-eabi/lib/armv7e-m/fpu/libg.a(lib_a-wcrtomb.o)
 .text          0x000000000800515c        0x0 /usr/bin/../lib/gcc/arm-none-eabi/4.9.3/../../../../arm-none-eabi/lib/armv7e-m/fpu/libg.a(lib_a-wctomb_r.o)
 .text          0x000000000800515c      0x370 /usr/bin/../lib/gcc/arm-none-eabi/4.9.3/armv7e-m/fpu/libgcc.a(_arm_addsubdf3.o)
                0x000000000800515c                __aeabi_drsub
                0x0000000008005164                __aeabi_dsub
                0x0000000008005164                __subdf3
                0x0000000008005168                __adddf3
                0x0000000008005168                __aeabi_dadd
                0x00000000080053e0                __aeabi_ui2d
                0x00000000080053e0                __floatunsidf
                0x0000000008005400                __floatsidf
                0x0000000008005400                __aeabi_i2d
                0x0000000008005424                __extendsfdf2
                0x0000000008005424                __aeabi_f2d
                0x0000000008005460                __aeabi_ul2d
                0x0000000008005460                __floatundidf
                0x0000000008005470                __floatdidf
                0x0000000008005470                __aeabi_l2d
 .text          0x00000000080054cc      0x424 /usr/bin/../lib/gcc/arm-none-eabi/4.9.3/armv7e-m/fpu/libgcc.a(_arm_muldivdf3.o)
                0x00000000080054cc                __aeabi_dmul
                0x00000000080054cc                __muldf3
                0x0000000008005720                __aeabi_ddiv
                0x0000000008005720                __divdf3
 .text          0x00000000080058f0      0x110 /usr/bin/../lib/gcc/arm-none-eabi/4.9.3/armv7e-m/fpu/libgcc.a(_arm_cmpdf2.o)
                0x00000000080058f0                __gtdf2
                0x00000000080058f0                __gedf2
                0x00000000080058f8                __ltdf2
                0x00000000080058f8                __ledf2
                0x0000000008005900                __cmpdf2
                0x0000000008005900                __eqdf2
                0x0000000008005900                __nedf2
                0x000000000800597c                __aeabi_cdrcmple
                0x000000000800598c                __aeabi_cdcmple
                0x000000000800598c                __aeabi_cdcmpeq
                0x000000000800599c                __aeabi_dcmpeq
                0x00000000080059b0                __aeabi_dcmplt
                0x00000000080059c4                __aeabi_dcmple
                0x00000000080059d8                __aeabi_dcmpge
                0x00000000080059ec                __aeabi_dcmpgt
 .text          0x0000000008005a00       0x50 /usr/bin/../lib/gcc/arm-none-eabi/4.9.3/armv7e-m/fpu/libgcc.a(_arm_fixdfsi.o)
                0x0000000008005a00                __fixdfsi
                0x0000000008005a00                __aeabi_d2iz
 .text          0x0000000008005a50       0x30 /usr/bin/../lib/gcc/arm-none-eabi/4.9.3/armv7e-m/fpu/libgcc.a(_aeabi_uldivmod.o)
                0x0000000008005a50                __aeabi_uldivmod
 .text          0x0000000008005a80       0x60 /usr/bin/../lib/gcc/arm-none-eabi/4.9.3/armv7e-m/fpu/libgcc.a(bpabi.o)
                0x0000000008005a80                __gnu_ldivmod_helper
                0x0000000008005ab0                __gnu_uldivmod_helper
 .text          0x0000000008005ae0        0x4 /usr/bin/../lib/gcc/arm-none-eabi/4.9.3/armv7e-m/fpu/libgcc.a(_dvmd_tls.o)
                0x0000000008005ae0                __aeabi_ldiv0
                0x0000000008005ae0                __aeabi_idiv0
 .text          0x0000000008005ae4      0x29c /usr/bin/../lib/gcc/arm-none-eabi/4.9.3/armv7e-m/fpu/libgcc.a(_divdi3.o)
                0x0000000008005ae4                __divdi3
 .text          0x0000000008005d80      0x26c /usr/bin/../lib/gcc/arm-none-eabi/4.9.3/armv7e-m/fpu/libgcc.a(_udivdi3.o)
                0x0000000008005d80                __udivdi3
 .text          0x0000000008005fec        0x0 /usr/bin/../lib/gcc/arm-none-eabi/4.9.3/armv7e-m/fpu/crtend.o
 .text          0x0000000008005fec        0x0 /usr/bin/../lib/gcc/arm-none-eabi/4.9.3/armv7e-m/fpu/crtn.o
                0x0000000008005fec                _exit = .
 *(.text.Default_Handler)
 .text.Default_Handler
                0x0000000008005fec        0x2 /home/jon/dev_src/Reed-Solomon-Packed/build/startup_stm32f40_41xxx.o
                0x0000000008005fec                RTC_Alarm_IRQHandler
                0x0000000008005fec                HASH_RNG_IRQHandler
                0x0000000008005fec                EXTI2_IRQHandler
                0x0000000008005fec                TIM8_CC_IRQHandler
                0x0000000008005fec                TIM1_CC_IRQHandler
                0x0000000008005fec                DMA2_Stream5_IRQHandler
                0x0000000008005fec                DMA1_Stream5_IRQHandler
                0x0000000008005fec                PVD_IRQHandler
                0x0000000008005fec                SDIO_IRQHandler
                0x0000000008005fec                TAMP_STAMP_IRQHandler
                0x0000000008005fec                CAN2_RX1_IRQHandler
                0x0000000008005fec                EXTI3_IRQHandler
                0x0000000008005fec                TIM8_TRG_COM_TIM14_IRQHandler
                0x0000000008005fec                TIM1_UP_TIM10_IRQHandler
                0x0000000008005fec                TIM8_UP_TIM13_IRQHandler
                0x0000000008005fec                I2C3_ER_IRQHandler
                0x0000000008005fec                EXTI0_IRQHandler
                0x0000000008005fec                I2C2_EV_IRQHandler
                0x0000000008005fec                DMA1_Stream2_IRQHandler
                0x0000000008005fec                CAN1_RX0_IRQHandler
                0x0000000008005fec                FPU_IRQHandler
                0x0000000008005fec                OTG_HS_WKUP_IRQHandler
                0x0000000008005fec                CAN2_SCE_IRQHandler
                0x0000000008005fec                DMA2_Stream2_IRQHandler
                0x0000000008005fec                SPI1_IRQHandler
                0x0000000008005fec                TIM6_DAC_IRQHandler
                0x0000000008005fec                TIM1_BRK_TIM9_IRQHandler
                0x0000000008005fec                DCMI_IRQHandler
                0x0000000008005fec                CAN2_RX0_IRQHandler
                0x0000000008005fec                DMA2_Stream3_IRQHandler
                0x0000000008005fec                USART6_IRQHandler
                0x0000000008005fec                USART3_IRQHandler
                0x0000000008005fec                CRYP_IRQHandler
                0x0000000008005fec                CAN1_RX1_IRQHandler
                0x0000000008005fec                UART5_IRQHandler
                0x0000000008005fec                DMA2_Stream0_IRQHandler
                0x0000000008005fec                TIM4_IRQHandler
                0x0000000008005fec                I2C1_EV_IRQHandler
                0x0000000008005fec                DMA1_Stream6_IRQHandler
                0x0000000008005fec                DMA1_Stream1_IRQHandler
                0x0000000008005fec                UART4_IRQHandler
                0x0000000008005fec                TIM3_IRQHandler
                0x0000000008005fec                RCC_IRQHandler
                0x0000000008005fec                TIM8_BRK_TIM12_IRQHandler
                0x0000000008005fec                Default_Handler
                0x0000000008005fec                EXTI15_10_IRQHandler
                0x0000000008005fec                ADC_IRQHandler
                0x0000000008005fec                DMA1_Stream7_IRQHandler
                0x0000000008005fec                TIM7_IRQHandler
                0x0000000008005fec                CAN2_TX_IRQHandler
                0x0000000008005fec                TIM5_IRQHandler
                0x0000000008005fec                DMA2_Stream7_IRQHandler
                0x0000000008005fec                I2C3_EV_IRQHandler
                0x0000000008005fec                EXTI9_5_IRQHandler
                0x0000000008005fec                RTC_WKUP_IRQHandler
                0x0000000008005fec                ETH_WKUP_IRQHandler
                0x0000000008005fec                SPI2_IRQHandler
                0x0000000008005fec                OTG_HS_EP1_IN_IRQHandler
                0x0000000008005fec                DMA1_Stream0_IRQHandler
                0x0000000008005fec                CAN1_TX_IRQHandler
                0x0000000008005fec                EXTI4_IRQHandler
                0x0000000008005fec                FSMC_IRQHandler
                0x0000000008005fec                ETH_IRQHandler
                0x0000000008005fec                OTG_HS_EP1_OUT_IRQHandler
                0x0000000008005fec                WWDG_IRQHandler
                0x0000000008005fec                TIM2_IRQHandler
                0x0000000008005fec                OTG_FS_WKUP_IRQHandler
                0x0000000008005fec                TIM1_TRG_COM_TIM11_IRQHandler
                0x0000000008005fec                OTG_HS_IRQHandler
                0x0000000008005fec                EXTI1_IRQHandler
                0x0000000008005fec                USART2_IRQHandler
                0x0000000008005fec                I2C2_ER_IRQHandler
                0x0000000008005fec                DMA2_Stream1_IRQHandler
                0x0000000008005fec                CAN1_SCE_IRQHandler
                0x0000000008005fec                FLASH_IRQHandler
                0x0000000008005fec                DMA2_Stream4_IRQHandler
                0x0000000008005fec                USART1_IRQHandler
                0x0000000008005fec                OTG_FS_IRQHandler
                0x0000000008005fec                SPI3_IRQHandler
                0x0000000008005fec                DMA1_Stream4_IRQHandler
                0x0000000008005fec                I2C1_ER_IRQHandler
                0x0000000008005fec                DMA2_Stream6_IRQHandler
                0x0000000008005fec                DMA1_Stream3_IRQHandler
 *(.text*)
 *fill*         0x0000000008005fee        0x2 
 .text.Reset_Handler
                0x0000000008005ff0       0x48 /home/jon/dev_src/Reed-Solomon-Packed/build/startup_stm32f40_41xxx.o
                0x0000000008005ff0                Reset_Handler
 .text.__errno  0x0000000008006038        0xc /usr/bin/../lib/gcc/arm-none-eabi/4.9.3/../../../../arm-none-eabi/lib/armv7e-m/fpu/libg.a(lib_a-errno.o)
                0x0000000008006038                __errno
 .text.exit     0x0000000008006044       0x20 /usr/bin/../lib/gcc/arm-none-eabi/4.9.3/../../../../arm-none-eabi/lib/armv7e-m/fpu/libg.a(lib_a-exit.o)
                0x0000000008006044                exit
 .text.__libc_init_array
                0x0000000008006064       0x50 /usr/bin/../lib/gcc/arm-none-eabi/4.9.3/../../../../arm-none-eabi/lib/armv7e-m/fpu/libg.a(lib_a-init.o)
                0x0000000008006064                __libc_init_array
 .text.memmove  0x00000000080060b4       0xc8 /usr/bin/../lib/gcc/arm-none-eabi/4.9.3/../../../../arm-none-eabi/lib/armv7e-m/fpu/libg.a(lib_a-memmove.o)
                0x00000000080060b4                memmove
 .text.memset   0x000000000800617c       0x9c /usr/bin/../lib/gcc/arm-none-eabi/4.9.3/../../../../arm-none-eabi/lib/armv7e-m/fpu/libg.a(lib_a-memset.o)
                0x000000000800617c                memset
 .text._printf_r
                0x0000000008006218       0x20 /usr/bin/../lib/gcc/arm-none-eabi/4.9.3/../../../../arm-none-eabi/lib/armv7e-m/fpu/libg.a(lib_a-printf.o)
                0x0000000008006218                _printf_r
 .text.printf   0x0000000008006238       0x28 /usr/bin/../lib/gcc/arm-none-eabi/4.9.3/../../../../arm-none-eabi/lib/armv7e-m/fpu/libg.a(lib_a-printf.o)
                0x0000000008006238                printf
 .text._puts_r  0x0000000008006260       0x64 /usr/bin/../lib/gcc/arm-none-eabi/4.9.3/../../../../arm-none-eabi/lib/armv7e-m/fpu/libg.a(lib_a-puts.o)
                0x0000000008006260                _puts_r
 .text.puts     0x00000000080062c4       0x10 /usr/bin/../lib/gcc/arm-none-eabi/4.9.3/../../../../arm-none-eabi/lib/armv7e-m/fpu/libg.a(lib_a-puts.o)
                0x00000000080062c4                puts
 .text.strlen   0x00000000080062d4       0x5c /usr/bin/../lib/gcc/arm-none-eabi/4.9.3/../../../../arm-none-eabi/lib/armv7e-m/fpu/libg.a(lib_a-strlen.o)
                0x00000000080062d4                strlen
 .text._vfprintf_r
                0x0000000008006330     0x1424 /usr/bin/../lib/gcc/arm-none-eabi/4.9.3/../../../../arm-none-eabi/lib/armv7e-m/fpu/libg.a(lib_a-vfprintf.o)
                0x0000000008006330                _vfprintf_r
 .text.vfprintf
                0x0000000008007754       0x18 /usr/bin/../lib/gcc/arm-none-eabi/4.9.3/../../../../arm-none-eabi/lib/armv7e-m/fpu/libg.a(lib_a-vfprintf.o)
                0x0000000008007754                vfprintf
 .text.__sbprintf
                0x000000000800776c       0x78 /usr/bin/../lib/gcc/arm-none-eabi/4.9.3/../../../../arm-none-eabi/lib/armv7e-m/fpu/libg.a(lib_a-vfprintf.o)
 .text.__swsetup_r
                0x00000000080077e4       0xc4 /usr/bin/../lib/gcc/arm-none-eabi/4.9.3/../../../../arm-none-eabi/lib/armv7e-m/fpu/libg.a(lib_a-wsetup.o)
                0x00000000080077e4                __swsetup_r
 .text.startup.register_fini
                0x00000000080078a8       0x14 /usr/bin/../lib/gcc/arm-none-eabi/4.9.3/../../../../arm-none-eabi/lib/armv7e-m/fpu/libg.a(lib_a-__call_atexit.o)
 .text.__call_exitprocs
                0x00000000080078bc       0xd4 /usr/bin/../lib/gcc/arm-none-eabi/4.9.3/../../../../arm-none-eabi/lib/armv7e-m/fpu/libg.a(lib_a-__call_atexit.o)
                0x00000000080078bc                __call_exitprocs
 .text.atexit   0x0000000008007990        0xc /usr/bin/../lib/gcc/arm-none-eabi/4.9.3/../../../../arm-none-eabi/lib/armv7e-m/fpu/libg.a(lib_a-atexit.o)
                0x0000000008007990                atexit
 .text.quorem   0x000000000800799c      0x12c /usr/bin/../lib/gcc/arm-none-eabi/4.9.3/../../../../arm-none-eabi/lib/armv7e-m/fpu/libg.a(lib_a-dtoa.o)
 .text._dtoa_r  0x0000000008007ac8      0xea4 /usr/bin/../lib/gcc/arm-none-eabi/4.9.3/../../../../arm-none-eabi/lib/armv7e-m/fpu/libg.a(lib_a-dtoa.o)
                0x0000000008007ac8                _dtoa_r
 .text.__sflush_r
                0x000000000800896c      0x154 /usr/bin/../lib/gcc/arm-none-eabi/4.9.3/../../../../arm-none-eabi/lib/armv7e-m/fpu/libg.a(lib_a-fflush.o)
                0x000000000800896c                __sflush_r
 .text._fflush_r
                0x0000000008008ac0       0x2c /usr/bin/../lib/gcc/arm-none-eabi/4.9.3/../../../../arm-none-eabi/lib/armv7e-m/fpu/libg.a(lib_a-fflush.o)
                0x0000000008008ac0                _fflush_r
 .text.fflush   0x0000000008008aec       0x24 /usr/bin/../lib/gcc/arm-none-eabi/4.9.3/../../../../arm-none-eabi/lib/armv7e-m/fpu/libg.a(lib_a-fflush.o)
                0x0000000008008aec                fflush
 .text.__fp_lock
                0x0000000008008b10        0x4 /usr/bin/../lib/gcc/arm-none-eabi/4.9.3/../../../../arm-none-eabi/lib/armv7e-m/fpu/libg.a(lib_a-findfp.o)
 .text.__fp_unlock
                0x0000000008008b14        0x4 /usr/bin/../lib/gcc/arm-none-eabi/4.9.3/../../../../arm-none-eabi/lib/armv7e-m/fpu/libg.a(lib_a-findfp.o)
 .text._cleanup_r
                0x0000000008008b18        0xc /usr/bin/../lib/gcc/arm-none-eabi/4.9.3/../../../../arm-none-eabi/lib/armv7e-m/fpu/libg.a(lib_a-findfp.o)
                0x0000000008008b18                _cleanup_r
 .text.__sinit.part.1
                0x0000000008008b24       0xf0 /usr/bin/../lib/gcc/arm-none-eabi/4.9.3/../../../../arm-none-eabi/lib/armv7e-m/fpu/libg.a(lib_a-findfp.o)
 .text.__sfmoreglue
                0x0000000008008c14       0x30 /usr/bin/../lib/gcc/arm-none-eabi/4.9.3/../../../../arm-none-eabi/lib/armv7e-m/fpu/libg.a(lib_a-findfp.o)
                0x0000000008008c14                __sfmoreglue
 .text.__sfp    0x0000000008008c44       0x88 /usr/bin/../lib/gcc/arm-none-eabi/4.9.3/../../../../arm-none-eabi/lib/armv7e-m/fpu/libg.a(lib_a-findfp.o)
                0x0000000008008c44                __sfp
 .text._cleanup
                0x0000000008008ccc       0x14 /usr/bin/../lib/gcc/arm-none-eabi/4.9.3/../../../../arm-none-eabi/lib/armv7e-m/fpu/libg.a(lib_a-findfp.o)
                0x0000000008008ccc                _cleanup
 .text.__sinit  0x0000000008008ce0        0xc /usr/bin/../lib/gcc/arm-none-eabi/4.9.3/../../../../arm-none-eabi/lib/armv7e-m/fpu/libg.a(lib_a-findfp.o)
                0x0000000008008ce0                __sinit
 .text.__sfp_lock_acquire
                0x0000000008008cec        0x4 /usr/bin/../lib/gcc/arm-none-eabi/4.9.3/../../../../arm-none-eabi/lib/armv7e-m/fpu/libg.a(lib_a-findfp.o)
                0x0000000008008cec                __sfp_lock_acquire
 .text.__sfp_lock_release
                0x0000000008008cf0        0x4 /usr/bin/../lib/gcc/arm-none-eabi/4.9.3/../../../../arm-none-eabi/lib/armv7e-m/fpu/libg.a(lib_a-findfp.o)
                0x0000000008008cf0                __sfp_lock_release
 .text.__sinit_lock_acquire
                0x0000000008008cf4        0x4 /usr/bin/../lib/gcc/arm-none-eabi/4.9.3/../../../../arm-none-eabi/lib/armv7e-m/fpu/libg.a(lib_a-findfp.o)
                0x0000000008008cf4                __sinit_lock_acquire
 .text.__sinit_lock_release
                0x0000000008008cf8        0x4 /usr/bin/../lib/gcc/arm-none-eabi/4.9.3/../../../../arm-none-eabi/lib/armv7e-m/fpu/libg.a(lib_a-findfp.o)
                0x0000000008008cf8                __sinit_lock_release
 .text.__fp_lock_all
                0x0000000008008cfc       0x14 /usr/bin/../lib/gcc/arm-none-eabi/4.9.3/../../../../arm-none-eabi/lib/armv7e-m/fpu/libg.a(lib_a-findfp.o)
                0x0000000008008cfc                __fp_lock_all
 .text.__fp_unlock_all
                0x0000000008008d10       0x14 /usr/bin/../lib/gcc/arm-none-eabi/4.9.3/../../../../arm-none-eabi/lib/armv7e-m/fpu/libg.a(lib_a-findfp.o)
                0x0000000008008d10                __fp_unlock_all
 .text.__libc_fini_array
                0x0000000008008d24       0x2c /usr/bin/../lib/gcc/arm-none-eabi/4.9.3/../../../../arm-none-eabi/lib/armv7e-m/fpu/libg.a(lib_a-fini.o)
                0x0000000008008d24                __libc_fini_array
 .text._malloc_trim_r
                0x0000000008008d50       0x9c /usr/bin/../lib/gcc/arm-none-eabi/4.9.3/../../../../arm-none-eabi/lib/armv7e-m/fpu/libg.a(lib_a-freer.o)
                0x0000000008008d50                _malloc_trim_r
 .text._free_r  0x0000000008008dec      0x1b0 /usr/bin/../lib/gcc/arm-none-eabi/4.9.3/../../../../arm-none-eabi/lib/armv7e-m/fpu/libg.a(lib_a-freer.o)
                0x0000000008008dec                _free_r
 .text.__sfvwrite_r
                0x0000000008008f9c      0x318 /usr/bin/../lib/gcc/arm-none-eabi/4.9.3/../../../../arm-none-eabi/lib/armv7e-m/fpu/libg.a(lib_a-fvwrite.o)
                0x0000000008008f9c                __sfvwrite_r
 .text._fwalk   0x00000000080092b4       0x4c /usr/bin/../lib/gcc/arm-none-eabi/4.9.3/../../../../arm-none-eabi/lib/armv7e-m/fpu/libg.a(lib_a-fwalk.o)
                0x00000000080092b4                _fwalk
 .text._fwalk_reent
                0x0000000008009300       0x54 /usr/bin/../lib/gcc/arm-none-eabi/4.9.3/../../../../arm-none-eabi/lib/armv7e-m/fpu/libg.a(lib_a-fwalk.o)
                0x0000000008009300                _fwalk_reent
 .text._setlocale_r
                0x0000000008009354       0x44 /usr/bin/../lib/gcc/arm-none-eabi/4.9.3/../../../../arm-none-eabi/lib/armv7e-m/fpu/libg.a(lib_a-locale.o)
                0x0000000008009354                _setlocale_r
 .text.__locale_charset
                0x0000000008009398        0x8 /usr/bin/../lib/gcc/arm-none-eabi/4.9.3/../../../../arm-none-eabi/lib/armv7e-m/fpu/libg.a(lib_a-locale.o)
                0x0000000008009398                __locale_charset
 .text.__locale_mb_cur_max
                0x00000000080093a0        0xc /usr/bin/../lib/gcc/arm-none-eabi/4.9.3/../../../../arm-none-eabi/lib/armv7e-m/fpu/libg.a(lib_a-locale.o)
                0x00000000080093a0                __locale_mb_cur_max
 .text.__locale_msgcharset
                0x00000000080093ac        0x8 /usr/bin/../lib/gcc/arm-none-eabi/4.9.3/../../../../arm-none-eabi/lib/armv7e-m/fpu/libg.a(lib_a-locale.o)
                0x00000000080093ac                __locale_msgcharset
 .text.__locale_cjk_lang
                0x00000000080093b4        0x4 /usr/bin/../lib/gcc/arm-none-eabi/4.9.3/../../../../arm-none-eabi/lib/armv7e-m/fpu/libg.a(lib_a-locale.o)
                0x00000000080093b4                __locale_cjk_lang
 .text._localeconv_r
                0x00000000080093b8        0x8 /usr/bin/../lib/gcc/arm-none-eabi/4.9.3/../../../../arm-none-eabi/lib/armv7e-m/fpu/libg.a(lib_a-locale.o)
                0x00000000080093b8                _localeconv_r
 .text.setlocale
                0x00000000080093c0       0x10 /usr/bin/../lib/gcc/arm-none-eabi/4.9.3/../../../../arm-none-eabi/lib/armv7e-m/fpu/libg.a(lib_a-locale.o)
                0x00000000080093c0                setlocale
 .text.localeconv
                0x00000000080093d0        0x8 /usr/bin/../lib/gcc/arm-none-eabi/4.9.3/../../../../arm-none-eabi/lib/armv7e-m/fpu/libg.a(lib_a-locale.o)
                0x00000000080093d0                localeconv
 .text.__smakebuf_r
                0x00000000080093d8       0xe0 /usr/bin/../lib/gcc/arm-none-eabi/4.9.3/../../../../arm-none-eabi/lib/armv7e-m/fpu/libg.a(lib_a-makebuf.o)
                0x00000000080093d8                __smakebuf_r
 .text._malloc_r
                0x00000000080094b8      0x524 /usr/bin/../lib/gcc/arm-none-eabi/4.9.3/../../../../arm-none-eabi/lib/armv7e-m/fpu/libg.a(lib_a-mallocr.o)
                0x00000000080094b8                _malloc_r
 .text.memchr   0x00000000080099dc       0x94 /usr/bin/../lib/gcc/arm-none-eabi/4.9.3/../../../../arm-none-eabi/lib/armv7e-m/fpu/libg.a(lib_a-memchr.o)
                0x00000000080099dc                memchr
 .text.__malloc_lock
                0x0000000008009a70        0x4 /usr/bin/../lib/gcc/arm-none-eabi/4.9.3/../../../../arm-none-eabi/lib/armv7e-m/fpu/libg.a(lib_a-mlock.o)
                0x0000000008009a70                __malloc_lock
 .text.__malloc_unlock
                0x0000000008009a74        0x4 /usr/bin/../lib/gcc/arm-none-eabi/4.9.3/../../../../arm-none-eabi/lib/armv7e-m/fpu/libg.a(lib_a-mlock.o)
                0x0000000008009a74                __malloc_unlock
 .text._Balloc  0x0000000008009a78       0x4c /usr/bin/../lib/gcc/arm-none-eabi/4.9.3/../../../../arm-none-eabi/lib/armv7e-m/fpu/libg.a(lib_a-mprec.o)
                0x0000000008009a78                _Balloc
 .text._Bfree   0x0000000008009ac4       0x14 /usr/bin/../lib/gcc/arm-none-eabi/4.9.3/../../../../arm-none-eabi/lib/armv7e-m/fpu/libg.a(lib_a-mprec.o)
                0x0000000008009ac4                _Bfree
 .text.__multadd
                0x0000000008009ad8       0x84 /usr/bin/../lib/gcc/arm-none-eabi/4.9.3/../../../../arm-none-eabi/lib/armv7e-m/fpu/libg.a(lib_a-mprec.o)
                0x0000000008009ad8                __multadd
 .text.__s2b    0x0000000008009b5c       0x98 /usr/bin/../lib/gcc/arm-none-eabi/4.9.3/../../../../arm-none-eabi/lib/armv7e-m/fpu/libg.a(lib_a-mprec.o)
                0x0000000008009b5c                __s2b
 .text.__hi0bits
                0x0000000008009bf4       0x40 /usr/bin/../lib/gcc/arm-none-eabi/4.9.3/../../../../arm-none-eabi/lib/armv7e-m/fpu/libg.a(lib_a-mprec.o)
                0x0000000008009bf4                __hi0bits
 .text.__lo0bits
                0x0000000008009c34       0x5c /usr/bin/../lib/gcc/arm-none-eabi/4.9.3/../../../../arm-none-eabi/lib/armv7e-m/fpu/libg.a(lib_a-mprec.o)
                0x0000000008009c34                __lo0bits
 .text.__i2b    0x0000000008009c90       0x14 /usr/bin/../lib/gcc/arm-none-eabi/4.9.3/../../../../arm-none-eabi/lib/armv7e-m/fpu/libg.a(lib_a-mprec.o)
                0x0000000008009c90                __i2b
 .text.__multiply
                0x0000000008009ca4      0x134 /usr/bin/../lib/gcc/arm-none-eabi/4.9.3/../../../../arm-none-eabi/lib/armv7e-m/fpu/libg.a(lib_a-mprec.o)
                0x0000000008009ca4                __multiply
 .text.__pow5mult
                0x0000000008009dd8       0xa0 /usr/bin/../lib/gcc/arm-none-eabi/4.9.3/../../../../arm-none-eabi/lib/armv7e-m/fpu/libg.a(lib_a-mprec.o)
                0x0000000008009dd8                __pow5mult
 .text.__lshift
                0x0000000008009e78       0xac /usr/bin/../lib/gcc/arm-none-eabi/4.9.3/../../../../arm-none-eabi/lib/armv7e-m/fpu/libg.a(lib_a-mprec.o)
                0x0000000008009e78                __lshift
 .text.__mcmp   0x0000000008009f24       0x48 /usr/bin/../lib/gcc/arm-none-eabi/4.9.3/../../../../arm-none-eabi/lib/armv7e-m/fpu/libg.a(lib_a-mprec.o)
                0x0000000008009f24                __mcmp
 .text.__mdiff  0x0000000008009f6c       0xd4 /usr/bin/../lib/gcc/arm-none-eabi/4.9.3/../../../../arm-none-eabi/lib/armv7e-m/fpu/libg.a(lib_a-mprec.o)
                0x0000000008009f6c                __mdiff
 .text.__ulp    0x000000000800a040       0x50 /usr/bin/../lib/gcc/arm-none-eabi/4.9.3/../../../../arm-none-eabi/lib/armv7e-m/fpu/libg.a(lib_a-mprec.o)
                0x000000000800a040                __ulp
 .text.__b2d    0x000000000800a090       0xc4 /usr/bin/../lib/gcc/arm-none-eabi/4.9.3/../../../../arm-none-eabi/lib/armv7e-m/fpu/libg.a(lib_a-mprec.o)
                0x000000000800a090                __b2d
 .text.__d2b    0x000000000800a154       0xbc /usr/bin/../lib/gcc/arm-none-eabi/4.9.3/../../../../arm-none-eabi/lib/armv7e-m/fpu/libg.a(lib_a-mprec.o)
                0x000000000800a154                __d2b
 .text.__ratio  0x000000000800a210       0x60 /usr/bin/../lib/gcc/arm-none-eabi/4.9.3/../../../../arm-none-eabi/lib/armv7e-m/fpu/libg.a(lib_a-mprec.o)
                0x000000000800a210                __ratio
 .text._mprec_log10
                0x000000000800a270       0x38 /usr/bin/../lib/gcc/arm-none-eabi/4.9.3/../../../../arm-none-eabi/lib/armv7e-m/fpu/libg.a(lib_a-mprec.o)
                0x000000000800a270                _mprec_log10
 .text.__copybits
                0x000000000800a2a8       0x48 /usr/bin/../lib/gcc/arm-none-eabi/4.9.3/../../../../arm-none-eabi/lib/armv7e-m/fpu/libg.a(lib_a-mprec.o)
                0x000000000800a2a8                __copybits
 .text.__any_on
                0x000000000800a2f0       0x60 /usr/bin/../lib/gcc/arm-none-eabi/4.9.3/../../../../arm-none-eabi/lib/armv7e-m/fpu/libg.a(lib_a-mprec.o)
                0x000000000800a2f0                __any_on
 .text._realloc_r
                0x000000000800a350      0x3ec /usr/bin/../lib/gcc/arm-none-eabi/4.9.3/../../../../arm-none-eabi/lib/armv7e-m/fpu/libg.a(lib_a-reallocr.o)
                0x000000000800a350                _realloc_r
 .text.__fpclassifyd
                0x000000000800a73c       0x5c /usr/bin/../lib/gcc/arm-none-eabi/4.9.3/../../../../arm-none-eabi/lib/armv7e-m/fpu/libg.a(lib_a-s_fpclassify.o)
                0x000000000800a73c                __fpclassifyd
 .text.__sread  0x000000000800a798       0x24 /usr/bin/../lib/gcc/arm-none-eabi/4.9.3/../../../../arm-none-eabi/lib/armv7e-m/fpu/libg.a(lib_a-stdio.o)
                0x000000000800a798                __sread
 .text.__seofread
                0x000000000800a7bc        0x4 /usr/bin/../lib/gcc/arm-none-eabi/4.9.3/../../../../arm-none-eabi/lib/armv7e-m/fpu/libg.a(lib_a-stdio.o)
                0x000000000800a7bc                __seofread
 .text.__swrite
                0x000000000800a7c0       0x38 /usr/bin/../lib/gcc/arm-none-eabi/4.9.3/../../../../arm-none-eabi/lib/armv7e-m/fpu/libg.a(lib_a-stdio.o)
                0x000000000800a7c0                __swrite
 .text.__sseek  0x000000000800a7f8       0x20 /usr/bin/../lib/gcc/arm-none-eabi/4.9.3/../../../../arm-none-eabi/lib/armv7e-m/fpu/libg.a(lib_a-stdio.o)
                0x000000000800a7f8                __sseek
 .text.__sclose
                0x000000000800a818        0x8 /usr/bin/../lib/gcc/arm-none-eabi/4.9.3/../../../../arm-none-eabi/lib/armv7e-m/fpu/libg.a(lib_a-stdio.o)
                0x000000000800a818                __sclose
 .text.__sprint_r.part.0
                0x000000000800a820       0x78 /usr/bin/../lib/gcc/arm-none-eabi/4.9.3/../../../../arm-none-eabi/lib/armv7e-m/fpu/libg.a(lib_a-vfiprintf.o)
 .text.__sprint_r
                0x000000000800a898       0x18 /usr/bin/../lib/gcc/arm-none-eabi/4.9.3/../../../../arm-none-eabi/lib/armv7e-m/fpu/libg.a(lib_a-vfiprintf.o)
                0x000000000800a898                __sprint_r
 .text._vfiprintf_r
                0x000000000800a8b0      0xc10 /usr/bin/../lib/gcc/arm-none-eabi/4.9.3/../../../../arm-none-eabi/lib/armv7e-m/fpu/libg.a(lib_a-vfiprintf.o)
                0x000000000800a8b0                _vfiprintf_r
 .text.vfiprintf
                0x000000000800b4c0       0x18 /usr/bin/../lib/gcc/arm-none-eabi/4.9.3/../../../../arm-none-eabi/lib/armv7e-m/fpu/libg.a(lib_a-vfiprintf.o)
                0x000000000800b4c0                vfiprintf
 .text.__sbprintf
                0x000000000800b4d8       0x78 /usr/bin/../lib/gcc/arm-none-eabi/4.9.3/../../../../arm-none-eabi/lib/armv7e-m/fpu/libg.a(lib_a-vfiprintf.o)
 .text.__register_exitproc
                0x000000000800b550       0xa4 /usr/bin/../lib/gcc/arm-none-eabi/4.9.3/../../../../arm-none-eabi/lib/armv7e-m/fpu/libg.a(lib_a-__atexit.o)
                0x000000000800b550                __register_exitproc
 .text._calloc_r
                0x000000000800b5f4       0x60 /usr/bin/../lib/gcc/arm-none-eabi/4.9.3/../../../../arm-none-eabi/lib/armv7e-m/fpu/libg.a(lib_a-callocr.o)
                0x000000000800b5f4                _calloc_r
 .text._fclose_r
                0x000000000800b654       0x84 /usr/bin/../lib/gcc/arm-none-eabi/4.9.3/../../../../arm-none-eabi/lib/armv7e-m/fpu/libg.a(lib_a-fclose.o)
                0x000000000800b654                _fclose_r
 .text.fclose   0x000000000800b6d8       0x10 /usr/bin/../lib/gcc/arm-none-eabi/4.9.3/../../../../arm-none-eabi/lib/armv7e-m/fpu/libg.a(lib_a-fclose.o)
                0x000000000800b6d8                fclose
 .text.__fputwc
                0x000000000800b6e8       0xb0 /usr/bin/../lib/gcc/arm-none-eabi/4.9.3/../../../../arm-none-eabi/lib/armv7e-m/fpu/libg.a(lib_a-fputwc.o)
                0x000000000800b6e8                __fputwc
 .text._fputwc_r
                0x000000000800b798       0x24 /usr/bin/../lib/gcc/arm-none-eabi/4.9.3/../../../../arm-none-eabi/lib/armv7e-m/fpu/libg.a(lib_a-fputwc.o)
                0x000000000800b798                _fputwc_r
 .text.fputwc   0x000000000800b7bc       0x28 /usr/bin/../lib/gcc/arm-none-eabi/4.9.3/../../../../arm-none-eabi/lib/armv7e-m/fpu/libg.a(lib_a-fputwc.o)
                0x000000000800b7bc                fputwc
 .text.__swbuf_r
                0x000000000800b7e4       0xa8 /usr/bin/../lib/gcc/arm-none-eabi/4.9.3/../../../../arm-none-eabi/lib/armv7e-m/fpu/libg.a(lib_a-wbuf.o)
                0x000000000800b7e4                __swbuf_r
 .text.__swbuf  0x000000000800b88c       0x10 /usr/bin/../lib/gcc/arm-none-eabi/4.9.3/../../../../arm-none-eabi/lib/armv7e-m/fpu/libg.a(lib_a-wbuf.o)
                0x000000000800b88c                __swbuf
 .text._wcrtomb_r
                0x000000000800b89c       0x54 /usr/bin/../lib/gcc/arm-none-eabi/4.9.3/../../../../arm-none-eabi/lib/armv7e-m/fpu/libg.a(lib_a-wcrtomb.o)
                0x000000000800b89c                _wcrtomb_r
 .text.wcrtomb  0x000000000800b8f0       0x58 /usr/bin/../lib/gcc/arm-none-eabi/4.9.3/../../../../arm-none-eabi/lib/armv7e-m/fpu/libg.a(lib_a-wcrtomb.o)
                0x000000000800b8f0                wcrtomb
 .text.__ascii_wctomb
                0x000000000800b948       0x1c /usr/bin/../lib/gcc/arm-none-eabi/4.9.3/../../../../arm-none-eabi/lib/armv7e-m/fpu/libg.a(lib_a-wctomb_r.o)
                0x000000000800b948                __ascii_wctomb
 .text._wctomb_r
                0x000000000800b964       0x30 /usr/bin/../lib/gcc/arm-none-eabi/4.9.3/../../../../arm-none-eabi/lib/armv7e-m/fpu/libg.a(lib_a-wctomb_r.o)
                0x000000000800b964                _wctomb_r
 *(.glue_7)
 .glue_7        0x0000000000000000        0x0 linker stubs
 *(.glue_7t)
 .glue_7t       0x0000000000000000        0x0 linker stubs
 *(.eh_frame)
 .eh_frame      0x000000000800b994        0x0 /usr/bin/../lib/gcc/arm-none-eabi/4.9.3/armv7e-m/fpu/crtbegin.o
 .eh_frame      0x000000000800b994       0x70 /usr/bin/../lib/gcc/arm-none-eabi/4.9.3/../../../../arm-none-eabi/lib/armv7e-m/fpu/libg.a(lib_a-strcmp.o)
 .eh_frame      0x000000000800ba04        0x4 /usr/bin/../lib/gcc/arm-none-eabi/4.9.3/armv7e-m/fpu/crtend.o
 *(.init)
 .init          0x000000000800ba08        0x4 /usr/bin/../lib/gcc/arm-none-eabi/4.9.3/armv7e-m/fpu/crti.o
                0x000000000800ba08                _init
 .init          0x000000000800ba0c        0x8 /usr/bin/../lib/gcc/arm-none-eabi/4.9.3/armv7e-m/fpu/crtn.o
 *(.fini)
 .fini          0x000000000800ba14        0x4 /usr/bin/../lib/gcc/arm-none-eabi/4.9.3/armv7e-m/fpu/crti.o
                0x000000000800ba14                _fini
 .fini          0x000000000800ba18        0x8 /usr/bin/../lib/gcc/arm-none-eabi/4.9.3/armv7e-m/fpu/crtn.o
                0x000000000800ba20                . = ALIGN (0x4)
                0x000000000800ba20                _etext = .

.vfp11_veneer   0x000000000800ba20        0x0
 .vfp11_veneer  0x0000000000000000        0x0 linker stubs

.v4_bx          0x000000000800ba20        0x0
 .v4_bx         0x0000000000000000        0x0 linker stubs

.iplt           0x000000000800ba20        0x0
 .iplt          0x0000000000000000        0x0 /usr/bin/../lib/gcc/arm-none-eabi/4.9.3/armv7e-m/fpu/crtbegin.o

.rodata         0x000000000800ba20     0x6ad0
                0x000000000800ba20                . = ALIGN (0x4)
 *(.rodata)
 .rodata        0x000000000800ba20       0xd1 /home/jon/dev_src/Reed-Solomon-Packed/build/rs_test.o
 *fill*         0x000000000800baf1        0x3 
 .rodata        0x000000000800baf4     0x3400 /home/jon/dev_src/Reed-Solomon-Packed/build/alpha_to.o
                0x000000000800baf4                alpha_to
 .rodata        0x000000000800eef4       0x22 /home/jon/dev_src/Reed-Solomon-Packed/build/genpoly.o
                0x000000000800eef4                genpoly
 *fill*         0x000000000800ef16        0x2 
 .rodata        0x000000000800ef18     0x3400 /home/jon/dev_src/Reed-Solomon-Packed/build/index_of.o
                0x000000000800ef18                index_of
 *(.rodata*)
 .rodata.str1.4
                0x0000000008012318        0x2 /usr/bin/../lib/gcc/arm-none-eabi/4.9.3/../../../../arm-none-eabi/lib/armv7e-m/fpu/libg.a(lib_a-impure.o)
 *fill*         0x000000000801231a        0x2 
 .rodata._global_impure_ptr
                0x000000000801231c        0x4 /usr/bin/../lib/gcc/arm-none-eabi/4.9.3/../../../../arm-none-eabi/lib/armv7e-m/fpu/libg.a(lib_a-impure.o)
                0x000000000801231c                _global_impure_ptr
 .rodata.str1.4
                0x0000000008012320        0x2 /usr/bin/../lib/gcc/arm-none-eabi/4.9.3/../../../../arm-none-eabi/lib/armv7e-m/fpu/libg.a(lib_a-puts.o)
 *fill*         0x0000000008012322        0x2 
 .rodata.zeroes.6926
                0x0000000008012324       0x10 /usr/bin/../lib/gcc/arm-none-eabi/4.9.3/../../../../arm-none-eabi/lib/armv7e-m/fpu/libg.a(lib_a-vfprintf.o)
 .rodata.str1.4
                0x0000000008012334       0x42 /usr/bin/../lib/gcc/arm-none-eabi/4.9.3/../../../../arm-none-eabi/lib/armv7e-m/fpu/libg.a(lib_a-vfprintf.o)
 *fill*         0x0000000008012376        0x2 
 .rodata.blanks.6925
                0x0000000008012378       0x10 /usr/bin/../lib/gcc/arm-none-eabi/4.9.3/../../../../arm-none-eabi/lib/armv7e-m/fpu/libg.a(lib_a-vfprintf.o)
 .rodata.str1.4
                0x0000000008012388       0x10 /usr/bin/../lib/gcc/arm-none-eabi/4.9.3/../../../../arm-none-eabi/lib/armv7e-m/fpu/libg.a(lib_a-dtoa.o)
                                         0x12 (size before relaxing)
 .rodata.str1.4
                0x0000000008012398        0xc /usr/bin/../lib/gcc/arm-none-eabi/4.9.3/../../../../arm-none-eabi/lib/armv7e-m/fpu/libg.a(lib_a-locale.o)
                                         0x12 (size before relaxing)
 *fill*         0x00000000080123a4        0x4 
 .rodata.__mprec_tens
                0x00000000080123a8       0xc8 /usr/bin/../lib/gcc/arm-none-eabi/4.9.3/../../../../arm-none-eabi/lib/armv7e-m/fpu/libg.a(lib_a-mprec.o)
                0x00000000080123a8                __mprec_tens
 .rodata.p05.5302
                0x0000000008012470        0xc /usr/bin/../lib/gcc/arm-none-eabi/4.9.3/../../../../arm-none-eabi/lib/armv7e-m/fpu/libg.a(lib_a-mprec.o)
 *fill*         0x000000000801247c        0x4 
 .rodata.__mprec_bigtens
                0x0000000008012480       0x28 /usr/bin/../lib/gcc/arm-none-eabi/4.9.3/../../../../arm-none-eabi/lib/armv7e-m/fpu/libg.a(lib_a-mprec.o)
                0x0000000008012480                __mprec_bigtens
 .rodata.__mprec_tinytens
                0x00000000080124a8       0x28 /usr/bin/../lib/gcc/arm-none-eabi/4.9.3/../../../../arm-none-eabi/lib/armv7e-m/fpu/libg.a(lib_a-mprec.o)
                0x00000000080124a8                __mprec_tinytens
 .rodata.zeroes.6869
                0x00000000080124d0       0x10 /usr/bin/../lib/gcc/arm-none-eabi/4.9.3/../../../../arm-none-eabi/lib/armv7e-m/fpu/libg.a(lib_a-vfiprintf.o)
 .rodata.str1.4
                0x0000000000000000       0x2f /usr/bin/../lib/gcc/arm-none-eabi/4.9.3/../../../../arm-none-eabi/lib/armv7e-m/fpu/libg.a(lib_a-vfiprintf.o)
 .rodata.blanks.6868
                0x00000000080124e0       0x10 /usr/bin/../lib/gcc/arm-none-eabi/4.9.3/../../../../arm-none-eabi/lib/armv7e-m/fpu/libg.a(lib_a-vfiprintf.o)
                0x00000000080124f0                . = ALIGN (0x4)

.ARM.extab      0x00000000080124f0        0x0
 *(.ARM.extab* .gnu.linkonce.armextab.*)
 .ARM.extab     0x00000000080124f0        0x0 /usr/bin/../lib/gcc/arm-none-eabi/4.9.3/../../../../arm-none-eabi/lib/armv7e-m/fpu/crt0.o
 .ARM.extab     0x00000000080124f0        0x0 /usr/bin/../lib/gcc/arm-none-eabi/4.9.3/armv7e-m/fpu/libgcc.a(_divdi3.o)
 .ARM.extab     0x00000000080124f0        0x0 /usr/bin/../lib/gcc/arm-none-eabi/4.9.3/armv7e-m/fpu/libgcc.a(_udivdi3.o)

.ARM            0x00000000080124f0        0x8
                0x00000000080124f0                __exidx_start = .
 *(.ARM.exidx*)
 .ARM.exidx     0x00000000080124f0        0x8 /usr/bin/../lib/gcc/arm-none-eabi/4.9.3/../../../../arm-none-eabi/lib/armv7e-m/fpu/crt0.o
 .ARM.exidx     0x00000000080124f8        0x0 /usr/bin/../lib/gcc/arm-none-eabi/4.9.3/armv7e-m/fpu/libgcc.a(_divdi3.o)
                                          0x8 (size before relaxing)
 .ARM.exidx     0x00000000080124f8        0x0 /usr/bin/../lib/gcc/arm-none-eabi/4.9.3/armv7e-m/fpu/libgcc.a(_udivdi3.o)
                                          0x8 (size before relaxing)
                0x00000000080124f8                __exidx_end = .

.rel.dyn        0x00000000080124f8        0x0
 .rel.iplt      0x0000000000000000        0x0 /usr/bin/../lib/gcc/arm-none-eabi/4.9.3/armv7e-m/fpu/crtbegin.o

.preinit_array  0x00000000080124f8        0x0
                0x00000000080124f8                PROVIDE (__preinit_array_start, .)
 *(.preinit_array*)
                0x00000000080124f8                PROVIDE (__preinit_array_end, .)

.init_array     0x00000000080124f8        0x8
                0x00000000080124f8                PROVIDE (__init_array_start, .)
 *(SORT(.init_array.*))
 .init_array.00000
                0x00000000080124f8        0x4 /usr/bin/../lib/gcc/arm-none-eabi/4.9.3/../../../../arm-none-eabi/lib/armv7e-m/fpu/libg.a(lib_a-__call_atexit.o)
 *(.init_array*)
 .init_array    0x00000000080124fc        0x4 /usr/bin/../lib/gcc/arm-none-eabi/4.9.3/armv7e-m/fpu/crtbegin.o
                0x0000000008012500                PROVIDE (__init_array_end, .)

.fini_array     0x0000000008012500        0x4
                0x0000000008012500                PROVIDE (__fini_array_start, .)
 *(SORT(.fini_array.*))
 *(.fini_array*)
 .fini_array    0x0000000008012500        0x4 /usr/bin/../lib/gcc/arm-none-eabi/4.9.3/armv7e-m/fpu/crtbegin.o
                0x0000000008012504                PROVIDE (__fini_array_end, .)
                0x0000000008012504                _sidata = LOADADDR (.data)

.data           0x0000000020000000      0x944 load address 0x0000000008012504
                0x0000000020000000                . = ALIGN (0x4)
                0x0000000020000000                _sdata = .
 *(.data)
 .data          0x0000000020000000        0x0 /usr/bin/../lib/gcc/arm-none-eabi/4.9.3/armv7e-m/fpu/crti.o
 .data          0x0000000020000000        0x4 /usr/bin/../lib/gcc/arm-none-eabi/4.9.3/armv7e-m/fpu/crtbegin.o
                0x0000000020000000                __dso_handle
 .data          0x0000000020000004        0x0 /usr/bin/../lib/gcc/arm-none-eabi/4.9.3/../../../../arm-none-eabi/lib/armv7e-m/fpu/crt0.o
 .data          0x0000000020000004        0x0 /home/jon/dev_src/Reed-Solomon-Packed/build/rs_test.o
 .data          0x0000000020000004        0x0 /home/jon/dev_src/Reed-Solomon-Packed/build/alpha_to.o
 .data          0x0000000020000004        0x0 /home/jon/dev_src/Reed-Solomon-Packed/build/genpoly.o
 .data          0x0000000020000004        0x0 /home/jon/dev_src/Reed-Solomon-Packed/build/index_of.o
 .data          0x0000000020000004        0x0 /home/jon/dev_src/Reed-Solomon-Packed/build/startup_stm32f40_41xxx.o
 .data          0x0000000020000004       0x60 /home/jon/dev_src/Reed-Solomon-Packed/build/stm32f4xx_it.o
                0x0000000020000004                aTxBuffer
                0x0000000020000062                ubNbrOfDataToTransfer
                0x0000000020000063                ubNbrOfDataToRead
 .data          0x0000000020000064       0x14 /home/jon/dev_src/Reed-Solomon-Packed/build/system_stm32f4xx.o
                0x0000000020000064                SystemCoreClock
                0x0000000020000068                AHBPrescTable
 .data          0x0000000020000078        0x0 /home/jon/dev_src/Reed-Solomon-Packed/build/syscall.o
 .data          0x0000000020000078        0x0 /home/jon/dev_src/Reed-Solomon-Packed/build/stm32f4xx_gpio.o
 .data          0x0000000020000078       0x10 /home/jon/dev_src/Reed-Solomon-Packed/build/stm32f4xx_rcc.o
 .data          0x0000000020000088        0x0 /home/jon/dev_src/Reed-Solomon-Packed/build/stm32f4xx_usart.o
 .data          0x0000000020000088        0x0 /home/jon/dev_src/Reed-Solomon-Packed/build/stm32f4xx_rng.o
 .data          0x0000000020000088        0x0 /usr/bin/../lib/gcc/arm-none-eabi/4.9.3/../../../../arm-none-eabi/lib/armv7e-m/fpu/libg.a(lib_a-errno.o)
 .data          0x0000000020000088        0x0 /usr/bin/../lib/gcc/arm-none-eabi/4.9.3/../../../../arm-none-eabi/lib/armv7e-m/fpu/libg.a(lib_a-exit.o)
 .data          0x0000000020000088        0x0 /usr/bin/../lib/gcc/arm-none-eabi/4.9.3/../../../../arm-none-eabi/lib/armv7e-m/fpu/libg.a(lib_a-impure.o)
 .data          0x0000000020000088        0x0 /usr/bin/../lib/gcc/arm-none-eabi/4.9.3/../../../../arm-none-eabi/lib/armv7e-m/fpu/libg.a(lib_a-init.o)
 .data          0x0000000020000088        0x0 /usr/bin/../lib/gcc/arm-none-eabi/4.9.3/../../../../arm-none-eabi/lib/armv7e-m/fpu/libg.a(lib_a-memcpy.o)
 .data          0x0000000020000088        0x0 /usr/bin/../lib/gcc/arm-none-eabi/4.9.3/../../../../arm-none-eabi/lib/armv7e-m/fpu/libg.a(lib_a-memmove.o)
 .data          0x0000000020000088        0x0 /usr/bin/../lib/gcc/arm-none-eabi/4.9.3/../../../../arm-none-eabi/lib/armv7e-m/fpu/libg.a(lib_a-memset.o)
 .data          0x0000000020000088        0x0 /usr/bin/../lib/gcc/arm-none-eabi/4.9.3/../../../../arm-none-eabi/lib/armv7e-m/fpu/libg.a(lib_a-printf.o)
 .data          0x0000000020000088        0x0 /usr/bin/../lib/gcc/arm-none-eabi/4.9.3/../../../../arm-none-eabi/lib/armv7e-m/fpu/libg.a(lib_a-puts.o)
 .data          0x0000000020000088        0x0 /usr/bin/../lib/gcc/arm-none-eabi/4.9.3/../../../../arm-none-eabi/lib/armv7e-m/fpu/libg.a(lib_a-strlen.o)
 .data          0x0000000020000088        0x0 /usr/bin/../lib/gcc/arm-none-eabi/4.9.3/../../../../arm-none-eabi/lib/armv7e-m/fpu/libg.a(lib_a-vfprintf.o)
 .data          0x0000000020000088        0x0 /usr/bin/../lib/gcc/arm-none-eabi/4.9.3/../../../../arm-none-eabi/lib/armv7e-m/fpu/libg.a(lib_a-wsetup.o)
 .data          0x0000000020000088        0x0 /usr/bin/../lib/gcc/arm-none-eabi/4.9.3/../../../../arm-none-eabi/lib/armv7e-m/fpu/libg.a(lib_a-__call_atexit.o)
 .data          0x0000000020000088        0x0 /usr/bin/../lib/gcc/arm-none-eabi/4.9.3/../../../../arm-none-eabi/lib/armv7e-m/fpu/libg.a(lib_a-atexit.o)
 .data          0x0000000020000088        0x0 /usr/bin/../lib/gcc/arm-none-eabi/4.9.3/../../../../arm-none-eabi/lib/armv7e-m/fpu/libg.a(lib_a-dtoa.o)
 .data          0x0000000020000088        0x0 /usr/bin/../lib/gcc/arm-none-eabi/4.9.3/../../../../arm-none-eabi/lib/armv7e-m/fpu/libg.a(lib_a-fflush.o)
 .data          0x0000000020000088        0x0 /usr/bin/../lib/gcc/arm-none-eabi/4.9.3/../../../../arm-none-eabi/lib/armv7e-m/fpu/libg.a(lib_a-findfp.o)
 .data          0x0000000020000088        0x0 /usr/bin/../lib/gcc/arm-none-eabi/4.9.3/../../../../arm-none-eabi/lib/armv7e-m/fpu/libg.a(lib_a-fini.o)
 .data          0x0000000020000088        0x0 /usr/bin/../lib/gcc/arm-none-eabi/4.9.3/../../../../arm-none-eabi/lib/armv7e-m/fpu/libg.a(lib_a-freer.o)
 .data          0x0000000020000088        0x0 /usr/bin/../lib/gcc/arm-none-eabi/4.9.3/../../../../arm-none-eabi/lib/armv7e-m/fpu/libg.a(lib_a-fvwrite.o)
 .data          0x0000000020000088        0x0 /usr/bin/../lib/gcc/arm-none-eabi/4.9.3/../../../../arm-none-eabi/lib/armv7e-m/fpu/libg.a(lib_a-fwalk.o)
 .data          0x0000000020000088        0x0 /usr/bin/../lib/gcc/arm-none-eabi/4.9.3/../../../../arm-none-eabi/lib/armv7e-m/fpu/libg.a(lib_a-locale.o)
 .data          0x0000000020000088        0x0 /usr/bin/../lib/gcc/arm-none-eabi/4.9.3/../../../../arm-none-eabi/lib/armv7e-m/fpu/libg.a(lib_a-makebuf.o)
 .data          0x0000000020000088        0x0 /usr/bin/../lib/gcc/arm-none-eabi/4.9.3/../../../../arm-none-eabi/lib/armv7e-m/fpu/libg.a(lib_a-mallocr.o)
 .data          0x0000000020000088        0x0 /usr/bin/../lib/gcc/arm-none-eabi/4.9.3/../../../../arm-none-eabi/lib/armv7e-m/fpu/libg.a(lib_a-memchr.o)
 .data          0x0000000020000088        0x0 /usr/bin/../lib/gcc/arm-none-eabi/4.9.3/../../../../arm-none-eabi/lib/armv7e-m/fpu/libg.a(lib_a-mlock.o)
 .data          0x0000000020000088        0x0 /usr/bin/../lib/gcc/arm-none-eabi/4.9.3/../../../../arm-none-eabi/lib/armv7e-m/fpu/libg.a(lib_a-mprec.o)
 .data          0x0000000020000088        0x0 /usr/bin/../lib/gcc/arm-none-eabi/4.9.3/../../../../arm-none-eabi/lib/armv7e-m/fpu/libg.a(lib_a-reallocr.o)
 .data          0x0000000020000088        0x0 /usr/bin/../lib/gcc/arm-none-eabi/4.9.3/../../../../arm-none-eabi/lib/armv7e-m/fpu/libg.a(lib_a-s_fpclassify.o)
 .data          0x0000000020000088        0x0 /usr/bin/../lib/gcc/arm-none-eabi/4.9.3/../../../../arm-none-eabi/lib/armv7e-m/fpu/libg.a(lib_a-stdio.o)
 .data          0x0000000020000088        0x0 /usr/bin/../lib/gcc/arm-none-eabi/4.9.3/../../../../arm-none-eabi/lib/armv7e-m/fpu/libg.a(lib_a-strcmp.o)
 .data          0x0000000020000088        0x0 /usr/bin/../lib/gcc/arm-none-eabi/4.9.3/../../../../arm-none-eabi/lib/armv7e-m/fpu/libg.a(lib_a-vfiprintf.o)
 .data          0x0000000020000088        0x0 /usr/bin/../lib/gcc/arm-none-eabi/4.9.3/../../../../arm-none-eabi/lib/armv7e-m/fpu/libg.a(lib_a-__atexit.o)
 .data          0x0000000020000088        0x0 /usr/bin/../lib/gcc/arm-none-eabi/4.9.3/../../../../arm-none-eabi/lib/armv7e-m/fpu/libg.a(lib_a-callocr.o)
 .data          0x0000000020000088        0x0 /usr/bin/../lib/gcc/arm-none-eabi/4.9.3/../../../../arm-none-eabi/lib/armv7e-m/fpu/libg.a(lib_a-fclose.o)
 .data          0x0000000020000088        0x0 /usr/bin/../lib/gcc/arm-none-eabi/4.9.3/../../../../arm-none-eabi/lib/armv7e-m/fpu/libg.a(lib_a-fputwc.o)
 .data          0x0000000020000088        0x0 /usr/bin/../lib/gcc/arm-none-eabi/4.9.3/../../../../arm-none-eabi/lib/armv7e-m/fpu/libg.a(lib_a-wbuf.o)
 .data          0x0000000020000088        0x0 /usr/bin/../lib/gcc/arm-none-eabi/4.9.3/../../../../arm-none-eabi/lib/armv7e-m/fpu/libg.a(lib_a-wcrtomb.o)
 .data          0x0000000020000088        0x0 /usr/bin/../lib/gcc/arm-none-eabi/4.9.3/../../../../arm-none-eabi/lib/armv7e-m/fpu/libg.a(lib_a-wctomb_r.o)
 .data          0x0000000020000088        0x0 /usr/bin/../lib/gcc/arm-none-eabi/4.9.3/armv7e-m/fpu/libgcc.a(_arm_addsubdf3.o)
 .data          0x0000000020000088        0x0 /usr/bin/../lib/gcc/arm-none-eabi/4.9.3/armv7e-m/fpu/libgcc.a(_arm_muldivdf3.o)
 .data          0x0000000020000088        0x0 /usr/bin/../lib/gcc/arm-none-eabi/4.9.3/armv7e-m/fpu/libgcc.a(_arm_cmpdf2.o)
 .data          0x0000000020000088        0x0 /usr/bin/../lib/gcc/arm-none-eabi/4.9.3/armv7e-m/fpu/libgcc.a(_arm_fixdfsi.o)
 .data          0x0000000020000088        0x0 /usr/bin/../lib/gcc/arm-none-eabi/4.9.3/armv7e-m/fpu/libgcc.a(_aeabi_uldivmod.o)
 .data          0x0000000020000088        0x0 /usr/bin/../lib/gcc/arm-none-eabi/4.9.3/armv7e-m/fpu/libgcc.a(bpabi.o)
 .data          0x0000000020000088        0x0 /usr/bin/../lib/gcc/arm-none-eabi/4.9.3/armv7e-m/fpu/libgcc.a(_dvmd_tls.o)
 .data          0x0000000020000088        0x0 /usr/bin/../lib/gcc/arm-none-eabi/4.9.3/armv7e-m/fpu/libgcc.a(_divdi3.o)
 .data          0x0000000020000088        0x0 /usr/bin/../lib/gcc/arm-none-eabi/4.9.3/armv7e-m/fpu/libgcc.a(_udivdi3.o)
 .data          0x0000000020000088        0x0 /usr/bin/../lib/gcc/arm-none-eabi/4.9.3/armv7e-m/fpu/crtend.o
 .data          0x0000000020000088        0x0 /usr/bin/../lib/gcc/arm-none-eabi/4.9.3/armv7e-m/fpu/crtn.o
 *(.data*)
 .data.impure_data
                0x0000000020000088      0x428 /usr/bin/../lib/gcc/arm-none-eabi/4.9.3/../../../../arm-none-eabi/lib/armv7e-m/fpu/libg.a(lib_a-impure.o)
 .data._impure_ptr
                0x00000000200004b0        0x4 /usr/bin/../lib/gcc/arm-none-eabi/4.9.3/../../../../arm-none-eabi/lib/armv7e-m/fpu/libg.a(lib_a-impure.o)
                0x00000000200004b0                _impure_ptr
 .data.lc_message_charset
                0x00000000200004b4       0x20 /usr/bin/../lib/gcc/arm-none-eabi/4.9.3/../../../../arm-none-eabi/lib/armv7e-m/fpu/libg.a(lib_a-locale.o)
 .data.lconv    0x00000000200004d4       0x38 /usr/bin/../lib/gcc/arm-none-eabi/4.9.3/../../../../arm-none-eabi/lib/armv7e-m/fpu/libg.a(lib_a-locale.o)
 .data.lc_ctype_charset
                0x000000002000050c       0x20 /usr/bin/../lib/gcc/arm-none-eabi/4.9.3/../../../../arm-none-eabi/lib/armv7e-m/fpu/libg.a(lib_a-locale.o)
 .data.__mb_cur_max
                0x000000002000052c        0x4 /usr/bin/../lib/gcc/arm-none-eabi/4.9.3/../../../../arm-none-eabi/lib/armv7e-m/fpu/libg.a(lib_a-locale.o)
                0x000000002000052c                __mb_cur_max
 .data.__malloc_av_
                0x0000000020000530      0x408 /usr/bin/../lib/gcc/arm-none-eabi/4.9.3/../../../../arm-none-eabi/lib/armv7e-m/fpu/libg.a(lib_a-mallocr.o)
                0x0000000020000530                __malloc_av_
 .data.__malloc_trim_threshold
                0x0000000020000938        0x4 /usr/bin/../lib/gcc/arm-none-eabi/4.9.3/../../../../arm-none-eabi/lib/armv7e-m/fpu/libg.a(lib_a-mallocr.o)
                0x0000000020000938                __malloc_trim_threshold
 .data.__malloc_sbrk_base
                0x000000002000093c        0x4 /usr/bin/../lib/gcc/arm-none-eabi/4.9.3/../../../../arm-none-eabi/lib/armv7e-m/fpu/libg.a(lib_a-mallocr.o)
                0x000000002000093c                __malloc_sbrk_base
 .data.__wctomb
                0x0000000020000940        0x4 /usr/bin/../lib/gcc/arm-none-eabi/4.9.3/../../../../arm-none-eabi/lib/armv7e-m/fpu/libg.a(lib_a-wctomb_r.o)
                0x0000000020000940                __wctomb
                0x0000000020000944                . = ALIGN (0x4)
                0x0000000020000944                _edata = .
                0x0000000008012e4c                _siccmram = LOADADDR (.ccmram)

.jcr            0x0000000020000944        0x4 load address 0x0000000008012e48
 .jcr           0x0000000020000944        0x0 /usr/bin/../lib/gcc/arm-none-eabi/4.9.3/armv7e-m/fpu/crtbegin.o
 .jcr           0x0000000020000944        0x4 /usr/bin/../lib/gcc/arm-none-eabi/4.9.3/armv7e-m/fpu/crtend.o

.igot.plt       0x0000000020000948        0x0 load address 0x0000000008012e4c
 .igot.plt      0x0000000000000000        0x0 /usr/bin/../lib/gcc/arm-none-eabi/4.9.3/armv7e-m/fpu/crtbegin.o

.ccmram         0x0000000010000000        0x0 load address 0x0000000008012e4c
                0x0000000010000000                . = ALIGN (0x4)
                0x0000000010000000                _sccmram = .
 *(.ccmram)
 *(.ccmram*)
                0x0000000010000000                . = ALIGN (0x4)
                0x0000000010000000                _eccmram = .

.bss            0x0000000020000948       0x84
                0x0000000020000948                . = ALIGN (0x4)
                0x0000000020000948                _sbss = .
                0x0000000020000948                __bss_start__ = _sbss
 *(.bss)
 .bss           0x0000000020000948        0x0 /usr/bin/../lib/gcc/arm-none-eabi/4.9.3/armv7e-m/fpu/crti.o
 .bss           0x0000000020000948       0x1c /usr/bin/../lib/gcc/arm-none-eabi/4.9.3/armv7e-m/fpu/crtbegin.o
 .bss           0x0000000020000964        0x0 /usr/bin/../lib/gcc/arm-none-eabi/4.9.3/../../../../arm-none-eabi/lib/armv7e-m/fpu/crt0.o
 .bss           0x0000000020000964        0x0 /home/jon/dev_src/Reed-Solomon-Packed/build/rs_test.o
 .bss           0x0000000020000964        0x0 /home/jon/dev_src/Reed-Solomon-Packed/build/alpha_to.o
 .bss           0x0000000020000964        0x0 /home/jon/dev_src/Reed-Solomon-Packed/build/genpoly.o
 .bss           0x0000000020000964        0x0 /home/jon/dev_src/Reed-Solomon-Packed/build/index_of.o
 .bss           0x0000000020000964        0x0 /home/jon/dev_src/Reed-Solomon-Packed/build/startup_stm32f40_41xxx.o
 .bss           0x0000000020000964        0x4 /home/jon/dev_src/Reed-Solomon-Packed/build/stm32f4xx_it.o
                0x0000000020000964                ubTxCounter
                0x0000000020000966                uhRxCounter
 .bss           0x0000000020000968        0x0 /home/jon/dev_src/Reed-Solomon-Packed/build/system_stm32f4xx.o
 .bss           0x0000000020000968        0x4 /home/jon/dev_src/Reed-Solomon-Packed/build/syscall.o
 .bss           0x000000002000096c        0x0 /home/jon/dev_src/Reed-Solomon-Packed/build/stm32f4xx_gpio.o
 .bss           0x000000002000096c        0x0 /home/jon/dev_src/Reed-Solomon-Packed/build/stm32f4xx_rcc.o
 .bss           0x000000002000096c        0x0 /home/jon/dev_src/Reed-Solomon-Packed/build/stm32f4xx_usart.o
 .bss           0x000000002000096c        0x0 /home/jon/dev_src/Reed-Solomon-Packed/build/stm32f4xx_rng.o
 .bss           0x000000002000096c        0x0 /usr/bin/../lib/gcc/arm-none-eabi/4.9.3/../../../../arm-none-eabi/lib/armv7e-m/fpu/libg.a(lib_a-errno.o)
 .bss           0x000000002000096c        0x0 /usr/bin/../lib/gcc/arm-none-eabi/4.9.3/../../../../arm-none-eabi/lib/armv7e-m/fpu/libg.a(lib_a-exit.o)
 .bss           0x000000002000096c        0x0 /usr/bin/../lib/gcc/arm-none-eabi/4.9.3/../../../../arm-none-eabi/lib/armv7e-m/fpu/libg.a(lib_a-impure.o)
 .bss           0x000000002000096c        0x0 /usr/bin/../lib/gcc/arm-none-eabi/4.9.3/../../../../arm-none-eabi/lib/armv7e-m/fpu/libg.a(lib_a-init.o)
 .bss           0x000000002000096c        0x0 /usr/bin/../lib/gcc/arm-none-eabi/4.9.3/../../../../arm-none-eabi/lib/armv7e-m/fpu/libg.a(lib_a-memcpy.o)
 .bss           0x000000002000096c        0x0 /usr/bin/../lib/gcc/arm-none-eabi/4.9.3/../../../../arm-none-eabi/lib/armv7e-m/fpu/libg.a(lib_a-memmove.o)
 .bss           0x000000002000096c        0x0 /usr/bin/../lib/gcc/arm-none-eabi/4.9.3/../../../../arm-none-eabi/lib/armv7e-m/fpu/libg.a(lib_a-memset.o)
 .bss           0x000000002000096c        0x0 /usr/bin/../lib/gcc/arm-none-eabi/4.9.3/../../../../arm-none-eabi/lib/armv7e-m/fpu/libg.a(lib_a-printf.o)
 .bss           0x000000002000096c        0x0 /usr/bin/../lib/gcc/arm-none-eabi/4.9.3/../../../../arm-none-eabi/lib/armv7e-m/fpu/libg.a(lib_a-puts.o)
 .bss           0x000000002000096c        0x0 /usr/bin/../lib/gcc/arm-none-eabi/4.9.3/../../../../arm-none-eabi/lib/armv7e-m/fpu/libg.a(lib_a-strlen.o)
 .bss           0x000000002000096c        0x0 /usr/bin/../lib/gcc/arm-none-eabi/4.9.3/../../../../arm-none-eabi/lib/armv7e-m/fpu/libg.a(lib_a-vfprintf.o)
 .bss           0x000000002000096c        0x0 /usr/bin/../lib/gcc/arm-none-eabi/4.9.3/../../../../arm-none-eabi/lib/armv7e-m/fpu/libg.a(lib_a-wsetup.o)
 .bss           0x000000002000096c        0x0 /usr/bin/../lib/gcc/arm-none-eabi/4.9.3/../../../../arm-none-eabi/lib/armv7e-m/fpu/libg.a(lib_a-__call_atexit.o)
 .bss           0x000000002000096c        0x0 /usr/bin/../lib/gcc/arm-none-eabi/4.9.3/../../../../arm-none-eabi/lib/armv7e-m/fpu/libg.a(lib_a-atexit.o)
 .bss           0x000000002000096c        0x0 /usr/bin/../lib/gcc/arm-none-eabi/4.9.3/../../../../arm-none-eabi/lib/armv7e-m/fpu/libg.a(lib_a-dtoa.o)
 .bss           0x000000002000096c        0x0 /usr/bin/../lib/gcc/arm-none-eabi/4.9.3/../../../../arm-none-eabi/lib/armv7e-m/fpu/libg.a(lib_a-fflush.o)
 .bss           0x000000002000096c        0x0 /usr/bin/../lib/gcc/arm-none-eabi/4.9.3/../../../../arm-none-eabi/lib/armv7e-m/fpu/libg.a(lib_a-findfp.o)
 .bss           0x000000002000096c        0x0 /usr/bin/../lib/gcc/arm-none-eabi/4.9.3/../../../../arm-none-eabi/lib/armv7e-m/fpu/libg.a(lib_a-fini.o)
 .bss           0x000000002000096c        0x0 /usr/bin/../lib/gcc/arm-none-eabi/4.9.3/../../../../arm-none-eabi/lib/armv7e-m/fpu/libg.a(lib_a-freer.o)
 .bss           0x000000002000096c        0x0 /usr/bin/../lib/gcc/arm-none-eabi/4.9.3/../../../../arm-none-eabi/lib/armv7e-m/fpu/libg.a(lib_a-fvwrite.o)
 .bss           0x000000002000096c        0x0 /usr/bin/../lib/gcc/arm-none-eabi/4.9.3/../../../../arm-none-eabi/lib/armv7e-m/fpu/libg.a(lib_a-fwalk.o)
 .bss           0x000000002000096c        0x0 /usr/bin/../lib/gcc/arm-none-eabi/4.9.3/../../../../arm-none-eabi/lib/armv7e-m/fpu/libg.a(lib_a-locale.o)
 .bss           0x000000002000096c        0x0 /usr/bin/../lib/gcc/arm-none-eabi/4.9.3/../../../../arm-none-eabi/lib/armv7e-m/fpu/libg.a(lib_a-makebuf.o)
 .bss           0x000000002000096c        0x0 /usr/bin/../lib/gcc/arm-none-eabi/4.9.3/../../../../arm-none-eabi/lib/armv7e-m/fpu/libg.a(lib_a-mallocr.o)
 .bss           0x000000002000096c        0x0 /usr/bin/../lib/gcc/arm-none-eabi/4.9.3/../../../../arm-none-eabi/lib/armv7e-m/fpu/libg.a(lib_a-memchr.o)
 .bss           0x000000002000096c        0x0 /usr/bin/../lib/gcc/arm-none-eabi/4.9.3/../../../../arm-none-eabi/lib/armv7e-m/fpu/libg.a(lib_a-mlock.o)
 .bss           0x000000002000096c        0x0 /usr/bin/../lib/gcc/arm-none-eabi/4.9.3/../../../../arm-none-eabi/lib/armv7e-m/fpu/libg.a(lib_a-mprec.o)
 .bss           0x000000002000096c        0x0 /usr/bin/../lib/gcc/arm-none-eabi/4.9.3/../../../../arm-none-eabi/lib/armv7e-m/fpu/libg.a(lib_a-reallocr.o)
 .bss           0x000000002000096c        0x0 /usr/bin/../lib/gcc/arm-none-eabi/4.9.3/../../../../arm-none-eabi/lib/armv7e-m/fpu/libg.a(lib_a-s_fpclassify.o)
 .bss           0x000000002000096c        0x0 /usr/bin/../lib/gcc/arm-none-eabi/4.9.3/../../../../arm-none-eabi/lib/armv7e-m/fpu/libg.a(lib_a-stdio.o)
 .bss           0x000000002000096c        0x0 /usr/bin/../lib/gcc/arm-none-eabi/4.9.3/../../../../arm-none-eabi/lib/armv7e-m/fpu/libg.a(lib_a-strcmp.o)
 .bss           0x000000002000096c        0x0 /usr/bin/../lib/gcc/arm-none-eabi/4.9.3/../../../../arm-none-eabi/lib/armv7e-m/fpu/libg.a(lib_a-vfiprintf.o)
 .bss           0x000000002000096c        0x0 /usr/bin/../lib/gcc/arm-none-eabi/4.9.3/../../../../arm-none-eabi/lib/armv7e-m/fpu/libg.a(lib_a-__atexit.o)
 .bss           0x000000002000096c        0x0 /usr/bin/../lib/gcc/arm-none-eabi/4.9.3/../../../../arm-none-eabi/lib/armv7e-m/fpu/libg.a(lib_a-callocr.o)
 .bss           0x000000002000096c        0x0 /usr/bin/../lib/gcc/arm-none-eabi/4.9.3/../../../../arm-none-eabi/lib/armv7e-m/fpu/libg.a(lib_a-fclose.o)
 .bss           0x000000002000096c        0x0 /usr/bin/../lib/gcc/arm-none-eabi/4.9.3/../../../../arm-none-eabi/lib/armv7e-m/fpu/libg.a(lib_a-fputwc.o)
 .bss           0x000000002000096c        0x0 /usr/bin/../lib/gcc/arm-none-eabi/4.9.3/../../../../arm-none-eabi/lib/armv7e-m/fpu/libg.a(lib_a-wbuf.o)
 .bss           0x000000002000096c        0x0 /usr/bin/../lib/gcc/arm-none-eabi/4.9.3/../../../../arm-none-eabi/lib/armv7e-m/fpu/libg.a(lib_a-wcrtomb.o)
 .bss           0x000000002000096c        0x0 /usr/bin/../lib/gcc/arm-none-eabi/4.9.3/../../../../arm-none-eabi/lib/armv7e-m/fpu/libg.a(lib_a-wctomb_r.o)
 .bss           0x000000002000096c        0x0 /usr/bin/../lib/gcc/arm-none-eabi/4.9.3/armv7e-m/fpu/libgcc.a(_arm_addsubdf3.o)
 .bss           0x000000002000096c        0x0 /usr/bin/../lib/gcc/arm-none-eabi/4.9.3/armv7e-m/fpu/libgcc.a(_arm_muldivdf3.o)
 .bss           0x000000002000096c        0x0 /usr/bin/../lib/gcc/arm-none-eabi/4.9.3/armv7e-m/fpu/libgcc.a(_arm_cmpdf2.o)
 .bss           0x000000002000096c        0x0 /usr/bin/../lib/gcc/arm-none-eabi/4.9.3/armv7e-m/fpu/libgcc.a(_arm_fixdfsi.o)
 .bss           0x000000002000096c        0x0 /usr/bin/../lib/gcc/arm-none-eabi/4.9.3/armv7e-m/fpu/libgcc.a(_aeabi_uldivmod.o)
 .bss           0x000000002000096c        0x0 /usr/bin/../lib/gcc/arm-none-eabi/4.9.3/armv7e-m/fpu/libgcc.a(bpabi.o)
 .bss           0x000000002000096c        0x0 /usr/bin/../lib/gcc/arm-none-eabi/4.9.3/armv7e-m/fpu/libgcc.a(_dvmd_tls.o)
 .bss           0x000000002000096c        0x0 /usr/bin/../lib/gcc/arm-none-eabi/4.9.3/armv7e-m/fpu/libgcc.a(_divdi3.o)
 .bss           0x000000002000096c        0x0 /usr/bin/../lib/gcc/arm-none-eabi/4.9.3/armv7e-m/fpu/libgcc.a(_udivdi3.o)
 .bss           0x000000002000096c        0x0 /usr/bin/../lib/gcc/arm-none-eabi/4.9.3/armv7e-m/fpu/crtend.o
 .bss           0x000000002000096c        0x0 /usr/bin/../lib/gcc/arm-none-eabi/4.9.3/armv7e-m/fpu/crtn.o
 *(.bss*)
 .bss._PathLocale
                0x000000002000096c        0x4 /usr/bin/../lib/gcc/arm-none-eabi/4.9.3/../../../../arm-none-eabi/lib/armv7e-m/fpu/libg.a(lib_a-locale.o)
                0x000000002000096c                _PathLocale
 .bss.__nlocale_changed
                0x0000000020000970        0x4 /usr/bin/../lib/gcc/arm-none-eabi/4.9.3/../../../../arm-none-eabi/lib/armv7e-m/fpu/libg.a(lib_a-locale.o)
                0x0000000020000970                __nlocale_changed
 .bss.__mlocale_changed
                0x0000000020000974        0x4 /usr/bin/../lib/gcc/arm-none-eabi/4.9.3/../../../../arm-none-eabi/lib/armv7e-m/fpu/libg.a(lib_a-locale.o)
                0x0000000020000974                __mlocale_changed
 .bss.__malloc_max_total_mem
                0x0000000020000978        0x4 /usr/bin/../lib/gcc/arm-none-eabi/4.9.3/../../../../arm-none-eabi/lib/armv7e-m/fpu/libg.a(lib_a-mallocr.o)
                0x0000000020000978                __malloc_max_total_mem
 .bss.__malloc_max_sbrked_mem
                0x000000002000097c        0x4 /usr/bin/../lib/gcc/arm-none-eabi/4.9.3/../../../../arm-none-eabi/lib/armv7e-m/fpu/libg.a(lib_a-mallocr.o)
                0x000000002000097c                __malloc_max_sbrked_mem
 .bss.__malloc_top_pad
                0x0000000020000980        0x4 /usr/bin/../lib/gcc/arm-none-eabi/4.9.3/../../../../arm-none-eabi/lib/armv7e-m/fpu/libg.a(lib_a-mallocr.o)
                0x0000000020000980                __malloc_top_pad
 .bss.__malloc_current_mallinfo
                0x0000000020000984       0x28 /usr/bin/../lib/gcc/arm-none-eabi/4.9.3/../../../../arm-none-eabi/lib/armv7e-m/fpu/libg.a(lib_a-mallocr.o)
                0x0000000020000984                __malloc_current_mallinfo
 *(COMMON)
 COMMON         0x00000000200009ac       0x20 /home/jon/dev_src/Reed-Solomon-Packed/build/stm32f4xx_it.o
                0x00000000200009ac                aRxBuffer
                0x00000000200009cc                . = ALIGN (0x4)
                0x00000000200009cc                _ebss = .
                0x00000000200009cc                __bss_end__ = _ebss

._user_heap_stack
                0x00000000200009cc      0x600
                0x00000000200009cc                . = ALIGN (0x4)
                0x00000000200009cc                PROVIDE (end, .)
                0x00000000200009cc                PROVIDE (_end, .)
                0x0000000020000bcc                . = (. + _Min_Heap_Size)
 *fill*         0x00000000200009cc      0x200 
                0x0000000020000fcc                . = (. + _Min_Stack_Size)
 *fill*         0x0000000020000bcc      0x400 
                0x0000000020000fcc                . = ALIGN (0x4)

/DISCARD/
 libc.a(*)
 libm.a(*)
 libgcc.a(*)

.ARM.attributes
                0x0000000000000000       0x30
 *(.ARM.attributes)
 .ARM.attributes
                0x0000000000000000       0x22 /usr/bin/../lib/gcc/arm-none-eabi/4.9.3/armv7e-m/fpu/crti.o
 .ARM.attributes
                0x0000000000000022       0x34 /usr/bin/../lib/gcc/arm-none-eabi/4.9.3/armv7e-m/fpu/crtbegin.o
 .ARM.attributes
                0x0000000000000056       0x20 /usr/bin/../lib/gcc/arm-none-eabi/4.9.3/../../../../arm-none-eabi/lib/armv7e-m/fpu/crt0.o
 .ARM.attributes
                0x0000000000000076       0x39 /home/jon/dev_src/Reed-Solomon-Packed/build/rs_test.o
 .ARM.attributes
                0x00000000000000af       0x39 /home/jon/dev_src/Reed-Solomon-Packed/build/alpha_to.o
 .ARM.attributes
                0x00000000000000e8       0x39 /home/jon/dev_src/Reed-Solomon-Packed/build/genpoly.o
 .ARM.attributes
                0x0000000000000121       0x39 /home/jon/dev_src/Reed-Solomon-Packed/build/index_of.o
 .ARM.attributes
                0x000000000000015a       0x21 /home/jon/dev_src/Reed-Solomon-Packed/build/startup_stm32f40_41xxx.o
 .ARM.attributes
                0x000000000000017b       0x39 /home/jon/dev_src/Reed-Solomon-Packed/build/stm32f4xx_it.o
 .ARM.attributes
                0x00000000000001b4       0x39 /home/jon/dev_src/Reed-Solomon-Packed/build/system_stm32f4xx.o
 .ARM.attributes
                0x00000000000001ed       0x39 /home/jon/dev_src/Reed-Solomon-Packed/build/syscall.o
 .ARM.attributes
                0x0000000000000226       0x39 /home/jon/dev_src/Reed-Solomon-Packed/build/stm32f4xx_gpio.o
 .ARM.attributes
                0x000000000000025f       0x39 /home/jon/dev_src/Reed-Solomon-Packed/build/stm32f4xx_rcc.o
 .ARM.attributes
                0x0000000000000298       0x39 /home/jon/dev_src/Reed-Solomon-Packed/build/stm32f4xx_usart.o
 .ARM.attributes
                0x00000000000002d1       0x39 /home/jon/dev_src/Reed-Solomon-Packed/build/stm32f4xx_rng.o
 .ARM.attributes
                0x000000000000030a       0x34 /usr/bin/../lib/gcc/arm-none-eabi/4.9.3/../../../../arm-none-eabi/lib/armv7e-m/fpu/libg.a(lib_a-errno.o)
 .ARM.attributes
                0x000000000000033e       0x34 /usr/bin/../lib/gcc/arm-none-eabi/4.9.3/../../../../arm-none-eabi/lib/armv7e-m/fpu/libg.a(lib_a-exit.o)
 .ARM.attributes
                0x0000000000000372       0x34 /usr/bin/../lib/gcc/arm-none-eabi/4.9.3/../../../../arm-none-eabi/lib/armv7e-m/fpu/libg.a(lib_a-impure.o)
 .ARM.attributes
                0x00000000000003a6       0x34 /usr/bin/../lib/gcc/arm-none-eabi/4.9.3/../../../../arm-none-eabi/lib/armv7e-m/fpu/libg.a(lib_a-init.o)
 .ARM.attributes
                0x00000000000003da       0x20 /usr/bin/../lib/gcc/arm-none-eabi/4.9.3/../../../../arm-none-eabi/lib/armv7e-m/fpu/libg.a(lib_a-memcpy.o)
 .ARM.attributes
                0x00000000000003fa       0x34 /usr/bin/../lib/gcc/arm-none-eabi/4.9.3/../../../../arm-none-eabi/lib/armv7e-m/fpu/libg.a(lib_a-memmove.o)
 .ARM.attributes
                0x000000000000042e       0x34 /usr/bin/../lib/gcc/arm-none-eabi/4.9.3/../../../../arm-none-eabi/lib/armv7e-m/fpu/libg.a(lib_a-memset.o)
 .ARM.attributes
                0x0000000000000462       0x34 /usr/bin/../lib/gcc/arm-none-eabi/4.9.3/../../../../arm-none-eabi/lib/armv7e-m/fpu/libg.a(lib_a-printf.o)
 .ARM.attributes
                0x0000000000000496       0x34 /usr/bin/../lib/gcc/arm-none-eabi/4.9.3/../../../../arm-none-eabi/lib/armv7e-m/fpu/libg.a(lib_a-puts.o)
 .ARM.attributes
                0x00000000000004ca       0x34 /usr/bin/../lib/gcc/arm-none-eabi/4.9.3/../../../../arm-none-eabi/lib/armv7e-m/fpu/libg.a(lib_a-strlen.o)
 .ARM.attributes
                0x00000000000004fe       0x34 /usr/bin/../lib/gcc/arm-none-eabi/4.9.3/../../../../arm-none-eabi/lib/armv7e-m/fpu/libg.a(lib_a-vfprintf.o)
 .ARM.attributes
                0x0000000000000532       0x34 /usr/bin/../lib/gcc/arm-none-eabi/4.9.3/../../../../arm-none-eabi/lib/armv7e-m/fpu/libg.a(lib_a-wsetup.o)
 .ARM.attributes
                0x0000000000000566       0x34 /usr/bin/../lib/gcc/arm-none-eabi/4.9.3/../../../../arm-none-eabi/lib/armv7e-m/fpu/libg.a(lib_a-__call_atexit.o)
 .ARM.attributes
                0x000000000000059a       0x34 /usr/bin/../lib/gcc/arm-none-eabi/4.9.3/../../../../arm-none-eabi/lib/armv7e-m/fpu/libg.a(lib_a-atexit.o)
 .ARM.attributes
                0x00000000000005ce       0x34 /usr/bin/../lib/gcc/arm-none-eabi/4.9.3/../../../../arm-none-eabi/lib/armv7e-m/fpu/libg.a(lib_a-dtoa.o)
 .ARM.attributes
                0x0000000000000602       0x34 /usr/bin/../lib/gcc/arm-none-eabi/4.9.3/../../../../arm-none-eabi/lib/armv7e-m/fpu/libg.a(lib_a-fflush.o)
 .ARM.attributes
                0x0000000000000636       0x34 /usr/bin/../lib/gcc/arm-none-eabi/4.9.3/../../../../arm-none-eabi/lib/armv7e-m/fpu/libg.a(lib_a-findfp.o)
 .ARM.attributes
                0x000000000000066a       0x34 /usr/bin/../lib/gcc/arm-none-eabi/4.9.3/../../../../arm-none-eabi/lib/armv7e-m/fpu/libg.a(lib_a-fini.o)
 .ARM.attributes
                0x000000000000069e       0x34 /usr/bin/../lib/gcc/arm-none-eabi/4.9.3/../../../../arm-none-eabi/lib/armv7e-m/fpu/libg.a(lib_a-freer.o)
 .ARM.attributes
                0x00000000000006d2       0x34 /usr/bin/../lib/gcc/arm-none-eabi/4.9.3/../../../../arm-none-eabi/lib/armv7e-m/fpu/libg.a(lib_a-fvwrite.o)
 .ARM.attributes
                0x0000000000000706       0x34 /usr/bin/../lib/gcc/arm-none-eabi/4.9.3/../../../../arm-none-eabi/lib/armv7e-m/fpu/libg.a(lib_a-fwalk.o)
 .ARM.attributes
                0x000000000000073a       0x34 /usr/bin/../lib/gcc/arm-none-eabi/4.9.3/../../../../arm-none-eabi/lib/armv7e-m/fpu/libg.a(lib_a-locale.o)
 .ARM.attributes
                0x000000000000076e       0x34 /usr/bin/../lib/gcc/arm-none-eabi/4.9.3/../../../../arm-none-eabi/lib/armv7e-m/fpu/libg.a(lib_a-makebuf.o)
 .ARM.attributes
                0x00000000000007a2       0x34 /usr/bin/../lib/gcc/arm-none-eabi/4.9.3/../../../../arm-none-eabi/lib/armv7e-m/fpu/libg.a(lib_a-mallocr.o)
 .ARM.attributes
                0x00000000000007d6       0x34 /usr/bin/../lib/gcc/arm-none-eabi/4.9.3/../../../../arm-none-eabi/lib/armv7e-m/fpu/libg.a(lib_a-memchr.o)
 .ARM.attributes
                0x000000000000080a       0x34 /usr/bin/../lib/gcc/arm-none-eabi/4.9.3/../../../../arm-none-eabi/lib/armv7e-m/fpu/libg.a(lib_a-mlock.o)
 .ARM.attributes
                0x000000000000083e       0x34 /usr/bin/../lib/gcc/arm-none-eabi/4.9.3/../../../../arm-none-eabi/lib/armv7e-m/fpu/libg.a(lib_a-mprec.o)
 .ARM.attributes
                0x0000000000000872       0x34 /usr/bin/../lib/gcc/arm-none-eabi/4.9.3/../../../../arm-none-eabi/lib/armv7e-m/fpu/libg.a(lib_a-reallocr.o)
 .ARM.attributes
                0x00000000000008a6       0x34 /usr/bin/../lib/gcc/arm-none-eabi/4.9.3/../../../../arm-none-eabi/lib/armv7e-m/fpu/libg.a(lib_a-s_fpclassify.o)
 .ARM.attributes
                0x00000000000008da       0x34 /usr/bin/../lib/gcc/arm-none-eabi/4.9.3/../../../../arm-none-eabi/lib/armv7e-m/fpu/libg.a(lib_a-stdio.o)
 .ARM.attributes
                0x000000000000090e       0x20 /usr/bin/../lib/gcc/arm-none-eabi/4.9.3/../../../../arm-none-eabi/lib/armv7e-m/fpu/libg.a(lib_a-strcmp.o)
 .ARM.attributes
                0x000000000000092e       0x34 /usr/bin/../lib/gcc/arm-none-eabi/4.9.3/../../../../arm-none-eabi/lib/armv7e-m/fpu/libg.a(lib_a-vfiprintf.o)
 .ARM.attributes
                0x0000000000000962       0x34 /usr/bin/../lib/gcc/arm-none-eabi/4.9.3/../../../../arm-none-eabi/lib/armv7e-m/fpu/libg.a(lib_a-__atexit.o)
 .ARM.attributes
                0x0000000000000996       0x34 /usr/bin/../lib/gcc/arm-none-eabi/4.9.3/../../../../arm-none-eabi/lib/armv7e-m/fpu/libg.a(lib_a-callocr.o)
 .ARM.attributes
                0x00000000000009ca       0x34 /usr/bin/../lib/gcc/arm-none-eabi/4.9.3/../../../../arm-none-eabi/lib/armv7e-m/fpu/libg.a(lib_a-fclose.o)
 .ARM.attributes
                0x00000000000009fe       0x34 /usr/bin/../lib/gcc/arm-none-eabi/4.9.3/../../../../arm-none-eabi/lib/armv7e-m/fpu/libg.a(lib_a-fputwc.o)
 .ARM.attributes
                0x0000000000000a32       0x34 /usr/bin/../lib/gcc/arm-none-eabi/4.9.3/../../../../arm-none-eabi/lib/armv7e-m/fpu/libg.a(lib_a-wbuf.o)
 .ARM.attributes
                0x0000000000000a66       0x34 /usr/bin/../lib/gcc/arm-none-eabi/4.9.3/../../../../arm-none-eabi/lib/armv7e-m/fpu/libg.a(lib_a-wcrtomb.o)
 .ARM.attributes
                0x0000000000000a9a       0x34 /usr/bin/../lib/gcc/arm-none-eabi/4.9.3/../../../../arm-none-eabi/lib/armv7e-m/fpu/libg.a(lib_a-wctomb_r.o)
 .ARM.attributes
                0x0000000000000ace       0x22 /usr/bin/../lib/gcc/arm-none-eabi/4.9.3/armv7e-m/fpu/libgcc.a(_arm_addsubdf3.o)
 .ARM.attributes
                0x0000000000000af0       0x22 /usr/bin/../lib/gcc/arm-none-eabi/4.9.3/armv7e-m/fpu/libgcc.a(_arm_muldivdf3.o)
 .ARM.attributes
                0x0000000000000b12       0x22 /usr/bin/../lib/gcc/arm-none-eabi/4.9.3/armv7e-m/fpu/libgcc.a(_arm_cmpdf2.o)
 .ARM.attributes
                0x0000000000000b34       0x22 /usr/bin/../lib/gcc/arm-none-eabi/4.9.3/armv7e-m/fpu/libgcc.a(_arm_fixdfsi.o)
 .ARM.attributes
                0x0000000000000b56       0x22 /usr/bin/../lib/gcc/arm-none-eabi/4.9.3/armv7e-m/fpu/libgcc.a(_aeabi_uldivmod.o)
 .ARM.attributes
                0x0000000000000b78       0x34 /usr/bin/../lib/gcc/arm-none-eabi/4.9.3/armv7e-m/fpu/libgcc.a(bpabi.o)
 .ARM.attributes
                0x0000000000000bac       0x22 /usr/bin/../lib/gcc/arm-none-eabi/4.9.3/armv7e-m/fpu/libgcc.a(_dvmd_tls.o)
 .ARM.attributes
                0x0000000000000bce       0x34 /usr/bin/../lib/gcc/arm-none-eabi/4.9.3/armv7e-m/fpu/libgcc.a(_divdi3.o)
 .ARM.attributes
                0x0000000000000c02       0x34 /usr/bin/../lib/gcc/arm-none-eabi/4.9.3/armv7e-m/fpu/libgcc.a(_udivdi3.o)
 .ARM.attributes
                0x0000000000000c36       0x34 /usr/bin/../lib/gcc/arm-none-eabi/4.9.3/armv7e-m/fpu/crtend.o
 .ARM.attributes
                0x0000000000000c6a       0x22 /usr/bin/../lib/gcc/arm-none-eabi/4.9.3/armv7e-m/fpu/crtn.o
OUTPUT(rs_test.elf elf32-littlearm)

.debug_info     0x0000000000000000     0x4f5b
 .debug_info    0x0000000000000000     0x17a5 /home/jon/dev_src/Reed-Solomon-Packed/build/rs_test.o
 .debug_info    0x00000000000017a5       0xaf /home/jon/dev_src/Reed-Solomon-Packed/build/alpha_to.o
 .debug_info    0x0000000000001854       0xae /home/jon/dev_src/Reed-Solomon-Packed/build/genpoly.o
 .debug_info    0x0000000000001902       0xaf /home/jon/dev_src/Reed-Solomon-Packed/build/index_of.o
 .debug_info    0x00000000000019b1      0x1eb /home/jon/dev_src/Reed-Solomon-Packed/build/stm32f4xx_it.o
 .debug_info    0x0000000000001b9c      0x5d6 /home/jon/dev_src/Reed-Solomon-Packed/build/system_stm32f4xx.o
 .debug_info    0x0000000000002172      0xd61 /home/jon/dev_src/Reed-Solomon-Packed/build/syscall.o
 .debug_info    0x0000000000002ed3      0x605 /home/jon/dev_src/Reed-Solomon-Packed/build/stm32f4xx_gpio.o
 .debug_info    0x00000000000034d8      0xe42 /home/jon/dev_src/Reed-Solomon-Packed/build/stm32f4xx_rcc.o